Archive member included because of file (symbol)

c:/program files (x86)/atmel/studio/7.0/toolchain/arm/arm-gnu-toolchain/bin/../lib/gcc/arm-none-eabi/4.9.3/../../../../arm-none-eabi/lib/armv6-m\libc.a(lib_a-exit.o)
                              c:/program files (x86)/atmel/studio/7.0/toolchain/arm/arm-gnu-toolchain/bin/../lib/gcc/arm-none-eabi/4.9.3/../../../../arm-none-eabi/lib/armv6-m/crt0.o (exit)
c:/program files (x86)/atmel/studio/7.0/toolchain/arm/arm-gnu-toolchain/bin/../lib/gcc/arm-none-eabi/4.9.3/../../../../arm-none-eabi/lib/armv6-m\libc.a(lib_a-impure.o)
                              c:/program files (x86)/atmel/studio/7.0/toolchain/arm/arm-gnu-toolchain/bin/../lib/gcc/arm-none-eabi/4.9.3/../../../../arm-none-eabi/lib/armv6-m\libc.a(lib_a-exit.o) (_global_impure_ptr)
c:/program files (x86)/atmel/studio/7.0/toolchain/arm/arm-gnu-toolchain/bin/../lib/gcc/arm-none-eabi/4.9.3/../../../../arm-none-eabi/lib/armv6-m\libc.a(lib_a-init.o)
                              c:/program files (x86)/atmel/studio/7.0/toolchain/arm/arm-gnu-toolchain/bin/../lib/gcc/arm-none-eabi/4.9.3/../../../../arm-none-eabi/lib/armv6-m/crt0.o (__libc_init_array)
c:/program files (x86)/atmel/studio/7.0/toolchain/arm/arm-gnu-toolchain/bin/../lib/gcc/arm-none-eabi/4.9.3/../../../../arm-none-eabi/lib/armv6-m\libc.a(lib_a-memcpy.o)
                              usb_samd.o (memcpy)
c:/program files (x86)/atmel/studio/7.0/toolchain/arm/arm-gnu-toolchain/bin/../lib/gcc/arm-none-eabi/4.9.3/../../../../arm-none-eabi/lib/armv6-m\libc.a(lib_a-memset.o)
                              c:/program files (x86)/atmel/studio/7.0/toolchain/arm/arm-gnu-toolchain/bin/../lib/gcc/arm-none-eabi/4.9.3/../../../../arm-none-eabi/lib/armv6-m/crt0.o (memset)
c:/program files (x86)/atmel/studio/7.0/toolchain/arm/arm-gnu-toolchain/bin/../lib/gcc/arm-none-eabi/4.9.3/../../../../arm-none-eabi/lib/armv6-m\libc.a(lib_a-strlen.o)
                              usb.o (strlen)
c:/program files (x86)/atmel/studio/7.0/toolchain/arm/arm-gnu-toolchain/bin/../lib/gcc/arm-none-eabi/4.9.3/../../../../arm-none-eabi/lib/armv6-m\libc.a(lib_a-__call_atexit.o)
                              c:/program files (x86)/atmel/studio/7.0/toolchain/arm/arm-gnu-toolchain/bin/../lib/gcc/arm-none-eabi/4.9.3/../../../../arm-none-eabi/lib/armv6-m\libc.a(lib_a-exit.o) (__call_exitprocs)
c:/program files (x86)/atmel/studio/7.0/toolchain/arm/arm-gnu-toolchain/bin/../lib/gcc/arm-none-eabi/4.9.3/../../../../arm-none-eabi/lib/armv6-m\libc.a(lib_a-atexit.o)
                              c:/program files (x86)/atmel/studio/7.0/toolchain/arm/arm-gnu-toolchain/bin/../lib/gcc/arm-none-eabi/4.9.3/../../../../arm-none-eabi/lib/armv6-m\libc.a(lib_a-__call_atexit.o) (atexit)
c:/program files (x86)/atmel/studio/7.0/toolchain/arm/arm-gnu-toolchain/bin/../lib/gcc/arm-none-eabi/4.9.3/../../../../arm-none-eabi/lib/armv6-m\libc.a(lib_a-fini.o)
                              c:/program files (x86)/atmel/studio/7.0/toolchain/arm/arm-gnu-toolchain/bin/../lib/gcc/arm-none-eabi/4.9.3/../../../../arm-none-eabi/lib/armv6-m\libc.a(lib_a-__call_atexit.o) (__libc_fini_array)
c:/program files (x86)/atmel/studio/7.0/toolchain/arm/arm-gnu-toolchain/bin/../lib/gcc/arm-none-eabi/4.9.3/../../../../arm-none-eabi/lib/armv6-m\libc.a(lib_a-__atexit.o)
                              c:/program files (x86)/atmel/studio/7.0/toolchain/arm/arm-gnu-toolchain/bin/../lib/gcc/arm-none-eabi/4.9.3/../../../../arm-none-eabi/lib/armv6-m\libc.a(lib_a-atexit.o) (__register_exitproc)

Allocating common symbols
Common symbol       size              file

ep0_buf_in          0x40              usb_requests.o
USB_dtype           0x1               usb_samd.o
usbserial_buf_in    0x80              usbserial.o
usb_configuration   0x1               usb_requests.o
usb_ep0_in_size     0x2               usb_requests.o
usb_ep0_in_ptr      0x4               usb_requests.o
usb_setup           0x8               usb_requests.o
ep0_buf_out         0x40              usb_requests.o
usb_endpoints       0xc0              usb.o
usbserial_buf_out   0x40              usbserial.o

Discarded input sections

 .text          0x00000000        0x0 c:/program files (x86)/atmel/studio/7.0/toolchain/arm/arm-gnu-toolchain/bin/../lib/gcc/arm-none-eabi/4.9.3/armv6-m/crti.o
 .data          0x00000000        0x0 c:/program files (x86)/atmel/studio/7.0/toolchain/arm/arm-gnu-toolchain/bin/../lib/gcc/arm-none-eabi/4.9.3/armv6-m/crti.o
 .bss           0x00000000        0x0 c:/program files (x86)/atmel/studio/7.0/toolchain/arm/arm-gnu-toolchain/bin/../lib/gcc/arm-none-eabi/4.9.3/armv6-m/crti.o
 .data          0x00000000        0x4 c:/program files (x86)/atmel/studio/7.0/toolchain/arm/arm-gnu-toolchain/bin/../lib/gcc/arm-none-eabi/4.9.3/armv6-m/crtbegin.o
 .text          0x00000000       0x78 c:/program files (x86)/atmel/studio/7.0/toolchain/arm/arm-gnu-toolchain/bin/../lib/gcc/arm-none-eabi/4.9.3/../../../../arm-none-eabi/lib/armv6-m/crt0.o
[...]
Memory Configuration

Name             Origin             Length             Attributes
rom              0x00000000         0x00040000         xr
ram              0x20000000         0x00008000         xrw
*default*        0x00000000         0xffffffff

Linker script and memory map

LOAD c:/program files (x86)/atmel/studio/7.0/toolchain/arm/arm-gnu-toolchain/bin/../lib/gcc/arm-none-eabi/4.9.3/armv6-m/crti.o
LOAD c:/program files (x86)/atmel/studio/7.0/toolchain/arm/arm-gnu-toolchain/bin/../lib/gcc/arm-none-eabi/4.9.3/armv6-m/crtbegin.o
LOAD c:/program files (x86)/atmel/studio/7.0/toolchain/arm/arm-gnu-toolchain/bin/../lib/gcc/arm-none-eabi/4.9.3/../../../../arm-none-eabi/lib/armv6-m/crt0.o
LOAD SaLPort.o
LOAD usb_samd.o
LOAD usb.o
LOAD usbserial.o
LOAD usb_requests.o
LOAD Device_Startup/startup_samd21.o
LOAD Device_Startup/system_samd21.o
LOAD main.o
START GROUP
LOAD c:/program files (x86)/atmel/studio/7.0/toolchain/arm/arm-gnu-toolchain/bin/../lib/gcc/arm-none-eabi/4.9.3/../../../../arm-none-eabi/lib/armv6-m\libm.a
END GROUP
START GROUP
LOAD c:/program files (x86)/atmel/studio/7.0/toolchain/arm/arm-gnu-toolchain/bin/../lib/gcc/arm-none-eabi/4.9.3/armv6-m\libgcc.a
LOAD c:/program files (x86)/atmel/studio/7.0/toolchain/arm/arm-gnu-toolchain/bin/../lib/gcc/arm-none-eabi/4.9.3/../../../../arm-none-eabi/lib/armv6-m\libc.a
END GROUP
LOAD c:/program files (x86)/atmel/studio/7.0/toolchain/arm/arm-gnu-toolchain/bin/../lib/gcc/arm-none-eabi/4.9.3/armv6-m/crtend.o
LOAD c:/program files (x86)/atmel/studio/7.0/toolchain/arm/arm-gnu-toolchain/bin/../lib/gcc/arm-none-eabi/4.9.3/armv6-m/crtn.o
                0x00002000                STACK_SIZE = DEFINED (STACK_SIZE)?STACK_SIZE:DEFINED (__stack_size__)?__stack_size__:0x2000

.text           0x00000000     0x11d4
                0x00000000                . = ALIGN (0x4)
                0x00000000                _sfixed = .
 *(.vectors .vectors.*)
 .vectors       0x00000000       0xb4 Device_Startup/startup_samd21.o
                0x00000000                exception_table
 *(.text .text.* .gnu.linkonce.t.*)
 .text          0x000000b4       0x60 c:/program files (x86)/atmel/studio/7.0/toolchain/arm/arm-gnu-toolchain/bin/../lib/gcc/arm-none-eabi/4.9.3/armv6-m/crtbegin.o
 .text.usb_reset
                0x00000114       0x50 usb_samd.o
                0x00000114                usb_reset
 .text.usb_init
                0x00000164       0xa0 usb_samd.o
                0x00000164                usb_init
 .text.usb_set_address
                0x00000204       0x10 usb_samd.o
                0x00000204                usb_set_address
 .text.usb_enable_ep
                0x00000214      0x104 usb_samd.o
                0x00000214                usb_enable_ep
 .text.usb_ep_start_out
                0x00000318       0x54 usb_samd.o
                0x00000318                usb_ep_start_out
 .text.usb_ep_start_in
                0x0000036c       0x64 usb_samd.o
                0x0000036c                usb_ep_start_in
 .text.usb_ep_pending
                0x000003d0       0x34 usb_samd.o
                0x000003d0                usb_ep_pending
 .text.usb_ep_handled
                0x00000404       0x30 usb_samd.o
                0x00000404                usb_ep_handled
 .text.usb_ep_out_length
                0x00000434       0x14 usb_samd.o
                0x00000434                usb_ep_out_length
 .text.usb_attach
                0x00000448       0x1c usb_samd.o
                0x00000448                usb_attach
 .text.usb_ep0_out
                0x00000464       0x48 usb_samd.o
                0x00000464                usb_ep0_out
 .text.usb_ep0_in
                0x000004ac       0x50 usb_samd.o
                0x000004ac                usb_ep0_in
 .text.usb_ep0_stall
                0x000004fc       0x10 usb_samd.o
                0x000004fc                usb_ep0_stall
 .text.USB_Handler
                0x0000050c       0xbc usb_samd.o
                0x0000050c                USB_Handler
 .text.samd_serial_number_string_descriptor
                0x000005c8       0x88 usb_samd.o
                0x000005c8                samd_serial_number_string_descriptor
 .text.usb_cb_get_descriptor
                0x00000650       0x84 usb.o
                0x00000650                usb_cb_get_descriptor
 .text.usb_cb_reset
                0x000006d4        0x4 usb.o
                0x000006d4                usb_cb_reset
 .text.usb_cb_set_configuration
                0x000006d8       0x18 usb.o
                0x000006d8                usb_cb_set_configuration
 .text.req_info
                0x000006f0       0x4c usb.o
                0x000006f0                req_info
 .text.req_boot
                0x0000073c       0x18 usb.o
                0x0000073c                req_boot
 .text.usb_cb_control_setup
                0x00000754       0x68 usb.o
                0x00000754                usb_cb_control_setup
 .text.usb_cb_control_in_completion
                0x000007bc        0x4 usb.o
                0x000007bc                usb_cb_control_in_completion
 .text.usb_cb_control_out_completion
                0x000007c0        0x4 usb.o
                0x000007c0                usb_cb_control_out_completion
 .text.usb_cb_completion
                0x000007c4       0x3c usb.o
                0x000007c4                usb_cb_completion
 .text.usb_cb_set_interface
                0x00000800       0x18 usb.o
                0x00000800                usb_cb_set_interface
 .text.usbserial_init
                0x00000818       0x40 usbserial.o
                0x00000818                usbserial_init
 .text.usbserial_out_completion
                0x00000858       0x10 usbserial.o
                0x00000858                usbserial_out_completion
 .text.usbserial_in_completion
                0x00000868        0x4 usbserial.o
                0x00000868                usbserial_in_completion
 .text.usb_ep0_in_multi
                0x0000086c       0x60 usb_requests.o
                0x0000086c                usb_ep0_in_multi
 .text.usb_handle_setup
                0x000008cc      0x160 usb_requests.o
                0x000008cc                usb_handle_setup
 .text.usb_handle_control_out_complete
                0x00000a2c       0x1c usb_requests.o
                0x00000a2c                usb_handle_control_out_complete
 .text.usb_handle_control_in_complete
                0x00000a48       0x44 usb_requests.o
                0x00000a48                usb_handle_control_in_complete
 .text.usb_handle_msft_compatible
                0x00000a8c       0x7c usb_requests.o
                0x00000a8c                usb_handle_msft_compatible
 .text.usb_string_to_descriptor
                0x00000b08       0x40 usb_requests.o
                0x00000b08                usb_string_to_descriptor
 .text.Dummy_Handler
                0x00000b48        0x4 Device_Startup/startup_samd21.o
                0x00000b48                DMAC_Handler
                0x00000b48                HardFault_Handler
                0x00000b48                AC_Handler
                0x00000b48                SysTick_Handler
                0x00000b48                PendSV_Handler
                0x00000b48                NMI_Handler
                0x00000b48                SERCOM1_Handler
                0x00000b48                ADC_Handler
                0x00000b48                TCC1_Handler
                0x00000b48                SERCOM2_Handler
                0x00000b48                TCC0_Handler
                0x00000b48                RTC_Handler
                0x00000b48                EIC_Handler
                0x00000b48                WDT_Handler
                0x00000b48                TC4_Handler
                0x00000b48                TC3_Handler
                0x00000b48                Dummy_Handler
                0x00000b48                PM_Handler
                0x00000b48                SERCOM5_Handler
                0x00000b48                SVC_Handler
                0x00000b48                TCC2_Handler
                0x00000b48                EVSYS_Handler
                0x00000b48                SERCOM3_Handler
                0x00000b48                SERCOM4_Handler
                0x00000b48                I2S_Handler
                0x00000b48                NVMCTRL_Handler
                0x00000b48                SERCOM0_Handler
                0x00000b48                DAC_Handler
                0x00000b48                PTC_Handler
                0x00000b48                TC5_Handler
                0x00000b48                SYSCTRL_Handler
 .text.Reset_Handler
                0x00000b4c       0xf8 Device_Startup/startup_samd21.o
                0x00000b4c                Reset_Handler
 .text.initclocks
                0x00000c44       0xb8 main.o
                0x00000c44                initclocks
 .text.main     0x00000cfc       0x7c main.o
                0x00000cfc                main
 .text.__libc_init_array
                0x00000d78       0x48 c:/program files (x86)/atmel/studio/7.0/toolchain/arm/arm-gnu-toolchain/bin/../lib/gcc/arm-none-eabi/4.9.3/../../../../arm-none-eabi/lib/armv6-m\libc.a(lib_a-init.o)
                0x00000d78                __libc_init_array
 .text.memcpy   0x00000dc0       0x7c c:/program files (x86)/atmel/studio/7.0/toolchain/arm/arm-gnu-toolchain/bin/../lib/gcc/arm-none-eabi/4.9.3/../../../../arm-none-eabi/lib/armv6-m\libc.a(lib_a-memcpy.o)
                0x00000dc0                memcpy
 .text.memset   0x00000e3c       0x8c c:/program files (x86)/atmel/studio/7.0/toolchain/arm/arm-gnu-toolchain/bin/../lib/gcc/arm-none-eabi/4.9.3/../../../../arm-none-eabi/lib/armv6-m\libc.a(lib_a-memset.o)
                0x00000e3c                memset
 .text.strlen   0x00000ec8       0x68 c:/program files (x86)/atmel/studio/7.0/toolchain/arm/arm-gnu-toolchain/bin/../lib/gcc/arm-none-eabi/4.9.3/../../../../arm-none-eabi/lib/armv6-m\libc.a(lib_a-strlen.o)
                0x00000ec8                strlen
 .text.startup.register_fini
                0x00000f30       0x18 c:/program files (x86)/atmel/studio/7.0/toolchain/arm/arm-gnu-toolchain/bin/../lib/gcc/arm-none-eabi/4.9.3/../../../../arm-none-eabi/lib/armv6-m\libc.a(lib_a-__call_atexit.o)
 .text.atexit   0x00000f48       0x10 c:/program files (x86)/atmel/studio/7.0/toolchain/arm/arm-gnu-toolchain/bin/../lib/gcc/arm-none-eabi/4.9.3/../../../../arm-none-eabi/lib/armv6-m\libc.a(lib_a-atexit.o)
                0x00000f48                atexit
 .text.__libc_fini_array
                0x00000f58       0x34 c:/program files (x86)/atmel/studio/7.0/toolchain/arm/arm-gnu-toolchain/bin/../lib/gcc/arm-none-eabi/4.9.3/../../../../arm-none-eabi/lib/armv6-m\libc.a(lib_a-fini.o)
                0x00000f58                __libc_fini_array
 .text.__register_exitproc
                0x00000f8c       0xd4 c:/program files (x86)/atmel/studio/7.0/toolchain/arm/arm-gnu-toolchain/bin/../lib/gcc/arm-none-eabi/4.9.3/../../../../arm-none-eabi/lib/armv6-m\libc.a(lib_a-__atexit.o)
                0x00000f8c                __register_exitproc
 *(.glue_7t)
 .glue_7t       0x00000000        0x0 linker stubs
 *(.glue_7)
 .glue_7        0x00000000        0x0 linker stubs
 *(.rodata .rodata* .gnu.linkonce.r.*)
 .rodata.str1.4
                0x00001060       0x21 usb_samd.o
 *fill*         0x00001081        0x3 
 .rodata        0x00001084       0xcd usb.o
                0x00001084                language_string
                0x00001088                msft_os
                0x0000109c                device_descriptor
                0x000010b0                configuration_descriptor
                0x00001128                msft_compatible
                0x00001150                usb_num_endpoints
 *fill*         0x00001151        0x3 
 .rodata.str1.4
                0x00001154       0x21 usb.o
 *fill*         0x00001175        0x3 
 .rodata        0x00001178       0x30 usb_requests.o
 .rodata.str1.4
                0x000011a8        0x4 c:/program files (x86)/atmel/studio/7.0/toolchain/arm/arm-gnu-toolchain/bin/../lib/gcc/arm-none-eabi/4.9.3/../../../../arm-none-eabi/lib/armv6-m\libc.a(lib_a-impure.o)
                                  0x2 (size before relaxing)
 .rodata._global_impure_ptr
                0x000011ac        0x4 c:/program files (x86)/atmel/studio/7.0/toolchain/arm/arm-gnu-toolchain/bin/../lib/gcc/arm-none-eabi/4.9.3/../../../../arm-none-eabi/lib/armv6-m\libc.a(lib_a-impure.o)
                0x000011ac                _global_impure_ptr
 *(.ARM.extab* .gnu.linkonce.armextab.*)
                0x000011b0                . = ALIGN (0x4)
 *(.init)
 .init          0x000011b0        0x4 c:/program files (x86)/atmel/studio/7.0/toolchain/arm/arm-gnu-toolchain/bin/../lib/gcc/arm-none-eabi/4.9.3/armv6-m/crti.o
                0x000011b0                _init
 .init          0x000011b4        0x8 c:/program files (x86)/atmel/studio/7.0/toolchain/arm/arm-gnu-toolchain/bin/../lib/gcc/arm-none-eabi/4.9.3/armv6-m/crtn.o
                0x000011bc                . = ALIGN (0x4)
                0x000011bc                __preinit_array_start = .
 *(.preinit_array)
                0x000011bc                __preinit_array_end = .
                0x000011bc                . = ALIGN (0x4)
                0x000011bc                __init_array_start = .
 *(SORT(.init_array.*))
 .init_array.00000
                0x000011bc        0x4 c:/program files (x86)/atmel/studio/7.0/toolchain/arm/arm-gnu-toolchain/bin/../lib/gcc/arm-none-eabi/4.9.3/../../../../arm-none-eabi/lib/armv6-m\libc.a(lib_a-__call_atexit.o)
 *(.init_array)
 .init_array    0x000011c0        0x4 c:/program files (x86)/atmel/studio/7.0/toolchain/arm/arm-gnu-toolchain/bin/../lib/gcc/arm-none-eabi/4.9.3/armv6-m/crtbegin.o
                0x000011c4                __init_array_end = .
                0x000011c4                . = ALIGN (0x4)
 *crtbegin.o(.ctors)
 *(EXCLUDE_FILE(*crtend.o) .ctors)
 *(SORT(.ctors.*))
 *crtend.o(.ctors)
                0x000011c4                . = ALIGN (0x4)
 *(.fini)
 .fini          0x000011c4        0x4 c:/program files (x86)/atmel/studio/7.0/toolchain/arm/arm-gnu-toolchain/bin/../lib/gcc/arm-none-eabi/4.9.3/armv6-m/crti.o
                0x000011c4                _fini
 .fini          0x000011c8        0x8 c:/program files (x86)/atmel/studio/7.0/toolchain/arm/arm-gnu-toolchain/bin/../lib/gcc/arm-none-eabi/4.9.3/armv6-m/crtn.o
                0x000011d0                . = ALIGN (0x4)
                0x000011d0                __fini_array_start = .
 *(.fini_array)
 .fini_array    0x000011d0        0x4 c:/program files (x86)/atmel/studio/7.0/toolchain/arm/arm-gnu-toolchain/bin/../lib/gcc/arm-none-eabi/4.9.3/armv6-m/crtbegin.o
 *(SORT(.fini_array.*))
                0x000011d4                __fini_array_end = .
 *crtbegin.o(.dtors)
 *(EXCLUDE_FILE(*crtend.o) .dtors)
 *(SORT(.dtors.*))
 *crtend.o(.dtors)
                0x000011d4                . = ALIGN (0x4)
                0x000011d4                _efixed = .
                0x000011d4                PROVIDE (__exidx_start, .)

.vfp11_veneer   0x000011d4        0x0
 .vfp11_veneer  0x00000000        0x0 linker stubs

.v4_bx          0x000011d4        0x0
 .v4_bx         0x00000000        0x0 linker stubs

.iplt           0x000011d4        0x0
 .iplt          0x00000000        0x0 c:/program files (x86)/atmel/studio/7.0/toolchain/arm/arm-gnu-toolchain/bin/../lib/gcc/arm-none-eabi/4.9.3/armv6-m/crtbegin.o

.eh_frame       0x000011d4        0x0
 .eh_frame      0x000011d4        0x0 c:/program files (x86)/atmel/studio/7.0/toolchain/arm/arm-gnu-toolchain/bin/../lib/gcc/arm-none-eabi/4.9.3/armv6-m/crtbegin.o

.rel.dyn        0x000011d4        0x0
 .rel.iplt      0x00000000        0x0 c:/program files (x86)/atmel/studio/7.0/toolchain/arm/arm-gnu-toolchain/bin/../lib/gcc/arm-none-eabi/4.9.3/armv6-m/crtbegin.o

.jcr            0x000011d4        0x0
 .jcr           0x000011d4        0x0 c:/program files (x86)/atmel/studio/7.0/toolchain/arm/arm-gnu-toolchain/bin/../lib/gcc/arm-none-eabi/4.9.3/armv6-m/crtbegin.o

.igot.plt       0x000011d4        0x0
 .igot.plt      0x00000000        0x0 c:/program files (x86)/atmel/studio/7.0/toolchain/arm/arm-gnu-toolchain/bin/../lib/gcc/arm-none-eabi/4.9.3/armv6-m/crtbegin.o

.ARM.exidx
 *(.ARM.exidx* .gnu.linkonce.armexidx.*)
                0x000011d4                PROVIDE (__exidx_end, .)
                0x000011d4                . = ALIGN (0x4)
                0x000011d4                _etext = .

.relocate       0x20000000      0x428 load address 0x000011d4
                0x20000000                . = ALIGN (0x4)
                0x20000000                _srelocate = .
 *(.ramfunc .ramfunc.*)
 *(.data .data.*)
 .data.impure_data
                0x20000000      0x428 c:/program files (x86)/atmel/studio/7.0/toolchain/arm/arm-gnu-toolchain/bin/../lib/gcc/arm-none-eabi/4.9.3/../../../../arm-none-eabi/lib/armv6-m\libc.a(lib_a-impure.o)
                0x20000428                . = ALIGN (0x4)
                0x20000428                _erelocate = .

.bss            0x20000428      0x230 load address 0x000015fc
                0x20000428                . = ALIGN (0x4)
                0x20000428                _sbss = .
                0x20000428                _szero = .
 *(.bss .bss.*)
 .bss           0x20000428       0x1c c:/program files (x86)/atmel/studio/7.0/toolchain/arm/arm-gnu-toolchain/bin/../lib/gcc/arm-none-eabi/4.9.3/armv6-m/crtbegin.o
 .bss           0x20000444        0x2 usb.o
                0x20000444                altsetting
 .bss           0x20000446        0x2 usbserial.o
                0x20000446                usbserial_active_rx_buf
                0x20000447                usbserial_sending_in
 *(COMMON)
 COMMON         0x20000448       0xc0 usb.o
                0x20000448                usb_endpoints
 COMMON         0x20000508       0xc0 usbserial.o
                0x20000508                usbserial_buf_in
                0x20000588                usbserial_buf_out
 COMMON         0x200005c8       0x90 usb_requests.o
                0x200005c8                ep0_buf_in
                0x20000608                usb_configuration
                0x2000060a                usb_ep0_in_size
                0x2000060c                usb_ep0_in_ptr
                0x20000610                usb_setup
                0x20000618                ep0_buf_out
                0x20000658                . = ALIGN (0x4)
                0x20000658                _ebss = .
                0x20000658                _ezero = .

.stack          0x20000658     0x2000 load address 0x0000182c
                0x20000658                . = ALIGN (0x8)
                0x20000658                _sstack = .
                0x20002658                . = (. + STACK_SIZE)
 *fill*         0x20000658     0x2000 
                0x20002658                . = ALIGN (0x8)
                0x20002658                _estack = .
                0x20002658                . = ALIGN (0x4)
                0x20002658                _end = .
OUTPUT(Samd usbTest.elf elf32-littlearm)

.ARM.attributes
                0x00000000       0x28
 .ARM.attributes
                0x00000000       0x1e c:/program files (x86)/atmel/studio/7.0/toolchain/arm/arm-gnu-toolchain/bin/../lib/gcc/arm-none-eabi/4.9.3/armv6-m/crti.o
 .ARM.attributes
                0x0000001e       0x2c c:/program files (x86)/atmel/studio/7.0/toolchain/arm/arm-gnu-toolchain/bin/../lib/gcc/arm-none-eabi/4.9.3/armv6-m/crtbegin.o
 .ARM.attributes
                0x0000004a       0x32 usb_samd.o
 .ARM.attributes
                0x0000007c       0x32 usb.o
 .ARM.attributes
                0x000000ae       0x32 usbserial.o
 .ARM.attributes
                0x000000e0       0x32 usb_requests.o
 .ARM.attributes
                0x00000112       0x32 Device_Startup/startup_samd21.o
 .ARM.attributes
                0x00000144       0x32 main.o
 .ARM.attributes
                0x00000176       0x2c c:/program files (x86)/atmel/studio/7.0/toolchain/arm/arm-gnu-toolchain/bin/../lib/gcc/arm-none-eabi/4.9.3/../../../../arm-none-eabi/lib/armv6-m\libc.a(lib_a-impure.o)
 .ARM.attributes
                0x000001a2       0x2c c:/program files (x86)/atmel/studio/7.0/toolchain/arm/arm-gnu-toolchain/bin/../lib/gcc/arm-none-eabi/4.9.3/../../../../arm-none-eabi/lib/armv6-m\libc.a(lib_a-init.o)
 .ARM.attributes
                0x000001ce       0x2c c:/program files (x86)/atmel/studio/7.0/toolchain/arm/arm-gnu-toolchain/bin/../lib/gcc/arm-none-eabi/4.9.3/../../../../arm-none-eabi/lib/armv6-m\libc.a(lib_a-memcpy.o)
 .ARM.attributes
                0x000001fa       0x2c c:/program files (x86)/atmel/studio/7.0/toolchain/arm/arm-gnu-toolchain/bin/../lib/gcc/arm-none-eabi/4.9.3/../../../../arm-none-eabi/lib/armv6-m\libc.a(lib_a-memset.o)
 .ARM.attributes
                0x00000226       0x2c c:/program files (x86)/atmel/studio/7.0/toolchain/arm/arm-gnu-toolchain/bin/../lib/gcc/arm-none-eabi/4.9.3/../../../../arm-none-eabi/lib/armv6-m\libc.a(lib_a-strlen.o)
 .ARM.attributes
                0x00000252       0x2c c:/program files (x86)/atmel/studio/7.0/toolchain/arm/arm-gnu-toolchain/bin/../lib/gcc/arm-none-eabi/4.9.3/../../../../arm-none-eabi/lib/armv6-m\libc.a(lib_a-__call_atexit.o)
 .ARM.attributes
                0x0000027e       0x2c c:/program files (x86)/atmel/studio/7.0/toolchain/arm/arm-gnu-toolchain/bin/../lib/gcc/arm-none-eabi/4.9.3/../../../../arm-none-eabi/lib/armv6-m\libc.a(lib_a-atexit.o)
 .ARM.attributes
                0x000002aa       0x2c c:/program files (x86)/atmel/studio/7.0/toolchain/arm/arm-gnu-toolchain/bin/../lib/gcc/arm-none-eabi/4.9.3/../../../../arm-none-eabi/lib/armv6-m\libc.a(lib_a-fini.o)
 .ARM.attributes
                0x000002d6       0x2c c:/program files (x86)/atmel/studio/7.0/toolchain/arm/arm-gnu-toolchain/bin/../lib/gcc/arm-none-eabi/4.9.3/../../../../arm-none-eabi/lib/armv6-m\libc.a(lib_a-__atexit.o)
 .ARM.attributes
                0x00000302       0x1e c:/program files (x86)/atmel/studio/7.0/toolchain/arm/arm-gnu-toolchain/bin/../lib/gcc/arm-none-eabi/4.9.3/armv6-m/crtn.o

.comment        0x00000000       0x5b
 .comment       0x00000000       0x5b usb_samd.o
                                 0x5c (size before relaxing)
 .comment       0x00000000       0x5c usb.o
 .comment       0x00000000       0x5c usbserial.o
 .comment       0x00000000       0x5c usb_requests.o
 .comment       0x00000000       0x5c Device_Startup/startup_samd21.o
 .comment       0x00000000       0x5c main.o

.debug_info     0x00000000     0xb5a5
 .debug_info    0x00000000     0x36de usb_samd.o
 .debug_info    0x000036de      0xe60 usb.o
 .debug_info    0x0000453e      0x351 usbserial.o
 .debug_info    0x0000488f      0x6bb usb_requests.o
 .debug_info    0x00004f4a     0x3a6f Device_Startup/startup_samd21.o
 .debug_info    0x000089b9     0x2bec main.o

.debug_abbrev   0x00000000      0xe17
 .debug_abbrev  0x00000000      0x3d8 usb_samd.o
 .debug_abbrev  0x000003d8      0x2f7 usb.o
 .debug_abbrev  0x000006cf      0x103 usbserial.o
 .debug_abbrev  0x000007d2      0x1ac usb_requests.o
 .debug_abbrev  0x0000097e      0x211 Device_Startup/startup_samd21.o
 .debug_abbrev  0x00000b8f      0x288 main.o

.debug_loc      0x00000000      0xfaf
 .debug_loc     0x00000000      0x752 usb_samd.o
 .debug_loc     0x00000752      0x440 usb.o
 .debug_loc     0x00000b92       0xd5 usbserial.o
 .debug_loc     0x00000c67      0x2b6 usb_requests.o
 .debug_loc     0x00000f1d       0x20 Device_Startup/startup_samd21.o
 .debug_loc     0x00000f3d       0x72 main.o

.debug_aranges  0x00000000      0x220
 .debug_aranges
                0x00000000       0xc0 usb_samd.o
 .debug_aranges
                0x000000c0       0x70 usb.o
 .debug_aranges
                0x00000130       0x58 usbserial.o
 .debug_aranges
                0x00000188       0x48 usb_requests.o
 .debug_aranges
                0x000001d0       0x28 Device_Startup/startup_samd21.o
 .debug_aranges
                0x000001f8       0x28 main.o

.debug_ranges   0x00000000      0x1c0
 .debug_ranges  0x00000000       0xb0 usb_samd.o
 .debug_ranges  0x000000b0       0x60 usb.o
 .debug_ranges  0x00000110       0x48 usbserial.o
 .debug_ranges  0x00000158       0x38 usb_requests.o
 .debug_ranges  0x00000190       0x18 Device_Startup/startup_samd21.o
 .debug_ranges  0x000001a8       0x18 main.o

.debug_macro    0x00000000     0x17e8
 .debug_macro   0x00000000      0x413 usb_samd.o
 .debug_macro   0x00000413       0x10 usb_samd.o
 .debug_macro   0x00000423       0xbe usb_samd.o
 .debug_macro   0x000004e1       0x10 usb_samd.o
 .debug_macro   0x000004f1      0x4f1 usb.o
 .debug_macro   0x000009e2       0x4c usb.o
 .debug_macro   0x00000a2e       0x1c usb.o
 .debug_macro   0x00000a4a       0x40 usb.o
 .debug_macro   0x00000a8a      0x48d usbserial.o
 .debug_macro   0x00000f17       0x3a usbserial.o
 .debug_macro   0x00000f51      0x118 usb_requests.o
 .debug_macro   0x00001069      0x2d6 Device_Startup/startup_samd21.o
 .debug_macro   0x0000133f      0x4a9 main.o

.debug_line     0x00000000     0x2f99
 .debug_line    0x00000000      0xa27 usb_samd.o
 .debug_line    0x00000a27      0x978 usb.o
 .debug_line    0x0000139f      0x8c6 usbserial.o
 .debug_line    0x00001c65      0x38b usb_requests.o
 .debug_line    0x00001ff0      0x6ce Device_Startup/startup_samd21.o
 .debug_line    0x000026be      0x8db main.o

.debug_str      0x00000000    0x6e943
 .debug_str     0x00000000    0x6bbdb usb_samd.o
                              0x6c074 (size before relaxing)
 .debug_str     0x0006bbdb     0x1b0d usb.o
                              0x6cbf5 (size before relaxing)
 .debug_str     0x0006d6e8       0xf5 usbserial.o
                              0x6c0ca (size before relaxing)
 .debug_str     0x0006d7dd      0x1dd usb_requests.o
                               0x5c23 (size before relaxing)
 .debug_str     0x0006d9ba      0x9da Device_Startup/startup_samd21.o
                              0x69669 (size before relaxing)
 .debug_str     0x0006e394      0x5af main.o
                              0x6cd11 (size before relaxing)

.debug_frame    0x00000000      0x628
 .debug_frame   0x00000000      0x1b8 usb_samd.o
 .debug_frame   0x000001b8       0xf0 usb.o
 .debug_frame   0x000002a8       0xc4 usbserial.o
 .debug_frame   0x0000036c       0xac usb_requests.o
 .debug_frame   0x00000418       0x3c Device_Startup/startup_samd21.o
 .debug_frame   0x00000454       0x44 main.o
 .debug_frame   0x00000498       0x2c c:/program files (x86)/atmel/studio/7.0/toolchain/arm/arm-gnu-toolchain/bin/../lib/gcc/arm-none-eabi/4.9.3/../../../../arm-none-eabi/lib/armv6-m\libc.a(lib_a-init.o)
 .debug_frame   0x000004c4       0x2c c:/program files (x86)/atmel/studio/7.0/toolchain/arm/arm-gnu-toolchain/bin/../lib/gcc/arm-none-eabi/4.9.3/../../../../arm-none-eabi/lib/armv6-m\libc.a(lib_a-memcpy.o)
 .debug_frame   0x000004f0       0x2c c:/program files (x86)/atmel/studio/7.0/toolchain/arm/arm-gnu-toolchain/bin/../lib/gcc/arm-none-eabi/4.9.3/../../../../arm-none-eabi/lib/armv6-m\libc.a(lib_a-memset.o)
 .debug_frame   0x0000051c       0x28 c:/program files (x86)/atmel/studio/7.0/toolchain/arm/arm-gnu-toolchain/bin/../lib/gcc/arm-none-eabi/4.9.3/../../../../arm-none-eabi/lib/armv6-m\libc.a(lib_a-strlen.o)
 .debug_frame   0x00000544       0x54 c:/program files (x86)/atmel/studio/7.0/toolchain/arm/arm-gnu-toolchain/bin/../lib/gcc/arm-none-eabi/4.9.3/../../../../arm-none-eabi/lib/armv6-m\libc.a(lib_a-__call_atexit.o)
 .debug_frame   0x00000598       0x28 c:/program files (x86)/atmel/studio/7.0/toolchain/arm/arm-gnu-toolchain/bin/../lib/gcc/arm-none-eabi/4.9.3/../../../../arm-none-eabi/lib/armv6-m\libc.a(lib_a-atexit.o)
 .debug_frame   0x000005c0       0x2c c:/program files (x86)/atmel/studio/7.0/toolchain/arm/arm-gnu-toolchain/bin/../lib/gcc/arm-none-eabi/4.9.3/../../../../arm-none-eabi/lib/armv6-m\libc.a(lib_a-fini.o)
 .debug_frame   0x000005ec       0x3c c:/program files (x86)/atmel/studio/7.0/toolchain/arm/arm-gnu-toolchain/bin/../lib/gcc/arm-none-eabi/4.9.3/../../../../arm-none-eabi/lib/armv6-m\libc.a(lib_a-__atexit.o)
