Archive member included because of file (symbol)

c:/program files (x86)/atmel/studio/7.0/toolchain/arm/arm-gnu-toolchain/bin/../lib/gcc/arm-none-eabi/4.9.3/../../../../arm-none-eabi/lib/armv6-m\libc.a(lib_a-exit.o)
                              c:/program files (x86)/atmel/studio/7.0/toolchain/arm/arm-gnu-toolchain/bin/../lib/gcc/arm-none-eabi/4.9.3/../../../../arm-none-eabi/lib/armv6-m/crt0.o (exit)
c:/program files (x86)/atmel/studio/7.0/toolchain/arm/arm-gnu-toolchain/bin/../lib/gcc/arm-none-eabi/4.9.3/../../../../arm-none-eabi/lib/armv6-m\libc.a(lib_a-impure.o)
                              c:/program files (x86)/atmel/studio/7.0/toolchain/arm/arm-gnu-toolchain/bin/../lib/gcc/arm-none-eabi/4.9.3/../../../../arm-none-eabi/lib/armv6-m\libc.a(lib_a-exit.o) (_global_impure_ptr)
c:/program files (x86)/atmel/studio/7.0/toolchain/arm/arm-gnu-toolchain/bin/../lib/gcc/arm-none-eabi/4.9.3/../../../../arm-none-eabi/lib/armv6-m\libc.a(lib_a-init.o)
                              c:/program files (x86)/atmel/studio/7.0/toolchain/arm/arm-gnu-toolchain/bin/../lib/gcc/arm-none-eabi/4.9.3/../../../../arm-none-eabi/lib/armv6-m/crt0.o (__libc_init_array)
c:/program files (x86)/atmel/studio/7.0/toolchain/arm/arm-gnu-toolchain/bin/../lib/gcc/arm-none-eabi/4.9.3/../../../../arm-none-eabi/lib/armv6-m\libc.a(lib_a-memset.o)
                              c:/program files (x86)/atmel/studio/7.0/toolchain/arm/arm-gnu-toolchain/bin/../lib/gcc/arm-none-eabi/4.9.3/../../../../arm-none-eabi/lib/armv6-m/crt0.o (memset)
c:/program files (x86)/atmel/studio/7.0/toolchain/arm/arm-gnu-toolchain/bin/../lib/gcc/arm-none-eabi/4.9.3/../../../../arm-none-eabi/lib/armv6-m\libc.a(lib_a-__call_atexit.o)
                              c:/program files (x86)/atmel/studio/7.0/toolchain/arm/arm-gnu-toolchain/bin/../lib/gcc/arm-none-eabi/4.9.3/../../../../arm-none-eabi/lib/armv6-m\libc.a(lib_a-exit.o) (__call_exitprocs)
c:/program files (x86)/atmel/studio/7.0/toolchain/arm/arm-gnu-toolchain/bin/../lib/gcc/arm-none-eabi/4.9.3/../../../../arm-none-eabi/lib/armv6-m\libc.a(lib_a-atexit.o)
                              c:/program files (x86)/atmel/studio/7.0/toolchain/arm/arm-gnu-toolchain/bin/../lib/gcc/arm-none-eabi/4.9.3/../../../../arm-none-eabi/lib/armv6-m\libc.a(lib_a-__call_atexit.o) (atexit)
c:/program files (x86)/atmel/studio/7.0/toolchain/arm/arm-gnu-toolchain/bin/../lib/gcc/arm-none-eabi/4.9.3/../../../../arm-none-eabi/lib/armv6-m\libc.a(lib_a-fini.o)
                              c:/program files (x86)/atmel/studio/7.0/toolchain/arm/arm-gnu-toolchain/bin/../lib/gcc/arm-none-eabi/4.9.3/../../../../arm-none-eabi/lib/armv6-m\libc.a(lib_a-__call_atexit.o) (__libc_fini_array)
c:/program files (x86)/atmel/studio/7.0/toolchain/arm/arm-gnu-toolchain/bin/../lib/gcc/arm-none-eabi/4.9.3/../../../../arm-none-eabi/lib/armv6-m\libc.a(lib_a-__atexit.o)
                              c:/program files (x86)/atmel/studio/7.0/toolchain/arm/arm-gnu-toolchain/bin/../lib/gcc/arm-none-eabi/4.9.3/../../../../arm-none-eabi/lib/armv6-m\libc.a(lib_a-atexit.o) (__register_exitproc)

Discarded input sections

 .text          0x00000000        0x0 c:/program files (x86)/atmel/studio/7.0/toolchain/arm/arm-gnu-toolchain/bin/../lib/gcc/arm-none-eabi/4.9.3/armv6-m/crti.o
 .data          0x00000000        0x0 c:/program files (x86)/atmel/studio/7.0/toolchain/arm/arm-gnu-toolchain/bin/../lib/gcc/arm-none-eabi/4.9.3/armv6-m/crti.o
 .bss           0x00000000        0x0 c:/program files (x86)/atmel/studio/7.0/toolchain/arm/arm-gnu-toolchain/bin/../lib/gcc/arm-none-eabi/4.9.3/armv6-m/crti.o
 .data          0x00000000        0x4 c:/program files (x86)/atmel/studio/7.0/toolchain/arm/arm-gnu-toolchain/bin/../lib/gcc/arm-none-eabi/4.9.3/armv6-m/crtbegin.o
 .text          0x00000000       0x78 c:/program files (x86)/atmel/studio/7.0/toolchain/arm/arm-gnu-toolchain/bin/../lib/gcc/arm-none-eabi/4.9.3/../../../../arm-none-eabi/lib/armv6-m/crt0.o
 .data          0x00000000        0x0 c:/program files (x86)/atmel/studio/7.0/toolchain/arm/arm-gnu-toolchain/bin/../lib/gcc/arm-none-eabi/4.9.3/../../../../arm-none-eabi/lib/armv6-m/crt0.o
 .bss           0x00000000        0x0 c:/program files (x86)/atmel/studio/7.0/toolchain/arm/arm-gnu-toolchain/bin/../lib/gcc/arm-none-eabi/4.9.3/../../../../arm-none-eabi/lib/armv6-m/crt0.o
 .ARM.extab     0x00000000        0x0 c:/program files (x86)/atmel/studio/7.0/toolchain/arm/arm-gnu-toolchain/bin/../lib/gcc/arm-none-eabi/4.9.3/../../../../arm-none-eabi/lib/armv6-m/crt0.o
 .ARM.exidx     0x00000000        0x8 c:/program files (x86)/atmel/studio/7.0/toolchain/arm/arm-gnu-toolchain/bin/../lib/gcc/arm-none-eabi/4.9.3/../../../../arm-none-eabi/lib/armv6-m/crt0.o
 .ARM.attributes
                0x00000000       0x1b c:/program files (x86)/atmel/studio/7.0/toolchain/arm/arm-gnu-toolchain/bin/../lib/gcc/arm-none-eabi/4.9.3/../../../../arm-none-eabi/lib/armv6-m/crt0.o
 .group         0x00000000        0x8 Device_Startup/startup_samd21.o
 .group         0x00000000        0x8 Device_Startup/startup_samd21.o
 .group         0x00000000        0x8 Device_Startup/startup_samd21.o
 .group         0x00000000        0x8 Device_Startup/startup_samd21.o
 .group         0x00000000        0x8 Device_Startup/startup_samd21.o
 .group         0x00000000        0x8 Device_Startup/startup_samd21.o
 .group         0x00000000        0x8 Device_Startup/startup_samd21.o
 .group         0x00000000        0x8 Device_Startup/startup_samd21.o
 .group         0x00000000        0x8 Device_Startup/startup_samd21.o
 .group         0x00000000        0x8 Device_Startup/startup_samd21.o
 .group         0x00000000        0x8 Device_Startup/startup_samd21.o
 .group         0x00000000        0x8 Device_Startup/startup_samd21.o
 .group         0x00000000        0x8 Device_Startup/startup_samd21.o
 .group         0x00000000        0x8 Device_Startup/startup_samd21.o
 .group         0x00000000        0x8 Device_Startup/startup_samd21.o
 .group         0x00000000        0x8 Device_Startup/startup_samd21.o
 .group         0x00000000        0x8 Device_Startup/startup_samd21.o
 .group         0x00000000        0x8 Device_Startup/startup_samd21.o
 .group         0x00000000        0x8 Device_Startup/startup_samd21.o
 .group         0x00000000        0x8 Device_Startup/startup_samd21.o
 .group         0x00000000        0x8 Device_Startup/startup_samd21.o
 .group         0x00000000        0x8 Device_Startup/startup_samd21.o
 .group         0x00000000        0x8 Device_Startup/startup_samd21.o
 .group         0x00000000        0x8 Device_Startup/startup_samd21.o
 .group         0x00000000        0x8 Device_Startup/startup_samd21.o
 .group         0x00000000        0x8 Device_Startup/startup_samd21.o
 .group         0x00000000        0x8 Device_Startup/startup_samd21.o
 .group         0x00000000        0x8 Device_Startup/startup_samd21.o
 .group         0x00000000        0x8 Device_Startup/startup_samd21.o
 .group         0x00000000        0x8 Device_Startup/startup_samd21.o
 .group         0x00000000        0x8 Device_Startup/startup_samd21.o
 .group         0x00000000        0x8 Device_Startup/startup_samd21.o
 .group         0x00000000        0x8 Device_Startup/startup_samd21.o
 .group         0x00000000        0x8 Device_Startup/startup_samd21.o
 .group         0x00000000        0x8 Device_Startup/startup_samd21.o
 .group         0x00000000        0x8 Device_Startup/startup_samd21.o
 .group         0x00000000        0x8 Device_Startup/startup_samd21.o
 .group         0x00000000        0x8 Device_Startup/startup_samd21.o
 .group         0x00000000        0x8 Device_Startup/startup_samd21.o
 .group         0x00000000        0x8 Device_Startup/startup_samd21.o
 .group         0x00000000        0x8 Device_Startup/startup_samd21.o
 .group         0x00000000        0x8 Device_Startup/startup_samd21.o
 .group         0x00000000        0x8 Device_Startup/startup_samd21.o
 .group         0x00000000        0x8 Device_Startup/startup_samd21.o
 .group         0x00000000        0x8 Device_Startup/startup_samd21.o
 .group         0x00000000        0x8 Device_Startup/startup_samd21.o
 .group         0x00000000        0x8 Device_Startup/startup_samd21.o
 .group         0x00000000        0x8 Device_Startup/startup_samd21.o
 .group         0x00000000        0x8 Device_Startup/startup_samd21.o
 .group         0x00000000        0x8 Device_Startup/startup_samd21.o
 .group         0x00000000        0x8 Device_Startup/startup_samd21.o
 .group         0x00000000        0x8 Device_Startup/startup_samd21.o
 .group         0x00000000        0x8 Device_Startup/startup_samd21.o
 .group         0x00000000        0x8 Device_Startup/startup_samd21.o
 .group         0x00000000        0x8 Device_Startup/startup_samd21.o
 .group         0x00000000        0x8 Device_Startup/startup_samd21.o
 .group         0x00000000        0x8 Device_Startup/startup_samd21.o
 .group         0x00000000        0x8 Device_Startup/startup_samd21.o
 .group         0x00000000        0x8 Device_Startup/startup_samd21.o
 .group         0x00000000        0x8 Device_Startup/startup_samd21.o
 .group         0x00000000        0x8 Device_Startup/startup_samd21.o
 .group         0x00000000        0x8 Device_Startup/startup_samd21.o
 .group         0x00000000        0x8 Device_Startup/startup_samd21.o
 .group         0x00000000        0x8 Device_Startup/startup_samd21.o
 .group         0x00000000        0x8 Device_Startup/startup_samd21.o
 .group         0x00000000        0x8 Device_Startup/startup_samd21.o
 .group         0x00000000        0x8 Device_Startup/startup_samd21.o
 .group         0x00000000        0x8 Device_Startup/startup_samd21.o
 .text          0x00000000        0x0 Device_Startup/startup_samd21.o
 .data          0x00000000        0x0 Device_Startup/startup_samd21.o
 .bss           0x00000000        0x0 Device_Startup/startup_samd21.o
 .group         0x00000000        0x8 Device_Startup/system_samd21.o
 .group         0x00000000        0x8 Device_Startup/system_samd21.o
 .group         0x00000000        0x8 Device_Startup/system_samd21.o
 .group         0x00000000        0x8 Device_Startup/system_samd21.o
 .group         0x00000000        0x8 Device_Startup/system_samd21.o
 .group         0x00000000        0x8 Device_Startup/system_samd21.o
 .group         0x00000000        0x8 Device_Startup/system_samd21.o
 .group         0x00000000        0x8 Device_Startup/system_samd21.o
 .group         0x00000000        0x8 Device_Startup/system_samd21.o
 .group         0x00000000        0x8 Device_Startup/system_samd21.o
 .group         0x00000000        0x8 Device_Startup/system_samd21.o
 .group         0x00000000        0x8 Device_Startup/system_samd21.o
 .group         0x00000000        0x8 Device_Startup/system_samd21.o
 .group         0x00000000        0x8 Device_Startup/system_samd21.o
 .group         0x00000000        0x8 Device_Startup/system_samd21.o
 .group         0x00000000        0x8 Device_Startup/system_samd21.o
 .group         0x00000000        0x8 Device_Startup/system_samd21.o
 .group         0x00000000        0x8 Device_Startup/system_samd21.o
 .group         0x00000000        0x8 Device_Startup/system_samd21.o
 .group         0x00000000        0x8 Device_Startup/system_samd21.o
 .group         0x00000000        0x8 Device_Startup/system_samd21.o
 .group         0x00000000        0x8 Device_Startup/system_samd21.o
 .group         0x00000000        0x8 Device_Startup/system_samd21.o
 .group         0x00000000        0x8 Device_Startup/system_samd21.o
 .group         0x00000000        0x8 Device_Startup/system_samd21.o
 .group         0x00000000        0x8 Device_Startup/system_samd21.o
 .group         0x00000000        0x8 Device_Startup/system_samd21.o
 .group         0x00000000        0x8 Device_Startup/system_samd21.o
 .group         0x00000000        0x8 Device_Startup/system_samd21.o
 .group         0x00000000        0x8 Device_Startup/system_samd21.o
 .group         0x00000000        0x8 Device_Startup/system_samd21.o
 .group         0x00000000        0x8 Device_Startup/system_samd21.o
 .group         0x00000000        0x8 Device_Startup/system_samd21.o
 .group         0x00000000        0x8 Device_Startup/system_samd21.o
 .group         0x00000000        0x8 Device_Startup/system_samd21.o
 .group         0x00000000        0x8 Device_Startup/system_samd21.o
 .group         0x00000000        0x8 Device_Startup/system_samd21.o
 .group         0x00000000        0x8 Device_Startup/system_samd21.o
 .group         0x00000000        0x8 Device_Startup/system_samd21.o
 .group         0x00000000        0x8 Device_Startup/system_samd21.o
 .group         0x00000000        0x8 Device_Startup/system_samd21.o
 .group         0x00000000        0x8 Device_Startup/system_samd21.o
 .group         0x00000000        0x8 Device_Startup/system_samd21.o
 .group         0x00000000        0x8 Device_Startup/system_samd21.o
 .group         0x00000000        0x8 Device_Startup/system_samd21.o
 .group         0x00000000        0x8 Device_Startup/system_samd21.o
 .group         0x00000000        0x8 Device_Startup/system_samd21.o
 .group         0x00000000        0x8 Device_Startup/system_samd21.o
 .group         0x00000000        0x8 Device_Startup/system_samd21.o
 .group         0x00000000        0x8 Device_Startup/system_samd21.o
 .group         0x00000000        0x8 Device_Startup/system_samd21.o
 .group         0x00000000        0x8 Device_Startup/system_samd21.o
 .group         0x00000000        0x8 Device_Startup/system_samd21.o
 .group         0x00000000        0x8 Device_Startup/system_samd21.o
 .group         0x00000000        0x8 Device_Startup/system_samd21.o
 .group         0x00000000        0x8 Device_Startup/system_samd21.o
 .group         0x00000000        0x8 Device_Startup/system_samd21.o
 .group         0x00000000        0x8 Device_Startup/system_samd21.o
 .group         0x00000000        0x8 Device_Startup/system_samd21.o
 .group         0x00000000        0x8 Device_Startup/system_samd21.o
 .group         0x00000000        0x8 Device_Startup/system_samd21.o
 .group         0x00000000        0x8 Device_Startup/system_samd21.o
 .group         0x00000000        0x8 Device_Startup/system_samd21.o
 .group         0x00000000        0x8 Device_Startup/system_samd21.o
 .group         0x00000000        0x8 Device_Startup/system_samd21.o
 .group         0x00000000        0x8 Device_Startup/system_samd21.o
 .group         0x00000000        0x8 Device_Startup/system_samd21.o
 .group         0x00000000        0x8 Device_Startup/system_samd21.o
 .text          0x00000000        0x0 Device_Startup/system_samd21.o
 .data          0x00000000        0x4 Device_Startup/system_samd21.o
 .bss           0x00000000        0x0 Device_Startup/system_samd21.o
 .text.SystemInit
                0x00000000       0x10 Device_Startup/system_samd21.o
 .text.SystemCoreClockUpdate
                0x00000000       0x10 Device_Startup/system_samd21.o
 .debug_info    0x00000000       0xcd Device_Startup/system_samd21.o
 .debug_abbrev  0x00000000       0x65 Device_Startup/system_samd21.o
 .debug_aranges
                0x00000000       0x28 Device_Startup/system_samd21.o
 .debug_ranges  0x00000000       0x18 Device_Startup/system_samd21.o
 .debug_macro   0x00000000      0x2dc Device_Startup/system_samd21.o
 .debug_macro   0x00000000      0x832 Device_Startup/system_samd21.o
 .debug_macro   0x00000000       0x22 Device_Startup/system_samd21.o
 .debug_macro   0x00000000       0x44 Device_Startup/system_samd21.o
 .debug_macro   0x00000000       0x58 Device_Startup/system_samd21.o
 .debug_macro   0x00000000       0x22 Device_Startup/system_samd21.o
 .debug_macro   0x00000000      0x1df Device_Startup/system_samd21.o
 .debug_macro   0x00000000       0x3a Device_Startup/system_samd21.o
 .debug_macro   0x00000000       0x3a Device_Startup/system_samd21.o
 .debug_macro   0x00000000       0x1f Device_Startup/system_samd21.o
 .debug_macro   0x00000000      0x250 Device_Startup/system_samd21.o
 .debug_macro   0x00000000      0x682 Device_Startup/system_samd21.o
 .debug_macro   0x00000000      0x8bf Device_Startup/system_samd21.o
 .debug_macro   0x00000000      0x235 Device_Startup/system_samd21.o
 .debug_macro   0x00000000      0xd6a Device_Startup/system_samd21.o
 .debug_macro   0x00000000      0x4ce Device_Startup/system_samd21.o
 .debug_macro   0x00000000      0x9f8 Device_Startup/system_samd21.o
 .debug_macro   0x00000000      0x82b Device_Startup/system_samd21.o
 .debug_macro   0x00000000      0x45f Device_Startup/system_samd21.o
 .debug_macro   0x00000000       0x5e Device_Startup/system_samd21.o
 .debug_macro   0x00000000      0x906 Device_Startup/system_samd21.o
 .debug_macro   0x00000000      0x225 Device_Startup/system_samd21.o
 .debug_macro   0x00000000      0x797 Device_Startup/system_samd21.o
 .debug_macro   0x00000000       0x5e Device_Startup/system_samd21.o
 .debug_macro   0x00000000      0x634 Device_Startup/system_samd21.o
 .debug_macro   0x00000000      0x3b6 Device_Startup/system_samd21.o
 .debug_macro   0x00000000      0xc55 Device_Startup/system_samd21.o
 .debug_macro   0x00000000     0x1092 Device_Startup/system_samd21.o
 .debug_macro   0x00000000      0xc4a Device_Startup/system_samd21.o
 .debug_macro   0x00000000      0x6bf Device_Startup/system_samd21.o
 .debug_macro   0x00000000     0x1b4b Device_Startup/system_samd21.o
 .debug_macro   0x00000000     0x144a Device_Startup/system_samd21.o
 .debug_macro   0x00000000      0x34e Device_Startup/system_samd21.o
 .debug_macro   0x00000000       0x7c Device_Startup/system_samd21.o
 .debug_macro   0x00000000       0xa0 Device_Startup/system_samd21.o
 .debug_macro   0x00000000       0x4c Device_Startup/system_samd21.o
 .debug_macro   0x00000000       0xca Device_Startup/system_samd21.o
 .debug_macro   0x00000000       0x94 Device_Startup/system_samd21.o
 .debug_macro   0x00000000       0x58 Device_Startup/system_samd21.o
 .debug_macro   0x00000000      0x364 Device_Startup/system_samd21.o
 .debug_macro   0x00000000       0x82 Device_Startup/system_samd21.o
 .debug_macro   0x00000000      0x197 Device_Startup/system_samd21.o
 .debug_macro   0x00000000       0xb8 Device_Startup/system_samd21.o
 .debug_macro   0x00000000       0xa0 Device_Startup/system_samd21.o
 .debug_macro   0x00000000       0xb2 Device_Startup/system_samd21.o
 .debug_macro   0x00000000       0x1c Device_Startup/system_samd21.o
 .debug_macro   0x00000000       0x1c Device_Startup/system_samd21.o
 .debug_macro   0x00000000       0x1c Device_Startup/system_samd21.o
 .debug_macro   0x00000000       0x7c Device_Startup/system_samd21.o
 .debug_macro   0x00000000      0x161 Device_Startup/system_samd21.o
 .debug_macro   0x00000000       0xdc Device_Startup/system_samd21.o
 .debug_macro   0x00000000      0x12f Device_Startup/system_samd21.o
 .debug_macro   0x00000000      0x12f Device_Startup/system_samd21.o
 .debug_macro   0x00000000      0x12f Device_Startup/system_samd21.o
 .debug_macro   0x00000000      0x12f Device_Startup/system_samd21.o
 .debug_macro   0x00000000      0x12f Device_Startup/system_samd21.o
 .debug_macro   0x00000000      0x12f Device_Startup/system_samd21.o
 .debug_macro   0x00000000      0x11e Device_Startup/system_samd21.o
 .debug_macro   0x00000000       0xe2 Device_Startup/system_samd21.o
 .debug_macro   0x00000000       0xe2 Device_Startup/system_samd21.o
 .debug_macro   0x00000000       0xe2 Device_Startup/system_samd21.o
 .debug_macro   0x00000000      0x12c Device_Startup/system_samd21.o
 .debug_macro   0x00000000      0x100 Device_Startup/system_samd21.o
 .debug_macro   0x00000000       0xf4 Device_Startup/system_samd21.o
 .debug_macro   0x00000000      0x40f Device_Startup/system_samd21.o
 .debug_macro   0x00000000       0x40 Device_Startup/system_samd21.o
 .debug_macro   0x00000000      0x361 Device_Startup/system_samd21.o
 .debug_macro   0x00000000     0x16ea Device_Startup/system_samd21.o
 .debug_macro   0x00000000       0x6d Device_Startup/system_samd21.o
 .debug_line    0x00000000      0x6ad Device_Startup/system_samd21.o
 .debug_str     0x00000000    0x6852f Device_Startup/system_samd21.o
 .comment       0x00000000       0x5c Device_Startup/system_samd21.o
 .debug_frame   0x00000000       0x30 Device_Startup/system_samd21.o
 .ARM.attributes
                0x00000000       0x32 Device_Startup/system_samd21.o
 .group         0x00000000        0x8 main.o
 .group         0x00000000        0x8 main.o
 .group         0x00000000        0x8 main.o
 .group         0x00000000        0x8 main.o
 .group         0x00000000        0x8 main.o
 .group         0x00000000        0x8 main.o
 .group         0x00000000        0x8 main.o
 .group         0x00000000        0x8 main.o
 .group         0x00000000        0x8 main.o
 .group         0x00000000        0x8 main.o
 .group         0x00000000        0x8 main.o
 .group         0x00000000        0x8 main.o
 .group         0x00000000        0x8 main.o
 .group         0x00000000        0x8 main.o
 .group         0x00000000        0x8 main.o
 .group         0x00000000        0x8 main.o
 .group         0x00000000        0x8 main.o
 .group         0x00000000        0x8 main.o
 .group         0x00000000        0x8 main.o
 .group         0x00000000        0x8 main.o
 .group         0x00000000        0x8 main.o
 .group         0x00000000        0x8 main.o
 .group         0x00000000        0x8 main.o
 .group         0x00000000        0x8 main.o
 .group         0x00000000        0x8 main.o
 .group         0x00000000        0x8 main.o
 .group         0x00000000        0x8 main.o
 .group         0x00000000        0x8 main.o
 .group         0x00000000        0x8 main.o
 .group         0x00000000        0x8 main.o
 .group         0x00000000        0x8 main.o
 .group         0x00000000        0x8 main.o
 .group         0x00000000        0x8 main.o
 .group         0x00000000        0x8 main.o
 .group         0x00000000        0x8 main.o
 .group         0x00000000        0x8 main.o
 .group         0x00000000        0x8 main.o
 .group         0x00000000        0x8 main.o
 .group         0x00000000        0x8 main.o
 .group         0x00000000        0x8 main.o
 .group         0x00000000        0x8 main.o
 .group         0x00000000        0x8 main.o
 .group         0x00000000        0x8 main.o
 .group         0x00000000        0x8 main.o
 .group         0x00000000        0x8 main.o
 .group         0x00000000        0x8 main.o
 .group         0x00000000        0x8 main.o
 .group         0x00000000        0x8 main.o
 .group         0x00000000        0x8 main.o
 .group         0x00000000        0x8 main.o
 .group         0x00000000        0x8 main.o
 .group         0x00000000        0x8 main.o
 .group         0x00000000        0x8 main.o
 .group         0x00000000        0x8 main.o
 .group         0x00000000        0x8 main.o
 .group         0x00000000        0x8 main.o
 .group         0x00000000        0x8 main.o
 .group         0x00000000        0x8 main.o
 .group         0x00000000        0x8 main.o
 .group         0x00000000        0x8 main.o
 .group         0x00000000        0x8 main.o
 .group         0x00000000        0x8 main.o
 .group         0x00000000        0x8 main.o
 .group         0x00000000        0x8 main.o
 .group         0x00000000        0x8 main.o
 .group         0x00000000        0x8 main.o
 .group         0x00000000        0x8 main.o
 .group         0x00000000        0x8 main.o
 .text          0x00000000        0x0 main.o
 .data          0x00000000        0x0 main.o
 .debug_macro   0x00000000      0x832 main.o
 .debug_macro   0x00000000       0x22 main.o
 .debug_macro   0x00000000       0x44 main.o
 .debug_macro   0x00000000       0x58 main.o
 .debug_macro   0x00000000       0x22 main.o
 .debug_macro   0x00000000      0x1df main.o
 .debug_macro   0x00000000       0x3a main.o
 .debug_macro   0x00000000       0x3a main.o
 .debug_macro   0x00000000       0x1f main.o
 .debug_macro   0x00000000      0x250 main.o
 .debug_macro   0x00000000      0x682 main.o
 .debug_macro   0x00000000      0x8bf main.o
 .debug_macro   0x00000000      0x235 main.o
 .debug_macro   0x00000000      0xd6a main.o
 .debug_macro   0x00000000      0x4ce main.o
 .debug_macro   0x00000000      0x9f8 main.o
 .debug_macro   0x00000000      0x82b main.o
 .debug_macro   0x00000000      0x45f main.o
 .debug_macro   0x00000000       0x5e main.o
 .debug_macro   0x00000000      0x906 main.o
 .debug_macro   0x00000000      0x225 main.o
 .debug_macro   0x00000000      0x797 main.o
 .debug_macro   0x00000000       0x5e main.o
 .debug_macro   0x00000000      0x634 main.o
 .debug_macro   0x00000000      0x3b6 main.o
 .debug_macro   0x00000000      0xc55 main.o
 .debug_macro   0x00000000     0x1092 main.o
 .debug_macro   0x00000000      0xc4a main.o
 .debug_macro   0x00000000      0x6bf main.o
 .debug_macro   0x00000000     0x1b4b main.o
 .debug_macro   0x00000000     0x144a main.o
 .debug_macro   0x00000000      0x34e main.o
 .debug_macro   0x00000000       0x7c main.o
 .debug_macro   0x00000000       0xa0 main.o
 .debug_macro   0x00000000       0x4c main.o
 .debug_macro   0x00000000       0xca main.o
 .debug_macro   0x00000000       0x94 main.o
 .debug_macro   0x00000000       0x58 main.o
 .debug_macro   0x00000000      0x364 main.o
 .debug_macro   0x00000000       0x82 main.o
 .debug_macro   0x00000000      0x197 main.o
 .debug_macro   0x00000000       0xb8 main.o
 .debug_macro   0x00000000       0xa0 main.o
 .debug_macro   0x00000000       0xb2 main.o
 .debug_macro   0x00000000       0x1c main.o
 .debug_macro   0x00000000       0x1c main.o
 .debug_macro   0x00000000       0x1c main.o
 .debug_macro   0x00000000       0x7c main.o
 .debug_macro   0x00000000      0x161 main.o
 .debug_macro   0x00000000       0xdc main.o
 .debug_macro   0x00000000      0x12f main.o
 .debug_macro   0x00000000      0x12f main.o
 .debug_macro   0x00000000      0x12f main.o
 .debug_macro   0x00000000      0x12f main.o
 .debug_macro   0x00000000      0x12f main.o
 .debug_macro   0x00000000      0x12f main.o
 .debug_macro   0x00000000      0x11e main.o
 .debug_macro   0x00000000       0xe2 main.o
 .debug_macro   0x00000000       0xe2 main.o
 .debug_macro   0x00000000       0xe2 main.o
 .debug_macro   0x00000000      0x12c main.o
 .debug_macro   0x00000000      0x100 main.o
 .debug_macro   0x00000000       0xf4 main.o
 .debug_macro   0x00000000      0x40f main.o
 .debug_macro   0x00000000       0x40 main.o
 .debug_macro   0x00000000      0x361 main.o
 .debug_macro   0x00000000     0x16ea main.o
 .debug_macro   0x00000000       0x6d main.o
 .text          0x00000000        0x0 c:/program files (x86)/atmel/studio/7.0/toolchain/arm/arm-gnu-toolchain/bin/../lib/gcc/arm-none-eabi/4.9.3/../../../../arm-none-eabi/lib/armv6-m\libc.a(lib_a-exit.o)
 .data          0x00000000        0x0 c:/program files (x86)/atmel/studio/7.0/toolchain/arm/arm-gnu-toolchain/bin/../lib/gcc/arm-none-eabi/4.9.3/../../../../arm-none-eabi/lib/armv6-m\libc.a(lib_a-exit.o)
 .bss           0x00000000        0x0 c:/program files (x86)/atmel/studio/7.0/toolchain/arm/arm-gnu-toolchain/bin/../lib/gcc/arm-none-eabi/4.9.3/../../../../arm-none-eabi/lib/armv6-m\libc.a(lib_a-exit.o)
 .text.exit     0x00000000       0x20 c:/program files (x86)/atmel/studio/7.0/toolchain/arm/arm-gnu-toolchain/bin/../lib/gcc/arm-none-eabi/4.9.3/../../../../arm-none-eabi/lib/armv6-m\libc.a(lib_a-exit.o)
 .debug_frame   0x00000000       0x28 c:/program files (x86)/atmel/studio/7.0/toolchain/arm/arm-gnu-toolchain/bin/../lib/gcc/arm-none-eabi/4.9.3/../../../../arm-none-eabi/lib/armv6-m\libc.a(lib_a-exit.o)
 .ARM.attributes
                0x00000000       0x2c c:/program files (x86)/atmel/studio/7.0/toolchain/arm/arm-gnu-toolchain/bin/../lib/gcc/arm-none-eabi/4.9.3/../../../../arm-none-eabi/lib/armv6-m\libc.a(lib_a-exit.o)
 .text          0x00000000        0x0 c:/program files (x86)/atmel/studio/7.0/toolchain/arm/arm-gnu-toolchain/bin/../lib/gcc/arm-none-eabi/4.9.3/../../../../arm-none-eabi/lib/armv6-m\libc.a(lib_a-impure.o)
 .data          0x00000000        0x0 c:/program files (x86)/atmel/studio/7.0/toolchain/arm/arm-gnu-toolchain/bin/../lib/gcc/arm-none-eabi/4.9.3/../../../../arm-none-eabi/lib/armv6-m\libc.a(lib_a-impure.o)
 .bss           0x00000000        0x0 c:/program files (x86)/atmel/studio/7.0/toolchain/arm/arm-gnu-toolchain/bin/../lib/gcc/arm-none-eabi/4.9.3/../../../../arm-none-eabi/lib/armv6-m\libc.a(lib_a-impure.o)
 .data._impure_ptr
                0x00000000        0x4 c:/program files (x86)/atmel/studio/7.0/toolchain/arm/arm-gnu-toolchain/bin/../lib/gcc/arm-none-eabi/4.9.3/../../../../arm-none-eabi/lib/armv6-m\libc.a(lib_a-impure.o)
 .text          0x00000000        0x0 c:/program files (x86)/atmel/studio/7.0/toolchain/arm/arm-gnu-toolchain/bin/../lib/gcc/arm-none-eabi/4.9.3/../../../../arm-none-eabi/lib/armv6-m\libc.a(lib_a-init.o)
 .data          0x00000000        0x0 c:/program files (x86)/atmel/studio/7.0/toolchain/arm/arm-gnu-toolchain/bin/../lib/gcc/arm-none-eabi/4.9.3/../../../../arm-none-eabi/lib/armv6-m\libc.a(lib_a-init.o)
 .bss           0x00000000        0x0 c:/program files (x86)/atmel/studio/7.0/toolchain/arm/arm-gnu-toolchain/bin/../lib/gcc/arm-none-eabi/4.9.3/../../../../arm-none-eabi/lib/armv6-m\libc.a(lib_a-init.o)
 .text          0x00000000        0x0 c:/program files (x86)/atmel/studio/7.0/toolchain/arm/arm-gnu-toolchain/bin/../lib/gcc/arm-none-eabi/4.9.3/../../../../arm-none-eabi/lib/armv6-m\libc.a(lib_a-memset.o)
 .data          0x00000000        0x0 c:/program files (x86)/atmel/studio/7.0/toolchain/arm/arm-gnu-toolchain/bin/../lib/gcc/arm-none-eabi/4.9.3/../../../../arm-none-eabi/lib/armv6-m\libc.a(lib_a-memset.o)
 .bss           0x00000000        0x0 c:/program files (x86)/atmel/studio/7.0/toolchain/arm/arm-gnu-toolchain/bin/../lib/gcc/arm-none-eabi/4.9.3/../../../../arm-none-eabi/lib/armv6-m\libc.a(lib_a-memset.o)
 .text.memset   0x00000000       0x8c c:/program files (x86)/atmel/studio/7.0/toolchain/arm/arm-gnu-toolchain/bin/../lib/gcc/arm-none-eabi/4.9.3/../../../../arm-none-eabi/lib/armv6-m\libc.a(lib_a-memset.o)
 .debug_frame   0x00000000       0x2c c:/program files (x86)/atmel/studio/7.0/toolchain/arm/arm-gnu-toolchain/bin/../lib/gcc/arm-none-eabi/4.9.3/../../../../arm-none-eabi/lib/armv6-m\libc.a(lib_a-memset.o)
 .ARM.attributes
                0x00000000       0x2c c:/program files (x86)/atmel/studio/7.0/toolchain/arm/arm-gnu-toolchain/bin/../lib/gcc/arm-none-eabi/4.9.3/../../../../arm-none-eabi/lib/armv6-m\libc.a(lib_a-memset.o)
 .text          0x00000000        0x0 c:/program files (x86)/atmel/studio/7.0/toolchain/arm/arm-gnu-toolchain/bin/../lib/gcc/arm-none-eabi/4.9.3/../../../../arm-none-eabi/lib/armv6-m\libc.a(lib_a-__call_atexit.o)
 .data          0x00000000        0x0 c:/program files (x86)/atmel/studio/7.0/toolchain/arm/arm-gnu-toolchain/bin/../lib/gcc/arm-none-eabi/4.9.3/../../../../arm-none-eabi/lib/armv6-m\libc.a(lib_a-__call_atexit.o)
 .bss           0x00000000        0x0 c:/program files (x86)/atmel/studio/7.0/toolchain/arm/arm-gnu-toolchain/bin/../lib/gcc/arm-none-eabi/4.9.3/../../../../arm-none-eabi/lib/armv6-m\libc.a(lib_a-__call_atexit.o)
 .text.__call_exitprocs
                0x00000000      0x108 c:/program files (x86)/atmel/studio/7.0/toolchain/arm/arm-gnu-toolchain/bin/../lib/gcc/arm-none-eabi/4.9.3/../../../../arm-none-eabi/lib/armv6-m\libc.a(lib_a-__call_atexit.o)
 .text          0x00000000        0x0 c:/program files (x86)/atmel/studio/7.0/toolchain/arm/arm-gnu-toolchain/bin/../lib/gcc/arm-none-eabi/4.9.3/../../../../arm-none-eabi/lib/armv6-m\libc.a(lib_a-atexit.o)
 .data          0x00000000        0x0 c:/program files (x86)/atmel/studio/7.0/toolchain/arm/arm-gnu-toolchain/bin/../lib/gcc/arm-none-eabi/4.9.3/../../../../arm-none-eabi/lib/armv6-m\libc.a(lib_a-atexit.o)
 .bss           0x00000000        0x0 c:/program files (x86)/atmel/studio/7.0/toolchain/arm/arm-gnu-toolchain/bin/../lib/gcc/arm-none-eabi/4.9.3/../../../../arm-none-eabi/lib/armv6-m\libc.a(lib_a-atexit.o)
 .text          0x00000000        0x0 c:/program files (x86)/atmel/studio/7.0/toolchain/arm/arm-gnu-toolchain/bin/../lib/gcc/arm-none-eabi/4.9.3/../../../../arm-none-eabi/lib/armv6-m\libc.a(lib_a-fini.o)
 .data          0x00000000        0x0 c:/program files (x86)/atmel/studio/7.0/toolchain/arm/arm-gnu-toolchain/bin/../lib/gcc/arm-none-eabi/4.9.3/../../../../arm-none-eabi/lib/armv6-m\libc.a(lib_a-fini.o)
 .bss           0x00000000        0x0 c:/program files (x86)/atmel/studio/7.0/toolchain/arm/arm-gnu-toolchain/bin/../lib/gcc/arm-none-eabi/4.9.3/../../../../arm-none-eabi/lib/armv6-m\libc.a(lib_a-fini.o)
 .text          0x00000000        0x0 c:/program files (x86)/atmel/studio/7.0/toolchain/arm/arm-gnu-toolchain/bin/../lib/gcc/arm-none-eabi/4.9.3/../../../../arm-none-eabi/lib/armv6-m\libc.a(lib_a-__atexit.o)
 .data          0x00000000        0x0 c:/program files (x86)/atmel/studio/7.0/toolchain/arm/arm-gnu-toolchain/bin/../lib/gcc/arm-none-eabi/4.9.3/../../../../arm-none-eabi/lib/armv6-m\libc.a(lib_a-__atexit.o)
 .bss           0x00000000        0x0 c:/program files (x86)/atmel/studio/7.0/toolchain/arm/arm-gnu-toolchain/bin/../lib/gcc/arm-none-eabi/4.9.3/../../../../arm-none-eabi/lib/armv6-m\libc.a(lib_a-__atexit.o)
 .text          0x00000000        0x0 c:/program files (x86)/atmel/studio/7.0/toolchain/arm/arm-gnu-toolchain/bin/../lib/gcc/arm-none-eabi/4.9.3/armv6-m/crtend.o
 .data          0x00000000        0x0 c:/program files (x86)/atmel/studio/7.0/toolchain/arm/arm-gnu-toolchain/bin/../lib/gcc/arm-none-eabi/4.9.3/armv6-m/crtend.o
 .bss           0x00000000        0x0 c:/program files (x86)/atmel/studio/7.0/toolchain/arm/arm-gnu-toolchain/bin/../lib/gcc/arm-none-eabi/4.9.3/armv6-m/crtend.o
 .eh_frame      0x00000000        0x4 c:/program files (x86)/atmel/studio/7.0/toolchain/arm/arm-gnu-toolchain/bin/../lib/gcc/arm-none-eabi/4.9.3/armv6-m/crtend.o
 .jcr           0x00000000        0x4 c:/program files (x86)/atmel/studio/7.0/toolchain/arm/arm-gnu-toolchain/bin/../lib/gcc/arm-none-eabi/4.9.3/armv6-m/crtend.o
 .ARM.attributes
                0x00000000       0x2c c:/program files (x86)/atmel/studio/7.0/toolchain/arm/arm-gnu-toolchain/bin/../lib/gcc/arm-none-eabi/4.9.3/armv6-m/crtend.o
 .text          0x00000000        0x0 c:/program files (x86)/atmel/studio/7.0/toolchain/arm/arm-gnu-toolchain/bin/../lib/gcc/arm-none-eabi/4.9.3/armv6-m/crtn.o
 .data          0x00000000        0x0 c:/program files (x86)/atmel/studio/7.0/toolchain/arm/arm-gnu-toolchain/bin/../lib/gcc/arm-none-eabi/4.9.3/armv6-m/crtn.o
 .bss           0x00000000        0x0 c:/program files (x86)/atmel/studio/7.0/toolchain/arm/arm-gnu-toolchain/bin/../lib/gcc/arm-none-eabi/4.9.3/armv6-m/crtn.o

Memory Configuration

Name             Origin             Length             Attributes
rom              0x00000000         0x00040000         xr
ram              0x20000000         0x00008000         xrw
*default*        0x00000000         0xffffffff

Linker script and memory map

LOAD c:/program files (x86)/atmel/studio/7.0/toolchain/arm/arm-gnu-toolchain/bin/../lib/gcc/arm-none-eabi/4.9.3/armv6-m/crti.o
LOAD c:/program files (x86)/atmel/studio/7.0/toolchain/arm/arm-gnu-toolchain/bin/../lib/gcc/arm-none-eabi/4.9.3/armv6-m/crtbegin.o
LOAD c:/program files (x86)/atmel/studio/7.0/toolchain/arm/arm-gnu-toolchain/bin/../lib/gcc/arm-none-eabi/4.9.3/../../../../arm-none-eabi/lib/armv6-m/crt0.o
LOAD Device_Startup/startup_samd21.o
LOAD Device_Startup/system_samd21.o
LOAD main.o
START GROUP
LOAD c:/program files (x86)/atmel/studio/7.0/toolchain/arm/arm-gnu-toolchain/bin/../lib/gcc/arm-none-eabi/4.9.3/../../../../arm-none-eabi/lib/armv6-m\libm.a
END GROUP
START GROUP
LOAD c:/program files (x86)/atmel/studio/7.0/toolchain/arm/arm-gnu-toolchain/bin/../lib/gcc/arm-none-eabi/4.9.3/armv6-m\libgcc.a
LOAD c:/program files (x86)/atmel/studio/7.0/toolchain/arm/arm-gnu-toolchain/bin/../lib/gcc/arm-none-eabi/4.9.3/../../../../arm-none-eabi/lib/armv6-m\libc.a
END GROUP
LOAD c:/program files (x86)/atmel/studio/7.0/toolchain/arm/arm-gnu-toolchain/bin/../lib/gcc/arm-none-eabi/4.9.3/armv6-m/crtend.o
LOAD c:/program files (x86)/atmel/studio/7.0/toolchain/arm/arm-gnu-toolchain/bin/../lib/gcc/arm-none-eabi/4.9.3/armv6-m/crtn.o
                0x00002000                STACK_SIZE = DEFINED (STACK_SIZE)?STACK_SIZE:DEFINED (__stack_size__)?__stack_size__:0x2000

.text           0x00000000      0x4b8
                0x00000000                . = ALIGN (0x4)
                0x00000000                _sfixed = .
 *(.vectors .vectors.*)
 .vectors       0x00000000       0xb4 Device_Startup/startup_samd21.o
                0x00000000                exception_table
 *(.text .text.* .gnu.linkonce.t.*)
 .text          0x000000b4       0x60 c:/program files (x86)/atmel/studio/7.0/toolchain/arm/arm-gnu-toolchain/bin/../lib/gcc/arm-none-eabi/4.9.3/armv6-m/crtbegin.o
 .text.Dummy_Handler
                0x00000114        0x4 Device_Startup/startup_samd21.o
                0x00000114                DMAC_Handler
                0x00000114                HardFault_Handler
                0x00000114                AC_Handler
                0x00000114                SysTick_Handler
                0x00000114                PendSV_Handler
                0x00000114                NMI_Handler
                0x00000114                SERCOM1_Handler
                0x00000114                ADC_Handler
                0x00000114                TCC1_Handler
                0x00000114                SERCOM2_Handler
                0x00000114                TCC0_Handler
                0x00000114                EIC_Handler
                0x00000114                WDT_Handler
                0x00000114                TC4_Handler
                0x00000114                USB_Handler
                0x00000114                TC3_Handler
                0x00000114                Dummy_Handler
                0x00000114                PM_Handler
                0x00000114                SERCOM5_Handler
                0x00000114                SVC_Handler
                0x00000114                TCC2_Handler
                0x00000114                EVSYS_Handler
                0x00000114                SERCOM3_Handler
                0x00000114                SERCOM4_Handler
                0x00000114                I2S_Handler
                0x00000114                NVMCTRL_Handler
                0x00000114                SERCOM0_Handler
                0x00000114                DAC_Handler
                0x00000114                PTC_Handler
                0x00000114                TC5_Handler
                0x00000114                SYSCTRL_Handler
 .text.Reset_Handler
                0x00000118       0xf8 Device_Startup/startup_samd21.o
                0x00000118                Reset_Handler
 .text.RtcInit  0x00000210       0x8c main.o
                0x00000210                RtcInit
 .text.RTC_Handler
                0x0000029c       0x20 main.o
                0x0000029c                RTC_Handler
 .text.main     0x000002bc       0x58 main.o
                0x000002bc                main
 .text.__libc_init_array
                0x00000314       0x48 c:/program files (x86)/atmel/studio/7.0/toolchain/arm/arm-gnu-toolchain/bin/../lib/gcc/arm-none-eabi/4.9.3/../../../../arm-none-eabi/lib/armv6-m\libc.a(lib_a-init.o)
                0x00000314                __libc_init_array
 .text.startup.register_fini
                0x0000035c       0x18 c:/program files (x86)/atmel/studio/7.0/toolchain/arm/arm-gnu-toolchain/bin/../lib/gcc/arm-none-eabi/4.9.3/../../../../arm-none-eabi/lib/armv6-m\libc.a(lib_a-__call_atexit.o)
 .text.atexit   0x00000374       0x10 c:/program files (x86)/atmel/studio/7.0/toolchain/arm/arm-gnu-toolchain/bin/../lib/gcc/arm-none-eabi/4.9.3/../../../../arm-none-eabi/lib/armv6-m\libc.a(lib_a-atexit.o)
                0x00000374                atexit
 .text.__libc_fini_array
                0x00000384       0x34 c:/program files (x86)/atmel/studio/7.0/toolchain/arm/arm-gnu-toolchain/bin/../lib/gcc/arm-none-eabi/4.9.3/../../../../arm-none-eabi/lib/armv6-m\libc.a(lib_a-fini.o)
                0x00000384                __libc_fini_array
 .text.__register_exitproc
                0x000003b8       0xd4 c:/program files (x86)/atmel/studio/7.0/toolchain/arm/arm-gnu-toolchain/bin/../lib/gcc/arm-none-eabi/4.9.3/../../../../arm-none-eabi/lib/armv6-m\libc.a(lib_a-__atexit.o)
                0x000003b8                __register_exitproc
 *(.glue_7t)
 .glue_7t       0x00000000        0x0 linker stubs
 *(.glue_7)
 .glue_7        0x00000000        0x0 linker stubs
 *(.rodata .rodata* .gnu.linkonce.r.*)
 .rodata.str1.4
                0x0000048c        0x4 c:/program files (x86)/atmel/studio/7.0/toolchain/arm/arm-gnu-toolchain/bin/../lib/gcc/arm-none-eabi/4.9.3/../../../../arm-none-eabi/lib/armv6-m\libc.a(lib_a-impure.o)
                                  0x2 (size before relaxing)
 .rodata._global_impure_ptr
                0x00000490        0x4 c:/program files (x86)/atmel/studio/7.0/toolchain/arm/arm-gnu-toolchain/bin/../lib/gcc/arm-none-eabi/4.9.3/../../../../arm-none-eabi/lib/armv6-m\libc.a(lib_a-impure.o)
                0x00000490                _global_impure_ptr
 *(.ARM.extab* .gnu.linkonce.armextab.*)
                0x00000494                . = ALIGN (0x4)
 *(.init)
 .init          0x00000494        0x4 c:/program files (x86)/atmel/studio/7.0/toolchain/arm/arm-gnu-toolchain/bin/../lib/gcc/arm-none-eabi/4.9.3/armv6-m/crti.o
                0x00000494                _init
 .init          0x00000498        0x8 c:/program files (x86)/atmel/studio/7.0/toolchain/arm/arm-gnu-toolchain/bin/../lib/gcc/arm-none-eabi/4.9.3/armv6-m/crtn.o
                0x000004a0                . = ALIGN (0x4)
                0x000004a0                __preinit_array_start = .
 *(.preinit_array)
                0x000004a0                __preinit_array_end = .
                0x000004a0                . = ALIGN (0x4)
                0x000004a0                __init_array_start = .
 *(SORT(.init_array.*))
 .init_array.00000
                0x000004a0        0x4 c:/program files (x86)/atmel/studio/7.0/toolchain/arm/arm-gnu-toolchain/bin/../lib/gcc/arm-none-eabi/4.9.3/../../../../arm-none-eabi/lib/armv6-m\libc.a(lib_a-__call_atexit.o)
 *(.init_array)
 .init_array    0x000004a4        0x4 c:/program files (x86)/atmel/studio/7.0/toolchain/arm/arm-gnu-toolchain/bin/../lib/gcc/arm-none-eabi/4.9.3/armv6-m/crtbegin.o
                0x000004a8                __init_array_end = .
                0x000004a8                . = ALIGN (0x4)
 *crtbegin.o(.ctors)
 *(EXCLUDE_FILE(*crtend.o) .ctors)
 *(SORT(.ctors.*))
 *crtend.o(.ctors)
                0x000004a8                . = ALIGN (0x4)
 *(.fini)
 .fini          0x000004a8        0x4 c:/program files (x86)/atmel/studio/7.0/toolchain/arm/arm-gnu-toolchain/bin/../lib/gcc/arm-none-eabi/4.9.3/armv6-m/crti.o
                0x000004a8                _fini
 .fini          0x000004ac        0x8 c:/program files (x86)/atmel/studio/7.0/toolchain/arm/arm-gnu-toolchain/bin/../lib/gcc/arm-none-eabi/4.9.3/armv6-m/crtn.o
                0x000004b4                . = ALIGN (0x4)
                0x000004b4                __fini_array_start = .
 *(.fini_array)
 .fini_array    0x000004b4        0x4 c:/program files (x86)/atmel/studio/7.0/toolchain/arm/arm-gnu-toolchain/bin/../lib/gcc/arm-none-eabi/4.9.3/armv6-m/crtbegin.o
 *(SORT(.fini_array.*))
                0x000004b8                __fini_array_end = .
 *crtbegin.o(.dtors)
 *(EXCLUDE_FILE(*crtend.o) .dtors)
 *(SORT(.dtors.*))
 *crtend.o(.dtors)
                0x000004b8                . = ALIGN (0x4)
                0x000004b8                _efixed = .
                0x000004b8                PROVIDE (__exidx_start, .)

.vfp11_veneer   0x000004b8        0x0
 .vfp11_veneer  0x00000000        0x0 linker stubs

.v4_bx          0x000004b8        0x0
 .v4_bx         0x00000000        0x0 linker stubs

.iplt           0x000004b8        0x0
 .iplt          0x00000000        0x0 c:/program files (x86)/atmel/studio/7.0/toolchain/arm/arm-gnu-toolchain/bin/../lib/gcc/arm-none-eabi/4.9.3/armv6-m/crtbegin.o

.eh_frame       0x000004b8        0x0
 .eh_frame      0x000004b8        0x0 c:/program files (x86)/atmel/studio/7.0/toolchain/arm/arm-gnu-toolchain/bin/../lib/gcc/arm-none-eabi/4.9.3/armv6-m/crtbegin.o

.rel.dyn        0x000004b8        0x0
 .rel.iplt      0x00000000        0x0 c:/program files (x86)/atmel/studio/7.0/toolchain/arm/arm-gnu-toolchain/bin/../lib/gcc/arm-none-eabi/4.9.3/armv6-m/crtbegin.o

.jcr            0x000004b8        0x0
 .jcr           0x000004b8        0x0 c:/program files (x86)/atmel/studio/7.0/toolchain/arm/arm-gnu-toolchain/bin/../lib/gcc/arm-none-eabi/4.9.3/armv6-m/crtbegin.o

.igot.plt       0x000004b8        0x0
 .igot.plt      0x00000000        0x0 c:/program files (x86)/atmel/studio/7.0/toolchain/arm/arm-gnu-toolchain/bin/../lib/gcc/arm-none-eabi/4.9.3/armv6-m/crtbegin.o

.ARM.exidx
 *(.ARM.exidx* .gnu.linkonce.armexidx.*)
                0x000004b8                PROVIDE (__exidx_end, .)
                0x000004b8                . = ALIGN (0x4)
                0x000004b8                _etext = .

.relocate       0x20000000      0x428 load address 0x000004b8
                0x20000000                . = ALIGN (0x4)
                0x20000000                _srelocate = .
 *(.ramfunc .ramfunc.*)
 *(.data .data.*)
 .data.impure_data
                0x20000000      0x428 c:/program files (x86)/atmel/studio/7.0/toolchain/arm/arm-gnu-toolchain/bin/../lib/gcc/arm-none-eabi/4.9.3/../../../../arm-none-eabi/lib/armv6-m\libc.a(lib_a-impure.o)
                0x20000428                . = ALIGN (0x4)
                0x20000428                _erelocate = .

.bss            0x20000428       0x28 load address 0x000008e0
                0x20000428                . = ALIGN (0x4)
                0x20000428                _sbss = .
                0x20000428                _szero = .
 *(.bss .bss.*)
 .bss           0x20000428       0x1c c:/program files (x86)/atmel/studio/7.0/toolchain/arm/arm-gnu-toolchain/bin/../lib/gcc/arm-none-eabi/4.9.3/armv6-m/crtbegin.o
 .bss           0x20000444        0xc main.o
                0x20000444                time_us
                0x20000448                counts
                0x2000044c                hits
 *(COMMON)
                0x20000450                . = ALIGN (0x4)
                0x20000450                _ebss = .
                0x20000450                _ezero = .

.stack          0x20000450     0x2000 load address 0x00000908
                0x20000450                . = ALIGN (0x8)
                0x20000450                _sstack = .
                0x20002450                . = (. + STACK_SIZE)
 *fill*         0x20000450     0x2000 
                0x20002450                . = ALIGN (0x8)
                0x20002450                _estack = .
                0x20002450                . = ALIGN (0x4)
                0x20002450                _end = .
OUTPUT(SaLAltimeter_rtc_test.elf elf32-littlearm)

.ARM.attributes
                0x00000000       0x28
 .ARM.attributes
                0x00000000       0x1e c:/program files (x86)/atmel/studio/7.0/toolchain/arm/arm-gnu-toolchain/bin/../lib/gcc/arm-none-eabi/4.9.3/armv6-m/crti.o
 .ARM.attributes
                0x0000001e       0x2c c:/program files (x86)/atmel/studio/7.0/toolchain/arm/arm-gnu-toolchain/bin/../lib/gcc/arm-none-eabi/4.9.3/armv6-m/crtbegin.o
 .ARM.attributes
                0x0000004a       0x32 Device_Startup/startup_samd21.o
 .ARM.attributes
                0x0000007c       0x32 main.o
 .ARM.attributes
                0x000000ae       0x2c c:/program files (x86)/atmel/studio/7.0/toolchain/arm/arm-gnu-toolchain/bin/../lib/gcc/arm-none-eabi/4.9.3/../../../../arm-none-eabi/lib/armv6-m\libc.a(lib_a-impure.o)
 .ARM.attributes
                0x000000da       0x2c c:/program files (x86)/atmel/studio/7.0/toolchain/arm/arm-gnu-toolchain/bin/../lib/gcc/arm-none-eabi/4.9.3/../../../../arm-none-eabi/lib/armv6-m\libc.a(lib_a-init.o)
 .ARM.attributes
                0x00000106       0x2c c:/program files (x86)/atmel/studio/7.0/toolchain/arm/arm-gnu-toolchain/bin/../lib/gcc/arm-none-eabi/4.9.3/../../../../arm-none-eabi/lib/armv6-m\libc.a(lib_a-__call_atexit.o)
 .ARM.attributes
                0x00000132       0x2c c:/program files (x86)/atmel/studio/7.0/toolchain/arm/arm-gnu-toolchain/bin/../lib/gcc/arm-none-eabi/4.9.3/../../../../arm-none-eabi/lib/armv6-m\libc.a(lib_a-atexit.o)
 .ARM.attributes
                0x0000015e       0x2c c:/program files (x86)/atmel/studio/7.0/toolchain/arm/arm-gnu-toolchain/bin/../lib/gcc/arm-none-eabi/4.9.3/../../../../arm-none-eabi/lib/armv6-m\libc.a(lib_a-fini.o)
 .ARM.attributes
                0x0000018a       0x2c c:/program files (x86)/atmel/studio/7.0/toolchain/arm/arm-gnu-toolchain/bin/../lib/gcc/arm-none-eabi/4.9.3/../../../../arm-none-eabi/lib/armv6-m\libc.a(lib_a-__atexit.o)
 .ARM.attributes
                0x000001b6       0x1e c:/program files (x86)/atmel/studio/7.0/toolchain/arm/arm-gnu-toolchain/bin/../lib/gcc/arm-none-eabi/4.9.3/armv6-m/crtn.o

.comment        0x00000000       0x5b
 .comment       0x00000000       0x5b Device_Startup/startup_samd21.o
                                 0x5c (size before relaxing)
 .comment       0x00000000       0x5c main.o

.debug_info     0x00000000     0x548c
 .debug_info    0x00000000     0x3a6f Device_Startup/startup_samd21.o
 .debug_info    0x00003a6f     0x1a1d main.o

.debug_abbrev   0x00000000      0x483
 .debug_abbrev  0x00000000      0x211 Device_Startup/startup_samd21.o
 .debug_abbrev  0x00000211      0x272 main.o

.debug_loc      0x00000000       0x73
 .debug_loc     0x00000000       0x20 Device_Startup/startup_samd21.o
 .debug_loc     0x00000020       0x53 main.o

.debug_aranges  0x00000000       0x58
 .debug_aranges
                0x00000000       0x28 Device_Startup/startup_samd21.o
 .debug_aranges
                0x00000028       0x30 main.o

.debug_ranges   0x00000000       0x50
 .debug_ranges  0x00000000       0x18 Device_Startup/startup_samd21.o
 .debug_ranges  0x00000018       0x38 main.o

.debug_macro    0x00000000    0x108a4
 .debug_macro   0x00000000      0x2d6 Device_Startup/startup_samd21.o
 .debug_macro   0x000002d6      0x832 Device_Startup/startup_samd21.o
 .debug_macro   0x00000b08       0x22 Device_Startup/startup_samd21.o
 .debug_macro   0x00000b2a       0x44 Device_Startup/startup_samd21.o
 .debug_macro   0x00000b6e       0x58 Device_Startup/startup_samd21.o
 .debug_macro   0x00000bc6       0x22 Device_Startup/startup_samd21.o
 .debug_macro   0x00000be8      0x1df Device_Startup/startup_samd21.o
 .debug_macro   0x00000dc7       0x3a Device_Startup/startup_samd21.o
 .debug_macro   0x00000e01       0x3a Device_Startup/startup_samd21.o
 .debug_macro   0x00000e3b       0x1f Device_Startup/startup_samd21.o
 .debug_macro   0x00000e5a      0x250 Device_Startup/startup_samd21.o
 .debug_macro   0x000010aa      0x682 Device_Startup/startup_samd21.o
 .debug_macro   0x0000172c      0x8bf Device_Startup/startup_samd21.o
 .debug_macro   0x00001feb      0x235 Device_Startup/startup_samd21.o
 .debug_macro   0x00002220      0xd6a Device_Startup/startup_samd21.o
 .debug_macro   0x00002f8a      0x4ce Device_Startup/startup_samd21.o
 .debug_macro   0x00003458      0x9f8 Device_Startup/startup_samd21.o
 .debug_macro   0x00003e50      0x82b Device_Startup/startup_samd21.o
 .debug_macro   0x0000467b      0x45f Device_Startup/startup_samd21.o
 .debug_macro   0x00004ada       0x5e Device_Startup/startup_samd21.o
 .debug_macro   0x00004b38      0x906 Device_Startup/startup_samd21.o
 .debug_macro   0x0000543e      0x225 Device_Startup/startup_samd21.o
 .debug_macro   0x00005663      0x797 Device_Startup/startup_samd21.o
 .debug_macro   0x00005dfa       0x5e Device_Startup/startup_samd21.o
 .debug_macro   0x00005e58      0x634 Device_Startup/startup_samd21.o
 .debug_macro   0x0000648c      0x3b6 Device_Startup/startup_samd21.o
 .debug_macro   0x00006842      0xc55 Device_Startup/startup_samd21.o
 .debug_macro   0x00007497     0x1092 Device_Startup/startup_samd21.o
 .debug_macro   0x00008529      0xc4a Device_Startup/startup_samd21.o
 .debug_macro   0x00009173      0x6bf Device_Startup/startup_samd21.o
 .debug_macro   0x00009832     0x1b4b Device_Startup/startup_samd21.o
 .debug_macro   0x0000b37d     0x144a Device_Startup/startup_samd21.o
 .debug_macro   0x0000c7c7      0x34e Device_Startup/startup_samd21.o
 .debug_macro   0x0000cb15       0x7c Device_Startup/startup_samd21.o
 .debug_macro   0x0000cb91       0xa0 Device_Startup/startup_samd21.o
 .debug_macro   0x0000cc31       0x4c Device_Startup/startup_samd21.o
 .debug_macro   0x0000cc7d       0xca Device_Startup/startup_samd21.o
 .debug_macro   0x0000cd47       0x94 Device_Startup/startup_samd21.o
 .debug_macro   0x0000cddb       0x58 Device_Startup/startup_samd21.o
 .debug_macro   0x0000ce33      0x364 Device_Startup/startup_samd21.o
 .debug_macro   0x0000d197       0x82 Device_Startup/startup_samd21.o
 .debug_macro   0x0000d219      0x197 Device_Startup/startup_samd21.o
 .debug_macro   0x0000d3b0       0xb8 Device_Startup/startup_samd21.o
 .debug_macro   0x0000d468       0xa0 Device_Startup/startup_samd21.o
 .debug_macro   0x0000d508       0xb2 Device_Startup/startup_samd21.o
 .debug_macro   0x0000d5ba       0x1c Device_Startup/startup_samd21.o
 .debug_macro   0x0000d5d6       0x1c Device_Startup/startup_samd21.o
 .debug_macro   0x0000d5f2       0x1c Device_Startup/startup_samd21.o
 .debug_macro   0x0000d60e       0x7c Device_Startup/startup_samd21.o
 .debug_macro   0x0000d68a      0x161 Device_Startup/startup_samd21.o
 .debug_macro   0x0000d7eb       0xdc Device_Startup/startup_samd21.o
 .debug_macro   0x0000d8c7      0x12f Device_Startup/startup_samd21.o
 .debug_macro   0x0000d9f6      0x12f Device_Startup/startup_samd21.o
 .debug_macro   0x0000db25      0x12f Device_Startup/startup_samd21.o
 .debug_macro   0x0000dc54      0x12f Device_Startup/startup_samd21.o
 .debug_macro   0x0000dd83      0x12f Device_Startup/startup_samd21.o
 .debug_macro   0x0000deb2      0x12f Device_Startup/startup_samd21.o
 .debug_macro   0x0000dfe1      0x11e Device_Startup/startup_samd21.o
 .debug_macro   0x0000e0ff       0xe2 Device_Startup/startup_samd21.o
 .debug_macro   0x0000e1e1       0xe2 Device_Startup/startup_samd21.o
 .debug_macro   0x0000e2c3       0xe2 Device_Startup/startup_samd21.o
 .debug_macro   0x0000e3a5      0x12c Device_Startup/startup_samd21.o
 .debug_macro   0x0000e4d1      0x100 Device_Startup/startup_samd21.o
 .debug_macro   0x0000e5d1       0xf4 Device_Startup/startup_samd21.o
 .debug_macro   0x0000e6c5      0x40f Device_Startup/startup_samd21.o
 .debug_macro   0x0000ead4       0x40 Device_Startup/startup_samd21.o
 .debug_macro   0x0000eb14      0x361 Device_Startup/startup_samd21.o
 .debug_macro   0x0000ee75     0x16ea Device_Startup/startup_samd21.o
 .debug_macro   0x0001055f       0x6d Device_Startup/startup_samd21.o
 .debug_macro   0x000105cc      0x2d8 main.o

.debug_line     0x00000000      0xdd1
 .debug_line    0x00000000      0x6ce Device_Startup/startup_samd21.o
 .debug_line    0x000006ce      0x703 main.o

.debug_str      0x00000000    0x6995c
 .debug_str     0x00000000    0x69276 Device_Startup/startup_samd21.o
                              0x69672 (size before relaxing)
 .debug_str     0x00069276      0x6e6 main.o
                              0x68c7c (size before relaxing)

.debug_frame    0x00000000      0x19c
 .debug_frame   0x00000000       0x3c Device_Startup/startup_samd21.o
 .debug_frame   0x0000003c       0x50 main.o
 .debug_frame   0x0000008c       0x2c c:/program files (x86)/atmel/studio/7.0/toolchain/arm/arm-gnu-toolchain/bin/../lib/gcc/arm-none-eabi/4.9.3/../../../../arm-none-eabi/lib/armv6-m\libc.a(lib_a-init.o)
 .debug_frame   0x000000b8       0x54 c:/program files (x86)/atmel/studio/7.0/toolchain/arm/arm-gnu-toolchain/bin/../lib/gcc/arm-none-eabi/4.9.3/../../../../arm-none-eabi/lib/armv6-m\libc.a(lib_a-__call_atexit.o)
 .debug_frame   0x0000010c       0x28 c:/program files (x86)/atmel/studio/7.0/toolchain/arm/arm-gnu-toolchain/bin/../lib/gcc/arm-none-eabi/4.9.3/../../../../arm-none-eabi/lib/armv6-m\libc.a(lib_a-atexit.o)
 .debug_frame   0x00000134       0x2c c:/program files (x86)/atmel/studio/7.0/toolchain/arm/arm-gnu-toolchain/bin/../lib/gcc/arm-none-eabi/4.9.3/../../../../arm-none-eabi/lib/armv6-m\libc.a(lib_a-fini.o)
 .debug_frame   0x00000160       0x3c c:/program files (x86)/atmel/studio/7.0/toolchain/arm/arm-gnu-toolchain/bin/../lib/gcc/arm-none-eabi/4.9.3/../../../../arm-none-eabi/lib/armv6-m\libc.a(lib_a-__atexit.o)
