Archive member included because of file (symbol)

c:/program files (x86)/atmel/studio/7.0/toolchain/arm/arm-gnu-toolchain/bin/../lib/gcc/arm-none-eabi/4.9.3/../../../../arm-none-eabi/lib/armv6-m\libm.a(lib_a-w_pow.o)
                              MS5607.o (pow)
c:/program files (x86)/atmel/studio/7.0/toolchain/arm/arm-gnu-toolchain/bin/../lib/gcc/arm-none-eabi/4.9.3/../../../../arm-none-eabi/lib/armv6-m\libm.a(lib_a-e_pow.o)
                              c:/program files (x86)/atmel/studio/7.0/toolchain/arm/arm-gnu-toolchain/bin/../lib/gcc/arm-none-eabi/4.9.3/../../../../arm-none-eabi/lib/armv6-m\libm.a(lib_a-w_pow.o) (__ieee754_pow)
c:/program files (x86)/atmel/studio/7.0/toolchain/arm/arm-gnu-toolchain/bin/../lib/gcc/arm-none-eabi/4.9.3/../../../../arm-none-eabi/lib/armv6-m\libm.a(lib_a-e_sqrt.o)
                              c:/program files (x86)/atmel/studio/7.0/toolchain/arm/arm-gnu-toolchain/bin/../lib/gcc/arm-none-eabi/4.9.3/../../../../arm-none-eabi/lib/armv6-m\libm.a(lib_a-e_pow.o) (__ieee754_sqrt)
c:/program files (x86)/atmel/studio/7.0/toolchain/arm/arm-gnu-toolchain/bin/../lib/gcc/arm-none-eabi/4.9.3/../../../../arm-none-eabi/lib/armv6-m\libm.a(lib_a-s_fabs.o)
                              c:/program files (x86)/atmel/studio/7.0/toolchain/arm/arm-gnu-toolchain/bin/../lib/gcc/arm-none-eabi/4.9.3/../../../../arm-none-eabi/lib/armv6-m\libm.a(lib_a-e_pow.o) (fabs)
c:/program files (x86)/atmel/studio/7.0/toolchain/arm/arm-gnu-toolchain/bin/../lib/gcc/arm-none-eabi/4.9.3/../../../../arm-none-eabi/lib/armv6-m\libm.a(lib_a-s_finite.o)
                              c:/program files (x86)/atmel/studio/7.0/toolchain/arm/arm-gnu-toolchain/bin/../lib/gcc/arm-none-eabi/4.9.3/../../../../arm-none-eabi/lib/armv6-m\libm.a(lib_a-w_pow.o) (finite)
c:/program files (x86)/atmel/studio/7.0/toolchain/arm/arm-gnu-toolchain/bin/../lib/gcc/arm-none-eabi/4.9.3/../../../../arm-none-eabi/lib/armv6-m\libm.a(lib_a-s_fpclassify.o)
                              c:/program files (x86)/atmel/studio/7.0/toolchain/arm/arm-gnu-toolchain/bin/../lib/gcc/arm-none-eabi/4.9.3/../../../../arm-none-eabi/lib/armv6-m\libm.a(lib_a-w_pow.o) (__fpclassifyd)
c:/program files (x86)/atmel/studio/7.0/toolchain/arm/arm-gnu-toolchain/bin/../lib/gcc/arm-none-eabi/4.9.3/../../../../arm-none-eabi/lib/armv6-m\libm.a(lib_a-s_lib_ver.o)
                              c:/program files (x86)/atmel/studio/7.0/toolchain/arm/arm-gnu-toolchain/bin/../lib/gcc/arm-none-eabi/4.9.3/../../../../arm-none-eabi/lib/armv6-m\libm.a(lib_a-w_pow.o) (__fdlib_version)
c:/program files (x86)/atmel/studio/7.0/toolchain/arm/arm-gnu-toolchain/bin/../lib/gcc/arm-none-eabi/4.9.3/../../../../arm-none-eabi/lib/armv6-m\libm.a(lib_a-s_matherr.o)
                              c:/program files (x86)/atmel/studio/7.0/toolchain/arm/arm-gnu-toolchain/bin/../lib/gcc/arm-none-eabi/4.9.3/../../../../arm-none-eabi/lib/armv6-m\libm.a(lib_a-w_pow.o) (matherr)
c:/program files (x86)/atmel/studio/7.0/toolchain/arm/arm-gnu-toolchain/bin/../lib/gcc/arm-none-eabi/4.9.3/../../../../arm-none-eabi/lib/armv6-m\libm.a(lib_a-s_nan.o)
                              c:/program files (x86)/atmel/studio/7.0/toolchain/arm/arm-gnu-toolchain/bin/../lib/gcc/arm-none-eabi/4.9.3/../../../../arm-none-eabi/lib/armv6-m\libm.a(lib_a-e_pow.o) (nan)
c:/program files (x86)/atmel/studio/7.0/toolchain/arm/arm-gnu-toolchain/bin/../lib/gcc/arm-none-eabi/4.9.3/../../../../arm-none-eabi/lib/armv6-m\libm.a(lib_a-s_rint.o)
                              c:/program files (x86)/atmel/studio/7.0/toolchain/arm/arm-gnu-toolchain/bin/../lib/gcc/arm-none-eabi/4.9.3/../../../../arm-none-eabi/lib/armv6-m\libm.a(lib_a-w_pow.o) (rint)
c:/program files (x86)/atmel/studio/7.0/toolchain/arm/arm-gnu-toolchain/bin/../lib/gcc/arm-none-eabi/4.9.3/../../../../arm-none-eabi/lib/armv6-m\libm.a(lib_a-s_scalbn.o)
                              c:/program files (x86)/atmel/studio/7.0/toolchain/arm/arm-gnu-toolchain/bin/../lib/gcc/arm-none-eabi/4.9.3/../../../../arm-none-eabi/lib/armv6-m\libm.a(lib_a-e_pow.o) (scalbn)
c:/program files (x86)/atmel/studio/7.0/toolchain/arm/arm-gnu-toolchain/bin/../lib/gcc/arm-none-eabi/4.9.3/../../../../arm-none-eabi/lib/armv6-m\libm.a(lib_a-s_copysign.o)
                              c:/program files (x86)/atmel/studio/7.0/toolchain/arm/arm-gnu-toolchain/bin/../lib/gcc/arm-none-eabi/4.9.3/../../../../arm-none-eabi/lib/armv6-m\libm.a(lib_a-s_scalbn.o) (copysign)
c:/program files (x86)/atmel/studio/7.0/toolchain/arm/arm-gnu-toolchain/bin/../lib/gcc/arm-none-eabi/4.9.3/armv6-m\libgcc.a(_arm_cmpdf2.o)
                              c:/program files (x86)/atmel/studio/7.0/toolchain/arm/arm-gnu-toolchain/bin/../lib/gcc/arm-none-eabi/4.9.3/../../../../arm-none-eabi/lib/armv6-m\libm.a(lib_a-w_pow.o) (__aeabi_dcmpeq)
c:/program files (x86)/atmel/studio/7.0/toolchain/arm/arm-gnu-toolchain/bin/../lib/gcc/arm-none-eabi/4.9.3/armv6-m\libgcc.a(_muldi3.o)
                              MS5607.o (__aeabi_lmul)
[...]
Memory Configuration

Name             Origin             Length             Attributes
rom              0x00000000         0x00040000         xr
ram              0x20000000         0x00008000         xrw
*default*        0x00000000         0xffffffff

Linker script and memory map

LOAD c:/program files (x86)/atmel/studio/7.0/toolchain/arm/arm-gnu-toolchain/bin/../lib/gcc/arm-none-eabi/4.9.3/armv6-m/crti.o
LOAD c:/program files (x86)/atmel/studio/7.0/toolchain/arm/arm-gnu-toolchain/bin/../lib/gcc/arm-none-eabi/4.9.3/armv6-m/crtbegin.o
LOAD c:/program files (x86)/atmel/studio/7.0/toolchain/arm/arm-gnu-toolchain/bin/../lib/gcc/arm-none-eabi/4.9.3/../../../../arm-none-eabi/lib/armv6-m/crt0.o
LOAD ADXL345.o
LOAD MS5607.o
LOAD SaLAccelerometer.o
LOAD SaLAltimeter.o
LOAD SaLBarometer.o
LOAD SaLBitBang.o
LOAD SaLBuzzer.o
LOAD SaLDelay.o
LOAD SaLIo.o
LOAD SaLPort.o
LOAD SaLSpi.o
LOAD SaLUSART.o
LOAD Device_Startup/startup_samd21.o
LOAD Device_Startup/system_samd21.o
LOAD SaLAltimeter-1.0.o
START GROUP
LOAD c:/program files (x86)/atmel/studio/7.0/toolchain/arm/arm-gnu-toolchain/bin/../lib/gcc/arm-none-eabi/4.9.3/../../../../arm-none-eabi/lib/armv6-m\libm.a
END GROUP
START GROUP
LOAD c:/program files (x86)/atmel/studio/7.0/toolchain/arm/arm-gnu-toolchain/bin/../lib/gcc/arm-none-eabi/4.9.3/armv6-m\libgcc.a
LOAD c:/program files (x86)/atmel/studio/7.0/toolchain/arm/arm-gnu-toolchain/bin/../lib/gcc/arm-none-eabi/4.9.3/../../../../arm-none-eabi/lib/armv6-m\libc_nano.a
END GROUP
START GROUP
LOAD c:/program files (x86)/atmel/studio/7.0/toolchain/arm/arm-gnu-toolchain/bin/../lib/gcc/arm-none-eabi/4.9.3/armv6-m\libgcc.a
LOAD c:/program files (x86)/atmel/studio/7.0/toolchain/arm/arm-gnu-toolchain/bin/../lib/gcc/arm-none-eabi/4.9.3/../../../../arm-none-eabi/lib/armv6-m\libc_nano.a
END GROUP
LOAD c:/program files (x86)/atmel/studio/7.0/toolchain/arm/arm-gnu-toolchain/bin/../lib/gcc/arm-none-eabi/4.9.3/armv6-m/crtend.o
LOAD c:/program files (x86)/atmel/studio/7.0/toolchain/arm/arm-gnu-toolchain/bin/../lib/gcc/arm-none-eabi/4.9.3/armv6-m/crtn.o
                0x00002000                STACK_SIZE = DEFINED (STACK_SIZE)?STACK_SIZE:DEFINED (__stack_size__)?__stack_size__:0x2000

.text           0x00000000     0x4074
                0x00000000                . = ALIGN (0x4)
                0x00000000                _sfixed = .
 *(.vectors .vectors.*)
 .vectors       0x00000000       0xb4 Device_Startup/startup_samd21.o
                0x00000000                exception_table
 *(.text .text.* .gnu.linkonce.t.*)
 .text          0x000000b4       0x60 c:/program files (x86)/atmel/studio/7.0/toolchain/arm/arm-gnu-toolchain/bin/../lib/gcc/arm-none-eabi/4.9.3/armv6-m/crtbegin.o
 .text.getADXL345Event
                0x00000114       0x40 ADXL345.o
                0x00000114                getADXL345Event
 .text.readMS5607AdcResults
                0x00000154       0x68 MS5607.o
                0x00000154                readMS5607AdcResults
 .text.getMS5607Coeff
                0x000001bc       0x78 MS5607.o
                0x000001bc                getMS5607Coeff
 .text.ConvertPressureTemperature
                0x00000234       0xc8 MS5607.o
                0x00000234                ConvertPressureTemperature
 .text.paToFeetNOAA
                0x000002fc       0x70 MS5607.o
                0x000002fc                paToFeetNOAA
 .text.initAccelerometer
                0x0000036c       0x90 SaLAccelerometer.o
                0x0000036c                initAccelerometer
 .text.getAccelEvent
                0x000003fc       0xe0 SaLAccelerometer.o
                0x000003fc                getAccelEvent
 .text.initBarometer
                0x000004dc       0x5c SaLBarometer.o
                0x000004dc                initBarometer
 .text.sendMS5607D2ReadReq
                0x00000538       0x20 SaLBarometer.o
                0x00000538                sendMS5607D2ReadReq
 .text.getMS5607PressureSlow
                0x00000558       0x50 SaLBarometer.o
                0x00000558                getMS5607PressureSlow
 .text.byteOut  0x000005a8       0x60 SaLBitBang.o
                0x000005a8                byteOut
 .text.getByte  0x00000608       0x5c SaLBitBang.o
                0x00000608                getByte
 .text.SaLPlayTone
                0x00000664       0x50 SaLBuzzer.o
                0x00000664                SaLPlayTone
 .text.SaLDelayInit
                0x000006b4       0x20 SaLDelay.o
                0x000006b4                SaLDelayInit
 .text.delay_us
                0x000006d4       0x2c SaLDelay.o
                0x000006d4                delay_us
 .text.SaLIoRead
                0x00000700        0x8 SaLIo.o
                0x00000700                SaLIoRead
 .text.SaLPinMode
                0x00000708       0x58 SaLPort.o
                0x00000708                SaLPinMode
 .text.SaLUsartDataWrite
                0x00000760       0x2c SaLUSART.o
 .text.SaLInitUsart
                0x0000078c       0x18 SaLUSART.o
                0x0000078c                SaLInitUsart
 .text.SaLSyncUsartIo
                0x000007a4        0x4 SaLUSART.o
                0x000007a4                SaLSyncUsartIo
 .text._usartByteRecieved
                0x000007a8        0xc SaLUSART.o
                0x000007a8                _usartByteRecieved
 .text.SaLUsartDataRead
                0x000007b4       0x44 SaLUSART.o
 .text.Dummy_Handler
                0x000007f8        0x8 Device_Startup/startup_samd21.o
                0x000007f8                DMAC_Handler
                0x000007f8                HardFault_Handler
                0x000007f8                AC_Handler
                0x000007f8                SysTick_Handler
                0x000007f8                PendSV_Handler
                0x000007f8                NMI_Handler
                0x000007f8                SERCOM1_Handler
                0x000007f8                ADC_Handler
                0x000007f8                TCC1_Handler
                0x000007f8                SERCOM2_Handler
                0x000007f8                TCC0_Handler
                0x000007f8                EIC_Handler
                0x000007f8                WDT_Handler
                0x000007f8                TC4_Handler
                0x000007f8                USB_Handler
                0x000007f8                TC3_Handler
                0x000007f8                Dummy_Handler
                0x000007f8                PM_Handler
                0x000007f8                SERCOM5_Handler
                0x000007f8                SVC_Handler
                0x000007f8                TCC2_Handler
                0x000007f8                EVSYS_Handler
                0x000007f8                SERCOM3_Handler
                0x000007f8                SERCOM4_Handler
                0x000007f8                I2S_Handler
                0x000007f8                NVMCTRL_Handler
                0x000007f8                SERCOM0_Handler
                0x000007f8                DAC_Handler
                0x000007f8                PTC_Handler
                0x000007f8                TC5_Handler
                0x000007f8                SYSCTRL_Handler
 .text.Reset_Handler
                0x00000800       0xf8 Device_Startup/startup_samd21.o
                0x00000800                Reset_Handler
 .text.SystemInit
                0x000008f8       0x10 Device_Startup/system_samd21.o
                0x000008f8                SystemInit
 .text.uart_sync
                0x00000908       0x14 SaLAltimeter-1.0.o
 .text.GclkInit
                0x0000091c       0xa0 SaLAltimeter-1.0.o
                0x0000091c                GclkInit
 .text.PinConfig
                0x000009bc       0x40 SaLAltimeter-1.0.o
                0x000009bc                PinConfig
 .text.RTCInit  0x000009fc       0x88 SaLAltimeter-1.0.o
                0x000009fc                RTCInit
 .text.RTC_Handler
                0x00000a84       0x20 SaLAltimeter-1.0.o
                0x00000a84                RTC_Handler
 .text.main     0x00000aa4      0x1e8 SaLAltimeter-1.0.o
                0x00000aa4                main
 .text.pow      0x00000c8c      0x35c c:/program files (x86)/atmel/studio/7.0/toolchain/arm/arm-gnu-toolchain/bin/../lib/gcc/arm-none-eabi/4.9.3/../../../../arm-none-eabi/lib/armv6-m\libm.a(lib_a-w_pow.o)
                0x00000c8c                pow
 .text.__ieee754_pow
                0x00000fe8      0xa8c c:/program files (x86)/atmel/studio/7.0/toolchain/arm/arm-gnu-toolchain/bin/../lib/gcc/arm-none-eabi/4.9.3/../../../../arm-none-eabi/lib/armv6-m\libm.a(lib_a-e_pow.o)
                0x00000fe8                __ieee754_pow
 .text.__ieee754_sqrt
                0x00001a74      0x1ec c:/program files (x86)/atmel/studio/7.0/toolchain/arm/arm-gnu-toolchain/bin/../lib/gcc/arm-none-eabi/4.9.3/../../../../arm-none-eabi/lib/armv6-m\libm.a(lib_a-e_sqrt.o)
                0x00001a74                __ieee754_sqrt
 .text.fabs     0x00001c60        0x8 c:/program files (x86)/atmel/studio/7.0/toolchain/arm/arm-gnu-toolchain/bin/../lib/gcc/arm-none-eabi/4.9.3/../../../../arm-none-eabi/lib/armv6-m\libm.a(lib_a-s_fabs.o)
                0x00001c60                fabs
 .text.finite   0x00001c68       0x14 c:/program files (x86)/atmel/studio/7.0/toolchain/arm/arm-gnu-toolchain/bin/../lib/gcc/arm-none-eabi/4.9.3/../../../../arm-none-eabi/lib/armv6-m\libm.a(lib_a-s_finite.o)
                0x00001c68                finite
 .text.__fpclassifyd
                0x00001c7c       0x5c c:/program files (x86)/atmel/studio/7.0/toolchain/arm/arm-gnu-toolchain/bin/../lib/gcc/arm-none-eabi/4.9.3/../../../../arm-none-eabi/lib/armv6-m\libm.a(lib_a-s_fpclassify.o)
                0x00001c7c                __fpclassifyd
 .text.matherr  0x00001cd8        0x4 c:/program files (x86)/atmel/studio/7.0/toolchain/arm/arm-gnu-toolchain/bin/../lib/gcc/arm-none-eabi/4.9.3/../../../../arm-none-eabi/lib/armv6-m\libm.a(lib_a-s_matherr.o)
                0x00001cd8                matherr
 .text.nan      0x00001cdc        0xc c:/program files (x86)/atmel/studio/7.0/toolchain/arm/arm-gnu-toolchain/bin/../lib/gcc/arm-none-eabi/4.9.3/../../../../arm-none-eabi/lib/armv6-m\libm.a(lib_a-s_nan.o)
                0x00001cdc                nan
 .text.rint     0x00001ce8      0x144 c:/program files (x86)/atmel/studio/7.0/toolchain/arm/arm-gnu-toolchain/bin/../lib/gcc/arm-none-eabi/4.9.3/../../../../arm-none-eabi/lib/armv6-m\libm.a(lib_a-s_rint.o)
                0x00001ce8                rint
 .text.scalbn   0x00001e2c       0xf8 c:/program files (x86)/atmel/studio/7.0/toolchain/arm/arm-gnu-toolchain/bin/../lib/gcc/arm-none-eabi/4.9.3/../../../../arm-none-eabi/lib/armv6-m\libm.a(lib_a-s_scalbn.o)
                0x00001e2c                scalbn
 .text.copysign
                0x00001f24       0x10 c:/program files (x86)/atmel/studio/7.0/toolchain/arm/arm-gnu-toolchain/bin/../lib/gcc/arm-none-eabi/4.9.3/../../../../arm-none-eabi/lib/armv6-m\libm.a(lib_a-s_copysign.o)
                0x00001f24                copysign
 .text          0x00001f34       0x7c c:/program files (x86)/atmel/studio/7.0/toolchain/arm/arm-gnu-toolchain/bin/../lib/gcc/arm-none-eabi/4.9.3/armv6-m\libgcc.a(_arm_cmpdf2.o)
                0x00001f34                __aeabi_cdrcmple
                0x00001f44                __aeabi_cdcmple
                0x00001f44                __aeabi_cdcmpeq
                0x00001f54                __aeabi_dcmpeq
                0x00001f60                __aeabi_dcmplt
                0x00001f74                __aeabi_dcmple
                0x00001f88                __aeabi_dcmpgt
                0x00001f9c                __aeabi_dcmpge
 .text          0x00001fb0       0x54 c:/program files (x86)/atmel/studio/7.0/toolchain/arm/arm-gnu-toolchain/bin/../lib/gcc/arm-none-eabi/4.9.3/armv6-m\libgcc.a(_muldi3.o)
                0x00001fb0                __muldi3
                0x00001fb0                __aeabi_lmul
 .text          0x00002004       0x3c c:/program files (x86)/atmel/studio/7.0/toolchain/arm/arm-gnu-toolchain/bin/../lib/gcc/arm-none-eabi/4.9.3/armv6-m\libgcc.a(_fixunsdfsi.o)
                0x00002004                __aeabi_d2uiz
                0x00002004                __fixunsdfsi
 .text          0x00002040       0x90 c:/program files (x86)/atmel/studio/7.0/toolchain/arm/arm-gnu-toolchain/bin/../lib/gcc/arm-none-eabi/4.9.3/armv6-m\libgcc.a(floatunsisf.o)
                0x00002040                __aeabi_ui2f
 .text          0x000020d0      0x650 c:/program files (x86)/atmel/studio/7.0/toolchain/arm/arm-gnu-toolchain/bin/../lib/gcc/arm-none-eabi/4.9.3/armv6-m\libgcc.a(adddf3.o)
                0x000020d0                __aeabi_dadd
 .text          0x00002720      0x648 c:/program files (x86)/atmel/studio/7.0/toolchain/arm/arm-gnu-toolchain/bin/../lib/gcc/arm-none-eabi/4.9.3/armv6-m\libgcc.a(divdf3.o)
                0x00002720                __aeabi_ddiv
 .text          0x00002d68       0x88 c:/program files (x86)/atmel/studio/7.0/toolchain/arm/arm-gnu-toolchain/bin/../lib/gcc/arm-none-eabi/4.9.3/armv6-m\libgcc.a(eqdf2.o)
                0x00002d68                __nedf2
                0x00002d68                __eqdf2
 .text          0x00002df0       0xe0 c:/program files (x86)/atmel/studio/7.0/toolchain/arm/arm-gnu-toolchain/bin/../lib/gcc/arm-none-eabi/4.9.3/armv6-m\libgcc.a(gedf2.o)
                0x00002df0                __gedf2
                0x00002df0                __gtdf2
 .text          0x00002ed0       0xcc c:/program files (x86)/atmel/studio/7.0/toolchain/arm/arm-gnu-toolchain/bin/../lib/gcc/arm-none-eabi/4.9.3/armv6-m\libgcc.a(ledf2.o)
                0x00002ed0                __ledf2
                0x00002ed0                __ltdf2
 .text          0x00002f9c      0x534 c:/program files (x86)/atmel/studio/7.0/toolchain/arm/arm-gnu-toolchain/bin/../lib/gcc/arm-none-eabi/4.9.3/armv6-m\libgcc.a(muldf3.o)
                0x00002f9c                __aeabi_dmul
 .text          0x000034d0      0x6f4 c:/program files (x86)/atmel/studio/7.0/toolchain/arm/arm-gnu-toolchain/bin/../lib/gcc/arm-none-eabi/4.9.3/armv6-m\libgcc.a(subdf3.o)
                0x000034d0                __aeabi_dsub
 .text          0x00003bc4       0x6c c:/program files (x86)/atmel/studio/7.0/toolchain/arm/arm-gnu-toolchain/bin/../lib/gcc/arm-none-eabi/4.9.3/armv6-m\libgcc.a(fixdfsi.o)
                0x00003bc4                __aeabi_d2iz
 .text          0x00003c30       0x78 c:/program files (x86)/atmel/studio/7.0/toolchain/arm/arm-gnu-toolchain/bin/../lib/gcc/arm-none-eabi/4.9.3/armv6-m\libgcc.a(floatsidf.o)
                0x00003c30                __aeabi_i2d
 .text          0x00003ca8      0x120 c:/program files (x86)/atmel/studio/7.0/toolchain/arm/arm-gnu-toolchain/bin/../lib/gcc/arm-none-eabi/4.9.3/armv6-m\libgcc.a(truncdfsf2.o)
                0x00003ca8                __aeabi_d2f
 .text          0x00003dc8      0x120 c:/program files (x86)/atmel/studio/7.0/toolchain/arm/arm-gnu-toolchain/bin/../lib/gcc/arm-none-eabi/4.9.3/armv6-m\libgcc.a(_udivsi3.o)
                0x00003dc8                __aeabi_uidiv
                0x00003dc8                __udivsi3
                0x00003ed4                __aeabi_uidivmod
 .text          0x00003ee8        0x4 c:/program files (x86)/atmel/studio/7.0/toolchain/arm/arm-gnu-toolchain/bin/../lib/gcc/arm-none-eabi/4.9.3/armv6-m\libgcc.a(_dvmd_tls.o)
                0x00003ee8                __aeabi_idiv0
                0x00003ee8                __aeabi_ldiv0
 .text          0x00003eec       0x3c c:/program files (x86)/atmel/studio/7.0/toolchain/arm/arm-gnu-toolchain/bin/../lib/gcc/arm-none-eabi/4.9.3/armv6-m\libgcc.a(_clzsi2.o)
                0x00003eec                __clzsi2
 .text.__errno  0x00003f28        0xc c:/program files (x86)/atmel/studio/7.0/toolchain/arm/arm-gnu-toolchain/bin/../lib/gcc/arm-none-eabi/4.9.3/../../../../arm-none-eabi/lib/armv6-m\libc_nano.a(lib_a-errno.o)
                0x00003f28                __errno
 .text.__libc_init_array
                0x00003f34       0x4c c:/program files (x86)/atmel/studio/7.0/toolchain/arm/arm-gnu-toolchain/bin/../lib/gcc/arm-none-eabi/4.9.3/../../../../arm-none-eabi/lib/armv6-m\libc_nano.a(lib_a-init.o)
                0x00003f34                __libc_init_array
 *(.glue_7t)
 .glue_7t       0x00000000        0x0 linker stubs
 *(.glue_7)
 .glue_7        0x00000000        0x0 linker stubs
 *(.rodata .rodata* .gnu.linkonce.r.*)
 .rodata.str1.4
                0x00003f80        0x4 c:/program files (x86)/atmel/studio/7.0/toolchain/arm/arm-gnu-toolchain/bin/../lib/gcc/arm-none-eabi/4.9.3/../../../../arm-none-eabi/lib/armv6-m\libm.a(lib_a-w_pow.o)
 *fill*         0x00003f84        0x4 
 .rodata.dp_h   0x00003f88       0x10 c:/program files (x86)/atmel/studio/7.0/toolchain/arm/arm-gnu-toolchain/bin/../lib/gcc/arm-none-eabi/4.9.3/../../../../arm-none-eabi/lib/armv6-m\libm.a(lib_a-e_pow.o)
 .rodata.dp_l   0x00003f98       0x10 c:/program files (x86)/atmel/studio/7.0/toolchain/arm/arm-gnu-toolchain/bin/../lib/gcc/arm-none-eabi/4.9.3/../../../../arm-none-eabi/lib/armv6-m\libm.a(lib_a-e_pow.o)
 .rodata.bp     0x00003fa8       0x10 c:/program files (x86)/atmel/studio/7.0/toolchain/arm/arm-gnu-toolchain/bin/../lib/gcc/arm-none-eabi/4.9.3/../../../../arm-none-eabi/lib/armv6-m\libm.a(lib_a-e_pow.o)
 .rodata.str1.4
                0x00003fb8        0x4 c:/program files (x86)/atmel/studio/7.0/toolchain/arm/arm-gnu-toolchain/bin/../lib/gcc/arm-none-eabi/4.9.3/../../../../arm-none-eabi/lib/armv6-m\libm.a(lib_a-e_pow.o)
                                  0x1 (size before relaxing)
 *fill*         0x00003fbc        0x4 
 .rodata.TWO52  0x00003fc0       0x10 c:/program files (x86)/atmel/studio/7.0/toolchain/arm/arm-gnu-toolchain/bin/../lib/gcc/arm-none-eabi/4.9.3/../../../../arm-none-eabi/lib/armv6-m\libm.a(lib_a-s_rint.o)
 .rodata        0x00003fd0       0x40 c:/program files (x86)/atmel/studio/7.0/toolchain/arm/arm-gnu-toolchain/bin/../lib/gcc/arm-none-eabi/4.9.3/armv6-m\libgcc.a(divdf3.o)
 .rodata        0x00004010       0x40 c:/program files (x86)/atmel/studio/7.0/toolchain/arm/arm-gnu-toolchain/bin/../lib/gcc/arm-none-eabi/4.9.3/armv6-m\libgcc.a(muldf3.o)
 .rodata.str1.1
                0x00004050        0x2 c:/program files (x86)/atmel/studio/7.0/toolchain/arm/arm-gnu-toolchain/bin/../lib/gcc/arm-none-eabi/4.9.3/../../../../arm-none-eabi/lib/armv6-m\libc_nano.a(lib_a-impure.o)
 *(.ARM.extab* .gnu.linkonce.armextab.*)
                0x00004054                . = ALIGN (0x4)
 *fill*         0x00004052        0x2 
 *(.init)
 .init          0x00004054        0x4 c:/program files (x86)/atmel/studio/7.0/toolchain/arm/arm-gnu-toolchain/bin/../lib/gcc/arm-none-eabi/4.9.3/armv6-m/crti.o
                0x00004054                _init
 .init          0x00004058        0x8 c:/program files (x86)/atmel/studio/7.0/toolchain/arm/arm-gnu-toolchain/bin/../lib/gcc/arm-none-eabi/4.9.3/armv6-m/crtn.o
                0x00004060                . = ALIGN (0x4)
                0x00004060                __preinit_array_start = .
 *(.preinit_array)
                0x00004060                __preinit_array_end = .
                0x00004060                . = ALIGN (0x4)
                0x00004060                __init_array_start = .
 *(SORT(.init_array.*))
 *(.init_array)
 .init_array    0x00004060        0x4 c:/program files (x86)/atmel/studio/7.0/toolchain/arm/arm-gnu-toolchain/bin/../lib/gcc/arm-none-eabi/4.9.3/armv6-m/crtbegin.o
                0x00004064                __init_array_end = .
                0x00004064                . = ALIGN (0x4)
 *crtbegin.o(.ctors)
 *(EXCLUDE_FILE(*crtend.o) .ctors)
 *(SORT(.ctors.*))
 *crtend.o(.ctors)
                0x00004064                . = ALIGN (0x4)
 *(.fini)
 .fini          0x00004064        0x4 c:/program files (x86)/atmel/studio/7.0/toolchain/arm/arm-gnu-toolchain/bin/../lib/gcc/arm-none-eabi/4.9.3/armv6-m/crti.o
                0x00004064                _fini
 .fini          0x00004068        0x8 c:/program files (x86)/atmel/studio/7.0/toolchain/arm/arm-gnu-toolchain/bin/../lib/gcc/arm-none-eabi/4.9.3/armv6-m/crtn.o
                0x00004070                . = ALIGN (0x4)
                0x00004070                __fini_array_start = .
 *(.fini_array)
 .fini_array    0x00004070        0x4 c:/program files (x86)/atmel/studio/7.0/toolchain/arm/arm-gnu-toolchain/bin/../lib/gcc/arm-none-eabi/4.9.3/armv6-m/crtbegin.o
 *(SORT(.fini_array.*))
                0x00004074                __fini_array_end = .
 *crtbegin.o(.dtors)
 *(EXCLUDE_FILE(*crtend.o) .dtors)
 *(SORT(.dtors.*))
 *crtend.o(.dtors)
                0x00004074                . = ALIGN (0x4)
                0x00004074                _efixed = .
                0x00004074                PROVIDE (__exidx_start, .)

.vfp11_veneer   0x00004074        0x0
 .vfp11_veneer  0x00000000        0x0 linker stubs

.v4_bx          0x00004074        0x0
 .v4_bx         0x00000000        0x0 linker stubs

.iplt           0x00004074        0x0
 .iplt          0x00000000        0x0 c:/program files (x86)/atmel/studio/7.0/toolchain/arm/arm-gnu-toolchain/bin/../lib/gcc/arm-none-eabi/4.9.3/armv6-m/crtbegin.o

.eh_frame       0x00004074        0x0
 .eh_frame      0x00004074        0x0 c:/program files (x86)/atmel/studio/7.0/toolchain/arm/arm-gnu-toolchain/bin/../lib/gcc/arm-none-eabi/4.9.3/armv6-m/crtbegin.o

.rel.dyn        0x00004074        0x0
 .rel.iplt      0x00000000        0x0 c:/program files (x86)/atmel/studio/7.0/toolchain/arm/arm-gnu-toolchain/bin/../lib/gcc/arm-none-eabi/4.9.3/armv6-m/crtbegin.o

.jcr            0x00004074        0x0
 .jcr           0x00004074        0x0 c:/program files (x86)/atmel/studio/7.0/toolchain/arm/arm-gnu-toolchain/bin/../lib/gcc/arm-none-eabi/4.9.3/armv6-m/crtbegin.o

.igot.plt       0x00004074        0x0
 .igot.plt      0x00000000        0x0 c:/program files (x86)/atmel/studio/7.0/toolchain/arm/arm-gnu-toolchain/bin/../lib/gcc/arm-none-eabi/4.9.3/armv6-m/crtbegin.o

.ARM.exidx
 *(.ARM.exidx* .gnu.linkonce.armexidx.*)
                0x00004074                PROVIDE (__exidx_end, .)
                0x00004074                . = ALIGN (0x4)
                0x00004074                _etext = .

.relocate       0x20000000       0x74 load address 0x00004074
                0x20000000                . = ALIGN (0x4)
                0x20000000                _srelocate = .
 *(.ramfunc .ramfunc.*)
 *(.data .data.*)
 .data          0x20000000        0x8 SaLDelay.o
 .data          0x20000008        0x4 Device_Startup/system_samd21.o
                0x20000008                SystemCoreClock
 .data.__fdlib_version
                0x2000000c        0x1 c:/program files (x86)/atmel/studio/7.0/toolchain/arm/arm-gnu-toolchain/bin/../lib/gcc/arm-none-eabi/4.9.3/../../../../arm-none-eabi/lib/armv6-m\libm.a(lib_a-s_lib_ver.o)
                0x2000000c                __fdlib_version
 *fill*         0x2000000d        0x3 
 .data.impure_data
                0x20000010       0x60 c:/program files (x86)/atmel/studio/7.0/toolchain/arm/arm-gnu-toolchain/bin/../lib/gcc/arm-none-eabi/4.9.3/../../../../arm-none-eabi/lib/armv6-m\libc_nano.a(lib_a-impure.o)
 .data._impure_ptr
                0x20000070        0x4 c:/program files (x86)/atmel/studio/7.0/toolchain/arm/arm-gnu-toolchain/bin/../lib/gcc/arm-none-eabi/4.9.3/../../../../arm-none-eabi/lib/armv6-m\libc_nano.a(lib_a-impure.o)
                0x20000070                _impure_ptr
                0x20000074                . = ALIGN (0x4)
                0x20000074                _erelocate = .

.bss            0x20000074     0x4e50 load address 0x000040e8
                0x20000074                . = ALIGN (0x4)
                0x20000074                _sbss = .
                0x20000074                _szero = .
 *(.bss .bss.*)
 .bss           0x20000074       0x1c c:/program files (x86)/atmel/studio/7.0/toolchain/arm/arm-gnu-toolchain/bin/../lib/gcc/arm-none-eabi/4.9.3/armv6-m/crtbegin.o
 .bss           0x20000090        0x8 SaLAltimeter-1.0.o
                0x20000090                time_ms
                0x20000094                counter
 *(COMMON)
 COMMON         0x20000098        0xc SaLUSART.o
                0x20000098                USART_0
 COMMON         0x200000a4     0x4e20 SaLAltimeter-1.0.o
                0x200000a4                accelDataY
                0x20001044                accelDataZ
                0x20001fe4                lasttimes
                0x20002f84                accelDataX
                0x20003f24                currentHeight
                0x20004ec4                . = ALIGN (0x4)
                0x20004ec4                _ebss = .
                0x20004ec4                _ezero = .

.stack          0x20004ec4     0x2004 load address 0x00008f38
                0x20004ec8                . = ALIGN (0x8)
 *fill*         0x20004ec4        0x4 
                0x20004ec8                _sstack = .
                0x20006ec8                . = (. + STACK_SIZE)
 *fill*         0x20004ec8     0x2000 
                0x20006ec8                . = ALIGN (0x8)
                0x20006ec8                _estack = .
                0x20006ec8                . = ALIGN (0x4)
                0x20006ec8                _end = .
OUTPUT(SaLAltimeter-1.0.elf elf32-littlearm)

.ARM.attributes
                0x00000000       0x28
 .ARM.attributes
                0x00000000       0x1e c:/program files (x86)/atmel/studio/7.0/toolchain/arm/arm-gnu-toolchain/bin/../lib/gcc/arm-none-eabi/4.9.3/armv6-m/crti.o
 .ARM.attributes
                0x0000001e       0x2c c:/program files (x86)/atmel/studio/7.0/toolchain/arm/arm-gnu-toolchain/bin/../lib/gcc/arm-none-eabi/4.9.3/armv6-m/crtbegin.o
 .ARM.attributes
                0x0000004a       0x32 ADXL345.o
 .ARM.attributes
                0x0000007c       0x32 MS5607.o
 .ARM.attributes
                0x000000ae       0x32 SaLAccelerometer.o
 .ARM.attributes
                0x000000e0       0x32 SaLBarometer.o
 .ARM.attributes
                0x00000112       0x32 SaLBitBang.o
 .ARM.attributes
                0x00000144       0x32 SaLBuzzer.o
 .ARM.attributes
                0x00000176       0x32 SaLDelay.o
 .ARM.attributes
                0x000001a8       0x32 SaLIo.o
 .ARM.attributes
                0x000001da       0x32 SaLPort.o
 .ARM.attributes
                0x0000020c       0x32 SaLUSART.o
 .ARM.attributes
                0x0000023e       0x32 Device_Startup/startup_samd21.o
 .ARM.attributes
                0x00000270       0x32 Device_Startup/system_samd21.o
 .ARM.attributes
                0x000002a2       0x32 SaLAltimeter-1.0.o
 .ARM.attributes
                0x000002d4       0x2c c:/program files (x86)/atmel/studio/7.0/toolchain/arm/arm-gnu-toolchain/bin/../lib/gcc/arm-none-eabi/4.9.3/../../../../arm-none-eabi/lib/armv6-m\libm.a(lib_a-w_pow.o)
 .ARM.attributes
                0x00000300       0x2c c:/program files (x86)/atmel/studio/7.0/toolchain/arm/arm-gnu-toolchain/bin/../lib/gcc/arm-none-eabi/4.9.3/../../../../arm-none-eabi/lib/armv6-m\libm.a(lib_a-e_pow.o)
 .ARM.attributes
                0x0000032c       0x2c c:/program files (x86)/atmel/studio/7.0/toolchain/arm/arm-gnu-toolchain/bin/../lib/gcc/arm-none-eabi/4.9.3/../../../../arm-none-eabi/lib/armv6-m\libm.a(lib_a-e_sqrt.o)
 .ARM.attributes
                0x00000358       0x2c c:/program files (x86)/atmel/studio/7.0/toolchain/arm/arm-gnu-toolchain/bin/../lib/gcc/arm-none-eabi/4.9.3/../../../../arm-none-eabi/lib/armv6-m\libm.a(lib_a-s_fabs.o)
 .ARM.attributes
                0x00000384       0x2c c:/program files (x86)/atmel/studio/7.0/toolchain/arm/arm-gnu-toolchain/bin/../lib/gcc/arm-none-eabi/4.9.3/../../../../arm-none-eabi/lib/armv6-m\libm.a(lib_a-s_finite.o)
 .ARM.attributes
                0x000003b0       0x2c c:/program files (x86)/atmel/studio/7.0/toolchain/arm/arm-gnu-toolchain/bin/../lib/gcc/arm-none-eabi/4.9.3/../../../../arm-none-eabi/lib/armv6-m\libm.a(lib_a-s_fpclassify.o)
 .ARM.attributes
                0x000003dc       0x2c c:/program files (x86)/atmel/studio/7.0/toolchain/arm/arm-gnu-toolchain/bin/../lib/gcc/arm-none-eabi/4.9.3/../../../../arm-none-eabi/lib/armv6-m\libm.a(lib_a-s_lib_ver.o)
 .ARM.attributes
                0x00000408       0x2c c:/program files (x86)/atmel/studio/7.0/toolchain/arm/arm-gnu-toolchain/bin/../lib/gcc/arm-none-eabi/4.9.3/../../../../arm-none-eabi/lib/armv6-m\libm.a(lib_a-s_matherr.o)
 .ARM.attributes
                0x00000434       0x2c c:/program files (x86)/atmel/studio/7.0/toolchain/arm/arm-gnu-toolchain/bin/../lib/gcc/arm-none-eabi/4.9.3/../../../../arm-none-eabi/lib/armv6-m\libm.a(lib_a-s_nan.o)
 .ARM.attributes
                0x00000460       0x2c c:/program files (x86)/atmel/studio/7.0/toolchain/arm/arm-gnu-toolchain/bin/../lib/gcc/arm-none-eabi/4.9.3/../../../../arm-none-eabi/lib/armv6-m\libm.a(lib_a-s_rint.o)
 .ARM.attributes
                0x0000048c       0x2c c:/program files (x86)/atmel/studio/7.0/toolchain/arm/arm-gnu-toolchain/bin/../lib/gcc/arm-none-eabi/4.9.3/../../../../arm-none-eabi/lib/armv6-m\libm.a(lib_a-s_scalbn.o)
 .ARM.attributes
                0x000004b8       0x2c c:/program files (x86)/atmel/studio/7.0/toolchain/arm/arm-gnu-toolchain/bin/../lib/gcc/arm-none-eabi/4.9.3/../../../../arm-none-eabi/lib/armv6-m\libm.a(lib_a-s_copysign.o)
 .ARM.attributes
                0x000004e4       0x1e c:/program files (x86)/atmel/studio/7.0/toolchain/arm/arm-gnu-toolchain/bin/../lib/gcc/arm-none-eabi/4.9.3/armv6-m\libgcc.a(_arm_cmpdf2.o)
 .ARM.attributes
                0x00000502       0x2c c:/program files (x86)/atmel/studio/7.0/toolchain/arm/arm-gnu-toolchain/bin/../lib/gcc/arm-none-eabi/4.9.3/armv6-m\libgcc.a(_muldi3.o)
 .ARM.attributes
                0x0000052e       0x2c c:/program files (x86)/atmel/studio/7.0/toolchain/arm/arm-gnu-toolchain/bin/../lib/gcc/arm-none-eabi/4.9.3/armv6-m\libgcc.a(_fixunsdfsi.o)
 .ARM.attributes
                0x0000055a       0x2c c:/program files (x86)/atmel/studio/7.0/toolchain/arm/arm-gnu-toolchain/bin/../lib/gcc/arm-none-eabi/4.9.3/armv6-m\libgcc.a(floatunsisf.o)
 .ARM.attributes
                0x00000586       0x2c c:/program files (x86)/atmel/studio/7.0/toolchain/arm/arm-gnu-toolchain/bin/../lib/gcc/arm-none-eabi/4.9.3/armv6-m\libgcc.a(adddf3.o)
 .ARM.attributes
                0x000005b2       0x2c c:/program files (x86)/atmel/studio/7.0/toolchain/arm/arm-gnu-toolchain/bin/../lib/gcc/arm-none-eabi/4.9.3/armv6-m\libgcc.a(divdf3.o)
 .ARM.attributes
                0x000005de       0x2c c:/program files (x86)/atmel/studio/7.0/toolchain/arm/arm-gnu-toolchain/bin/../lib/gcc/arm-none-eabi/4.9.3/armv6-m\libgcc.a(eqdf2.o)
 .ARM.attributes
                0x0000060a       0x2c c:/program files (x86)/atmel/studio/7.0/toolchain/arm/arm-gnu-toolchain/bin/../lib/gcc/arm-none-eabi/4.9.3/armv6-m\libgcc.a(gedf2.o)
 .ARM.attributes
                0x00000636       0x2c c:/program files (x86)/atmel/studio/7.0/toolchain/arm/arm-gnu-toolchain/bin/../lib/gcc/arm-none-eabi/4.9.3/armv6-m\libgcc.a(ledf2.o)
 .ARM.attributes
                0x00000662       0x2c c:/program files (x86)/atmel/studio/7.0/toolchain/arm/arm-gnu-toolchain/bin/../lib/gcc/arm-none-eabi/4.9.3/armv6-m\libgcc.a(muldf3.o)
 .ARM.attributes
                0x0000068e       0x2c c:/program files (x86)/atmel/studio/7.0/toolchain/arm/arm-gnu-toolchain/bin/../lib/gcc/arm-none-eabi/4.9.3/armv6-m\libgcc.a(subdf3.o)
 .ARM.attributes
                0x000006ba       0x2c c:/program files (x86)/atmel/studio/7.0/toolchain/arm/arm-gnu-toolchain/bin/../lib/gcc/arm-none-eabi/4.9.3/armv6-m\libgcc.a(fixdfsi.o)
 .ARM.attributes
                0x000006e6       0x2c c:/program files (x86)/atmel/studio/7.0/toolchain/arm/arm-gnu-toolchain/bin/../lib/gcc/arm-none-eabi/4.9.3/armv6-m\libgcc.a(floatsidf.o)
 .ARM.attributes
                0x00000712       0x2c c:/program files (x86)/atmel/studio/7.0/toolchain/arm/arm-gnu-toolchain/bin/../lib/gcc/arm-none-eabi/4.9.3/armv6-m\libgcc.a(truncdfsf2.o)
 .ARM.attributes
                0x0000073e       0x1e c:/program files (x86)/atmel/studio/7.0/toolchain/arm/arm-gnu-toolchain/bin/../lib/gcc/arm-none-eabi/4.9.3/armv6-m\libgcc.a(_udivsi3.o)
 .ARM.attributes
                0x0000075c       0x1e c:/program files (x86)/atmel/studio/7.0/toolchain/arm/arm-gnu-toolchain/bin/../lib/gcc/arm-none-eabi/4.9.3/armv6-m\libgcc.a(_dvmd_tls.o)
 .ARM.attributes
                0x0000077a       0x1e c:/program files (x86)/atmel/studio/7.0/toolchain/arm/arm-gnu-toolchain/bin/../lib/gcc/arm-none-eabi/4.9.3/armv6-m\libgcc.a(_clzsi2.o)
 .ARM.attributes
                0x00000798       0x2c c:/program files (x86)/atmel/studio/7.0/toolchain/arm/arm-gnu-toolchain/bin/../lib/gcc/arm-none-eabi/4.9.3/../../../../arm-none-eabi/lib/armv6-m\libc_nano.a(lib_a-errno.o)
 .ARM.attributes
                0x000007c4       0x2c c:/program files (x86)/atmel/studio/7.0/toolchain/arm/arm-gnu-toolchain/bin/../lib/gcc/arm-none-eabi/4.9.3/../../../../arm-none-eabi/lib/armv6-m\libc_nano.a(lib_a-impure.o)
 .ARM.attributes
                0x000007f0       0x2c c:/program files (x86)/atmel/studio/7.0/toolchain/arm/arm-gnu-toolchain/bin/../lib/gcc/arm-none-eabi/4.9.3/../../../../arm-none-eabi/lib/armv6-m\libc_nano.a(lib_a-init.o)
 .ARM.attributes
                0x0000081c       0x1e c:/program files (x86)/atmel/studio/7.0/toolchain/arm/arm-gnu-toolchain/bin/../lib/gcc/arm-none-eabi/4.9.3/armv6-m/crtn.o

.comment        0x00000000       0x5b
 .comment       0x00000000       0x5b ADXL345.o
                                 0x5c (size before relaxing)
 .comment       0x00000000       0x5c MS5607.o
 .comment       0x00000000       0x5c SaLAccelerometer.o
 .comment       0x00000000       0x5c SaLBarometer.o
 .comment       0x00000000       0x5c SaLBitBang.o
 .comment       0x00000000       0x5c SaLBuzzer.o
 .comment       0x00000000       0x5c SaLDelay.o
 .comment       0x00000000       0x5c SaLIo.o
 .comment       0x00000000       0x5c SaLPort.o
 .comment       0x00000000       0x5c SaLUSART.o
 .comment       0x00000000       0x5c Device_Startup/startup_samd21.o
 .comment       0x00000000       0x5c Device_Startup/system_samd21.o
 .comment       0x00000000       0x5c SaLAltimeter-1.0.o

.debug_info     0x00000000    0x11987
 .debug_info    0x00000000      0xc14 ADXL345.o
 .debug_info    0x00000c14      0xe21 MS5607.o
 .debug_info    0x00001a35      0xe16 SaLAccelerometer.o
 .debug_info    0x0000284b      0xb1d SaLBarometer.o
 .debug_info    0x00003368      0xe12 SaLBitBang.o
 .debug_info    0x0000417a      0x900 SaLBuzzer.o
 .debug_info    0x00004a7a      0x25e SaLDelay.o
 .debug_info    0x00004cd8      0x2a8 SaLIo.o
 .debug_info    0x00004f80      0x85c SaLPort.o
 .debug_info    0x000057dc     0x2351 SaLUSART.o
 .debug_info    0x00007b2d     0x3ac6 Device_Startup/startup_samd21.o
 .debug_info    0x0000b5f3       0xcd Device_Startup/system_samd21.o
 .debug_info    0x0000b6c0     0x62c7 SaLAltimeter-1.0.o

.debug_abbrev   0x00000000     0x1c34
 .debug_abbrev  0x00000000      0x2b1 ADXL345.o
 .debug_abbrev  0x000002b1      0x2b0 MS5607.o
 .debug_abbrev  0x00000561      0x295 SaLAccelerometer.o
 .debug_abbrev  0x000007f6      0x252 SaLBarometer.o
 .debug_abbrev  0x00000a48      0x262 SaLBitBang.o
 .debug_abbrev  0x00000caa      0x226 SaLBuzzer.o
 .debug_abbrev  0x00000ed0      0x12b SaLDelay.o
 .debug_abbrev  0x00000ffb       0xf5 SaLIo.o
 .debug_abbrev  0x000010f0      0x1e0 SaLPort.o
 .debug_abbrev  0x000012d0      0x2cf SaLUSART.o
 .debug_abbrev  0x0000159f      0x263 Device_Startup/startup_samd21.o
 .debug_abbrev  0x00001802       0x65 Device_Startup/system_samd21.o
 .debug_abbrev  0x00001867      0x3cd SaLAltimeter-1.0.o

.debug_loc      0x00000000     0x12d7
 .debug_loc     0x00000000      0x167 ADXL345.o
 .debug_loc     0x00000167      0x32e MS5607.o
 .debug_loc     0x00000495      0x17e SaLAccelerometer.o
 .debug_loc     0x00000613       0xec SaLBarometer.o
 .debug_loc     0x000006ff      0x404 SaLBitBang.o
 .debug_loc     0x00000b03       0x78 SaLBuzzer.o
 .debug_loc     0x00000b7b       0xc4 SaLDelay.o
 .debug_loc     0x00000c3f      0x106 SaLIo.o
 .debug_loc     0x00000d45      0x1cd SaLPort.o
 .debug_loc     0x00000f12      0x2a7 SaLUSART.o
 .debug_loc     0x000011b9       0x20 Device_Startup/startup_samd21.o
 .debug_loc     0x000011d9       0xfe SaLAltimeter-1.0.o

.debug_aranges  0x00000000      0x290
 .debug_aranges
                0x00000000       0x48 ADXL345.o
 .debug_aranges
                0x00000048       0x40 MS5607.o
 .debug_aranges
                0x00000088       0x28 SaLAccelerometer.o
 .debug_aranges
                0x000000b0       0x30 SaLBarometer.o
 .debug_aranges
                0x000000e0       0x38 SaLBitBang.o
 .debug_aranges
                0x00000118       0x20 SaLBuzzer.o
 .debug_aranges
                0x00000138       0x30 SaLDelay.o
 .debug_aranges
                0x00000168       0x28 SaLIo.o
 .debug_aranges
                0x00000190       0x20 SaLPort.o
 .debug_aranges
                0x000001b0       0x48 SaLUSART.o
 .debug_aranges
                0x000001f8       0x28 Device_Startup/startup_samd21.o
 .debug_aranges
                0x00000220       0x28 Device_Startup/system_samd21.o
 .debug_aranges
                0x00000248       0x48 SaLAltimeter-1.0.o

.debug_ranges   0x00000000      0x2f8
 .debug_ranges  0x00000000       0x38 ADXL345.o
 .debug_ranges  0x00000038       0x30 MS5607.o
 .debug_ranges  0x00000068       0x18 SaLAccelerometer.o
 .debug_ranges  0x00000080       0x20 SaLBarometer.o
 .debug_ranges  0x000000a0      0x100 SaLBitBang.o
 .debug_ranges  0x000001a0       0x10 SaLBuzzer.o
 .debug_ranges  0x000001b0       0x50 SaLDelay.o
 .debug_ranges  0x00000200       0x18 SaLIo.o
 .debug_ranges  0x00000218       0x10 SaLPort.o
 .debug_ranges  0x00000228       0x50 SaLUSART.o
 .debug_ranges  0x00000278       0x18 Device_Startup/startup_samd21.o
 .debug_ranges  0x00000290       0x18 Device_Startup/system_samd21.o
 .debug_ranges  0x000002a8       0x50 SaLAltimeter-1.0.o

.debug_macro    0x00000000    0x15289
 .debug_macro   0x00000000      0x545 ADXL345.o
 .debug_macro   0x00000545      0x832 ADXL345.o
 .debug_macro   0x00000d77      0x166 ADXL345.o
 .debug_macro   0x00000edd       0x22 ADXL345.o
 .debug_macro   0x00000eff       0x44 ADXL345.o
 .debug_macro   0x00000f43       0x58 ADXL345.o
 .debug_macro   0x00000f9b       0x22 ADXL345.o
 .debug_macro   0x00000fbd      0x1df ADXL345.o
 .debug_macro   0x0000119c       0x58 ADXL345.o
 .debug_macro   0x000011f4       0x35 ADXL345.o
 .debug_macro   0x00001229       0x9c ADXL345.o
 .debug_macro   0x000012c5       0x16 ADXL345.o
 .debug_macro   0x000012db       0x35 ADXL345.o
 .debug_macro   0x00001310      0x29d ADXL345.o
 .debug_macro   0x000015ad       0x10 ADXL345.o
 .debug_macro   0x000015bd       0x52 ADXL345.o
 .debug_macro   0x0000160f       0x16 ADXL345.o
 .debug_macro   0x00001625       0x43 ADXL345.o
 .debug_macro   0x00001668      0x180 ADXL345.o
 .debug_macro   0x000017e8       0x10 ADXL345.o
 .debug_macro   0x000017f8       0x22 ADXL345.o
 .debug_macro   0x0000181a       0xbe ADXL345.o
 .debug_macro   0x000018d8       0x16 ADXL345.o
 .debug_macro   0x000018ee      0x197 ADXL345.o
 .debug_macro   0x00001a85       0x16 ADXL345.o
 .debug_macro   0x00001a9b       0x16 ADXL345.o
 .debug_macro   0x00001ab1       0x29 ADXL345.o
 .debug_macro   0x00001ada       0x22 ADXL345.o
 .debug_macro   0x00001afc       0x28 ADXL345.o
 .debug_macro   0x00001b24       0x40 ADXL345.o
 .debug_macro   0x00001b64       0x3a ADXL345.o
 .debug_macro   0x00001b9e       0x1f ADXL345.o
 .debug_macro   0x00001bbd      0x250 ADXL345.o
 .debug_macro   0x00001e0d      0x682 ADXL345.o
 .debug_macro   0x0000248f      0x8bf ADXL345.o
 .debug_macro   0x00002d4e      0x235 ADXL345.o
 .debug_macro   0x00002f83      0xd6a ADXL345.o
 .debug_macro   0x00003ced      0x4ce ADXL345.o
 .debug_macro   0x000041bb      0x9f8 ADXL345.o
 .debug_macro   0x00004bb3      0x82b ADXL345.o
 .debug_macro   0x000053de      0x45f ADXL345.o
 .debug_macro   0x0000583d       0x5e ADXL345.o
 .debug_macro   0x0000589b      0x906 ADXL345.o
 .debug_macro   0x000061a1      0x225 ADXL345.o
 .debug_macro   0x000063c6      0x797 ADXL345.o
 .debug_macro   0x00006b5d       0x5e ADXL345.o
 .debug_macro   0x00006bbb      0x634 ADXL345.o
 .debug_macro   0x000071ef      0x3b6 ADXL345.o
 .debug_macro   0x000075a5      0xc55 ADXL345.o
 .debug_macro   0x000081fa     0x1092 ADXL345.o
 .debug_macro   0x0000928c      0xc4a ADXL345.o
 .debug_macro   0x00009ed6      0x6bf ADXL345.o
 .debug_macro   0x0000a595     0x1b4b ADXL345.o
 .debug_macro   0x0000c0e0     0x144a ADXL345.o
 .debug_macro   0x0000d52a      0x34e ADXL345.o
 .debug_macro   0x0000d878       0x7c ADXL345.o
 .debug_macro   0x0000d8f4       0xa0 ADXL345.o
 .debug_macro   0x0000d994       0x4c ADXL345.o
 .debug_macro   0x0000d9e0       0xca ADXL345.o
 .debug_macro   0x0000daaa       0x94 ADXL345.o
 .debug_macro   0x0000db3e       0x58 ADXL345.o
 .debug_macro   0x0000db96      0x364 ADXL345.o
 .debug_macro   0x0000defa       0x82 ADXL345.o
 .debug_macro   0x0000df7c      0x197 ADXL345.o
 .debug_macro   0x0000e113       0xb8 ADXL345.o
 .debug_macro   0x0000e1cb       0xa0 ADXL345.o
 .debug_macro   0x0000e26b       0xb2 ADXL345.o
 .debug_macro   0x0000e31d       0x1c ADXL345.o
 .debug_macro   0x0000e339       0x1c ADXL345.o
 .debug_macro   0x0000e355       0x1c ADXL345.o
 .debug_macro   0x0000e371       0x7c ADXL345.o
 .debug_macro   0x0000e3ed      0x161 ADXL345.o
 .debug_macro   0x0000e54e       0xdc ADXL345.o
 .debug_macro   0x0000e62a      0x12f ADXL345.o
 .debug_macro   0x0000e759      0x12f ADXL345.o
 .debug_macro   0x0000e888      0x12f ADXL345.o
 .debug_macro   0x0000e9b7      0x12f ADXL345.o
 .debug_macro   0x0000eae6      0x12f ADXL345.o
 .debug_macro   0x0000ec15      0x12f ADXL345.o
 .debug_macro   0x0000ed44      0x11e ADXL345.o
 .debug_macro   0x0000ee62       0xe2 ADXL345.o
 .debug_macro   0x0000ef44       0xe2 ADXL345.o
 .debug_macro   0x0000f026       0xe2 ADXL345.o
 .debug_macro   0x0000f108      0x12c ADXL345.o
 .debug_macro   0x0000f234      0x100 ADXL345.o
 .debug_macro   0x0000f334       0xf4 ADXL345.o
 .debug_macro   0x0000f428      0x40f ADXL345.o
 .debug_macro   0x0000f837       0x40 ADXL345.o
 .debug_macro   0x0000f877      0x361 ADXL345.o
 .debug_macro   0x0000fbd8     0x16ea ADXL345.o
 .debug_macro   0x000112c2       0x6d ADXL345.o
 .debug_macro   0x0001132f       0x82 ADXL345.o
 .debug_macro   0x000113b1       0x88 ADXL345.o
 .debug_macro   0x00011439       0x10 ADXL345.o
 .debug_macro   0x00011449       0x46 ADXL345.o
 .debug_macro   0x0001148f       0xbe ADXL345.o
 .debug_macro   0x0001154d      0x558 MS5607.o
 .debug_macro   0x00011aa5      0x1e1 MS5607.o
 .debug_macro   0x00011c86      0x54f SaLAccelerometer.o
 .debug_macro   0x000121d5      0x545 SaLBarometer.o
 .debug_macro   0x0001271a      0x545 SaLBitBang.o
 .debug_macro   0x00012c5f      0x545 SaLBuzzer.o
 .debug_macro   0x000131a4      0x545 SaLDelay.o
 .debug_macro   0x000136e9      0x565 SaLIo.o
 .debug_macro   0x00013c4e      0x545 SaLPort.o
 .debug_macro   0x00014193      0x56f SaLUSART.o
 .debug_macro   0x00014702      0x2d6 Device_Startup/startup_samd21.o
 .debug_macro   0x000149d8       0x3a Device_Startup/startup_samd21.o
 .debug_macro   0x00014a12      0x2dc Device_Startup/system_samd21.o
 .debug_macro   0x00014cee      0x59b SaLAltimeter-1.0.o

.debug_line     0x00000000     0x74fe
 .debug_line    0x00000000      0x984 ADXL345.o
 .debug_line    0x00000984      0x9b7 MS5607.o
 .debug_line    0x0000133b      0x96d SaLAccelerometer.o
 .debug_line    0x00001ca8      0x92f SaLBarometer.o
 .debug_line    0x000025d7      0x9c2 SaLBitBang.o
 .debug_line    0x00002f99      0x8fe SaLBuzzer.o
 .debug_line    0x00003897      0x931 SaLDelay.o
 .debug_line    0x000041c8      0x8f8 SaLIo.o
 .debug_line    0x00004ac0      0x8f4 SaLPort.o
 .debug_line    0x000053b4      0x9a4 SaLUSART.o
 .debug_line    0x00005d58      0x6d3 Device_Startup/startup_samd21.o
 .debug_line    0x0000642b      0x6ad Device_Startup/system_samd21.o
 .debug_line    0x00006ad8      0xa26 SaLAltimeter-1.0.o

.debug_str      0x00000000    0x6f2a0
 .debug_str     0x00000000    0x6bd52 ADXL345.o
                              0x6c12c (size before relaxing)
 .debug_str     0x0006bd52      0xafc MS5607.o
                              0x6cb66 (size before relaxing)
 .debug_str     0x0006c84e      0x231 SaLAccelerometer.o
                              0x6c2ee (size before relaxing)
 .debug_str     0x0006ca7f       0x9e SaLBarometer.o
                              0x6c0e6 (size before relaxing)
 .debug_str     0x0006cb1d       0x7f SaLBitBang.o
                              0x6c0a3 (size before relaxing)
 .debug_str     0x0006cb9c       0x47 SaLBuzzer.o
                              0x6c07d (size before relaxing)
 .debug_str     0x0006cbe3       0x7e SaLDelay.o
                              0x6beaa (size before relaxing)
 .debug_str     0x0006cc61       0x7c SaLIo.o
                              0x6beb8 (size before relaxing)
 .debug_str     0x0006ccdd       0x28 SaLPort.o
                              0x6c032 (size before relaxing)
 .debug_str     0x0006cd05      0x771 SaLUSART.o
                              0x6c67b (size before relaxing)
 .debug_str     0x0006d476     0x101b Device_Startup/startup_samd21.o
                              0x6968a (size before relaxing)
 .debug_str     0x0006e491       0x6c Device_Startup/system_samd21.o
                              0x6852a (size before relaxing)
 .debug_str     0x0006e4fd      0xda3 SaLAltimeter-1.0.o
                              0x6d722 (size before relaxing)

.debug_frame    0x00000000      0xa5c
 .debug_frame   0x00000000       0xb4 ADXL345.o
 .debug_frame   0x000000b4       0xd4 MS5607.o
 .debug_frame   0x00000188       0x58 SaLAccelerometer.o
 .debug_frame   0x000001e0       0x68 SaLBarometer.o
 .debug_frame   0x00000248       0x8c SaLBitBang.o
 .debug_frame   0x000002d4       0x38 SaLBuzzer.o
 .debug_frame   0x0000030c       0x58 SaLDelay.o
 .debug_frame   0x00000364       0x40 SaLIo.o
 .debug_frame   0x000003a4       0x28 SaLPort.o
 .debug_frame   0x000003cc       0x94 SaLUSART.o
 .debug_frame   0x00000460       0x3c Device_Startup/startup_samd21.o
 .debug_frame   0x0000049c       0x30 Device_Startup/system_samd21.o
 .debug_frame   0x000004cc       0x94 SaLAltimeter-1.0.o
 .debug_frame   0x00000560       0x38 c:/program files (x86)/atmel/studio/7.0/toolchain/arm/arm-gnu-toolchain/bin/../lib/gcc/arm-none-eabi/4.9.3/../../../../arm-none-eabi/lib/armv6-m\libm.a(lib_a-w_pow.o)
 .debug_frame   0x00000598       0x3c c:/program files (x86)/atmel/studio/7.0/toolchain/arm/arm-gnu-toolchain/bin/../lib/gcc/arm-none-eabi/4.9.3/../../../../arm-none-eabi/lib/armv6-m\libm.a(lib_a-e_pow.o)
 .debug_frame   0x000005d4       0x3c c:/program files (x86)/atmel/studio/7.0/toolchain/arm/arm-gnu-toolchain/bin/../lib/gcc/arm-none-eabi/4.9.3/../../../../arm-none-eabi/lib/armv6-m\libm.a(lib_a-e_sqrt.o)
 .debug_frame   0x00000610       0x20 c:/program files (x86)/atmel/studio/7.0/toolchain/arm/arm-gnu-toolchain/bin/../lib/gcc/arm-none-eabi/4.9.3/../../../../arm-none-eabi/lib/armv6-m\libm.a(lib_a-s_fabs.o)
 .debug_frame   0x00000630       0x20 c:/program files (x86)/atmel/studio/7.0/toolchain/arm/arm-gnu-toolchain/bin/../lib/gcc/arm-none-eabi/4.9.3/../../../../arm-none-eabi/lib/armv6-m\libm.a(lib_a-s_finite.o)
 .debug_frame   0x00000650       0x2c c:/program files (x86)/atmel/studio/7.0/toolchain/arm/arm-gnu-toolchain/bin/../lib/gcc/arm-none-eabi/4.9.3/../../../../arm-none-eabi/lib/armv6-m\libm.a(lib_a-s_fpclassify.o)
 .debug_frame   0x0000067c       0x20 c:/program files (x86)/atmel/studio/7.0/toolchain/arm/arm-gnu-toolchain/bin/../lib/gcc/arm-none-eabi/4.9.3/../../../../arm-none-eabi/lib/armv6-m\libm.a(lib_a-s_matherr.o)
 .debug_frame   0x0000069c       0x20 c:/program files (x86)/atmel/studio/7.0/toolchain/arm/arm-gnu-toolchain/bin/../lib/gcc/arm-none-eabi/4.9.3/../../../../arm-none-eabi/lib/armv6-m\libm.a(lib_a-s_nan.o)
 .debug_frame   0x000006bc       0x38 c:/program files (x86)/atmel/studio/7.0/toolchain/arm/arm-gnu-toolchain/bin/../lib/gcc/arm-none-eabi/4.9.3/../../../../arm-none-eabi/lib/armv6-m\libm.a(lib_a-s_rint.o)
 .debug_frame   0x000006f4       0x30 c:/program files (x86)/atmel/studio/7.0/toolchain/arm/arm-gnu-toolchain/bin/../lib/gcc/arm-none-eabi/4.9.3/../../../../arm-none-eabi/lib/armv6-m\libm.a(lib_a-s_scalbn.o)
 .debug_frame   0x00000724       0x2c c:/program files (x86)/atmel/studio/7.0/toolchain/arm/arm-gnu-toolchain/bin/../lib/gcc/arm-none-eabi/4.9.3/../../../../arm-none-eabi/lib/armv6-m\libm.a(lib_a-s_copysign.o)
 .debug_frame   0x00000750       0x34 c:/program files (x86)/atmel/studio/7.0/toolchain/arm/arm-gnu-toolchain/bin/../lib/gcc/arm-none-eabi/4.9.3/armv6-m\libgcc.a(_muldi3.o)
 .debug_frame   0x00000784       0x2c c:/program files (x86)/atmel/studio/7.0/toolchain/arm/arm-gnu-toolchain/bin/../lib/gcc/arm-none-eabi/4.9.3/armv6-m\libgcc.a(_fixunsdfsi.o)
 .debug_frame   0x000007b0       0x28 c:/program files (x86)/atmel/studio/7.0/toolchain/arm/arm-gnu-toolchain/bin/../lib/gcc/arm-none-eabi/4.9.3/armv6-m\libgcc.a(floatunsisf.o)
 .debug_frame   0x000007d8       0x38 c:/program files (x86)/atmel/studio/7.0/toolchain/arm/arm-gnu-toolchain/bin/../lib/gcc/arm-none-eabi/4.9.3/armv6-m\libgcc.a(adddf3.o)
 .debug_frame   0x00000810       0x3c c:/program files (x86)/atmel/studio/7.0/toolchain/arm/arm-gnu-toolchain/bin/../lib/gcc/arm-none-eabi/4.9.3/armv6-m\libgcc.a(divdf3.o)
 .debug_frame   0x0000084c       0x38 c:/program files (x86)/atmel/studio/7.0/toolchain/arm/arm-gnu-toolchain/bin/../lib/gcc/arm-none-eabi/4.9.3/armv6-m\libgcc.a(eqdf2.o)
 .debug_frame   0x00000884       0x38 c:/program files (x86)/atmel/studio/7.0/toolchain/arm/arm-gnu-toolchain/bin/../lib/gcc/arm-none-eabi/4.9.3/armv6-m\libgcc.a(gedf2.o)
 .debug_frame   0x000008bc       0x38 c:/program files (x86)/atmel/studio/7.0/toolchain/arm/arm-gnu-toolchain/bin/../lib/gcc/arm-none-eabi/4.9.3/armv6-m\libgcc.a(ledf2.o)
 .debug_frame   0x000008f4       0x3c c:/program files (x86)/atmel/studio/7.0/toolchain/arm/arm-gnu-toolchain/bin/../lib/gcc/arm-none-eabi/4.9.3/armv6-m\libgcc.a(muldf3.o)
 .debug_frame   0x00000930       0x3c c:/program files (x86)/atmel/studio/7.0/toolchain/arm/arm-gnu-toolchain/bin/../lib/gcc/arm-none-eabi/4.9.3/armv6-m\libgcc.a(subdf3.o)
 .debug_frame   0x0000096c       0x2c c:/program files (x86)/atmel/studio/7.0/toolchain/arm/arm-gnu-toolchain/bin/../lib/gcc/arm-none-eabi/4.9.3/armv6-m\libgcc.a(fixdfsi.o)
 .debug_frame   0x00000998       0x2c c:/program files (x86)/atmel/studio/7.0/toolchain/arm/arm-gnu-toolchain/bin/../lib/gcc/arm-none-eabi/4.9.3/armv6-m\libgcc.a(floatsidf.o)
 .debug_frame   0x000009c4       0x2c c:/program files (x86)/atmel/studio/7.0/toolchain/arm/arm-gnu-toolchain/bin/../lib/gcc/arm-none-eabi/4.9.3/armv6-m\libgcc.a(truncdfsf2.o)
 .debug_frame   0x000009f0       0x20 c:/program files (x86)/atmel/studio/7.0/toolchain/arm/arm-gnu-toolchain/bin/../lib/gcc/arm-none-eabi/4.9.3/armv6-m\libgcc.a(_udivsi3.o)
 .debug_frame   0x00000a10       0x20 c:/program files (x86)/atmel/studio/7.0/toolchain/arm/arm-gnu-toolchain/bin/../lib/gcc/arm-none-eabi/4.9.3/../../../../arm-none-eabi/lib/armv6-m\libc_nano.a(lib_a-errno.o)
 .debug_frame   0x00000a30       0x2c c:/program files (x86)/atmel/studio/7.0/toolchain/arm/arm-gnu-toolchain/bin/../lib/gcc/arm-none-eabi/4.9.3/../../../../arm-none-eabi/lib/armv6-m\libc_nano.a(lib_a-init.o)
