Archive member included because of file (symbol)

c:/program files (x86)/atmel/studio/7.0/toolchain/arm/arm-gnu-toolchain/bin/../lib/gcc/arm-none-eabi/4.9.3/../../../../arm-none-eabi/lib/armv6-m\libm.a(lib_a-w_pow.o)
                              MS5607.o (pow)
c:/program files (x86)/atmel/studio/7.0/toolchain/arm/arm-gnu-toolchain/bin/../lib/gcc/arm-none-eabi/4.9.3/../../../../arm-none-eabi/lib/armv6-m\libm.a(lib_a-e_pow.o)
                              c:/program files (x86)/atmel/studio/7.0/toolchain/arm/arm-gnu-toolchain/bin/../lib/gcc/arm-none-eabi/4.9.3/../../../../arm-none-eabi/lib/armv6-m\libm.a(lib_a-w_pow.o) (__ieee754_pow)
c:/program files (x86)/atmel/studio/7.0/toolchain/arm/arm-gnu-toolchain/bin/../lib/gcc/arm-none-eabi/4.9.3/../../../../arm-none-eabi/lib/armv6-m\libm.a(lib_a-e_sqrt.o)
                              c:/program files (x86)/atmel/studio/7.0/toolchain/arm/arm-gnu-toolchain/bin/../lib/gcc/arm-none-eabi/4.9.3/../../../../arm-none-eabi/lib/armv6-m\libm.a(lib_a-e_pow.o) (__ieee754_sqrt)
c:/program files (x86)/atmel/studio/7.0/toolchain/arm/arm-gnu-toolchain/bin/../lib/gcc/arm-none-eabi/4.9.3/../../../../arm-none-eabi/lib/armv6-m\libm.a(lib_a-s_fabs.o)
                              c:/program files (x86)/atmel/studio/7.0/toolchain/arm/arm-gnu-toolchain/bin/../lib/gcc/arm-none-eabi/4.9.3/../../../../arm-none-eabi/lib/armv6-m\libm.a(lib_a-e_pow.o) (fabs)
c:/program files (x86)/atmel/studio/7.0/toolchain/arm/arm-gnu-toolchain/bin/../lib/gcc/arm-none-eabi/4.9.3/../../../../arm-none-eabi/lib/armv6-m\libm.a(lib_a-s_finite.o)
                              c:/program files (x86)/atmel/studio/7.0/toolchain/arm/arm-gnu-toolchain/bin/../lib/gcc/arm-none-eabi/4.9.3/../../../../arm-none-eabi/lib/armv6-m\libm.a(lib_a-w_pow.o) (finite)
c:/program files (x86)/atmel/studio/7.0/toolchain/arm/arm-gnu-toolchain/bin/../lib/gcc/arm-none-eabi/4.9.3/../../../../arm-none-eabi/lib/armv6-m\libm.a(lib_a-s_fpclassify.o)
                              c:/program files (x86)/atmel/studio/7.0/toolchain/arm/arm-gnu-toolchain/bin/../lib/gcc/arm-none-eabi/4.9.3/../../../../arm-none-eabi/lib/armv6-m\libm.a(lib_a-w_pow.o) (__fpclassifyd)
c:/program files (x86)/atmel/studio/7.0/toolchain/arm/arm-gnu-toolchain/bin/../lib/gcc/arm-none-eabi/4.9.3/../../../../arm-none-eabi/lib/armv6-m\libm.a(lib_a-s_lib_ver.o)
                              c:/program files (x86)/atmel/studio/7.0/toolchain/arm/arm-gnu-toolchain/bin/../lib/gcc/arm-none-eabi/4.9.3/../../../../arm-none-eabi/lib/armv6-m\libm.a(lib_a-w_pow.o) (__fdlib_version)
c:/program files (x86)/atmel/studio/7.0/toolchain/arm/arm-gnu-toolchain/bin/../lib/gcc/arm-none-eabi/4.9.3/../../../../arm-none-eabi/lib/armv6-m\libm.a(lib_a-s_matherr.o)
                              c:/program files (x86)/atmel/studio/7.0/toolchain/arm/arm-gnu-toolchain/bin/../lib/gcc/arm-none-eabi/4.9.3/../../../../arm-none-eabi/lib/armv6-m\libm.a(lib_a-w_pow.o) (matherr)
c:/program files (x86)/atmel/studio/7.0/toolchain/arm/arm-gnu-toolchain/bin/../lib/gcc/arm-none-eabi/4.9.3/../../../../arm-none-eabi/lib/armv6-m\libm.a(lib_a-s_nan.o)
                              c:/program files (x86)/atmel/studio/7.0/toolchain/arm/arm-gnu-toolchain/bin/../lib/gcc/arm-none-eabi/4.9.3/../../../../arm-none-eabi/lib/armv6-m\libm.a(lib_a-e_pow.o) (nan)
c:/program files (x86)/atmel/studio/7.0/toolchain/arm/arm-gnu-toolchain/bin/../lib/gcc/arm-none-eabi/4.9.3/../../../../arm-none-eabi/lib/armv6-m\libm.a(lib_a-s_rint.o)
                              c:/program files (x86)/atmel/studio/7.0/toolchain/arm/arm-gnu-toolchain/bin/../lib/gcc/arm-none-eabi/4.9.3/../../../../arm-none-eabi/lib/armv6-m\libm.a(lib_a-w_pow.o) (rint)
c:/program files (x86)/atmel/studio/7.0/toolchain/arm/arm-gnu-toolchain/bin/../lib/gcc/arm-none-eabi/4.9.3/../../../../arm-none-eabi/lib/armv6-m\libm.a(lib_a-s_scalbn.o)
                              c:/program files (x86)/atmel/studio/7.0/toolchain/arm/arm-gnu-toolchain/bin/../lib/gcc/arm-none-eabi/4.9.3/../../../../arm-none-eabi/lib/armv6-m\libm.a(lib_a-e_pow.o) (scalbn)
c:/program files (x86)/atmel/studio/7.0/toolchain/arm/arm-gnu-toolchain/bin/../lib/gcc/arm-none-eabi/4.9.3/../../../../arm-none-eabi/lib/armv6-m\libm.a(lib_a-s_copysign.o)
                              c:/program files (x86)/atmel/studio/7.0/toolchain/arm/arm-gnu-toolchain/bin/../lib/gcc/arm-none-eabi/4.9.3/../../../../arm-none-eabi/lib/armv6-m\libm.a(lib_a-s_scalbn.o) (copysign)
c:/program files (x86)/atmel/studio/7.0/toolchain/arm/arm-gnu-toolchain/bin/../lib/gcc/arm-none-eabi/4.9.3/armv6-m\libgcc.a(_arm_cmpdf2.o)
                              c:/program files (x86)/atmel/studio/7.0/toolchain/arm/arm-gnu-toolchain/bin/../lib/gcc/arm-none-eabi/4.9.3/../../../../arm-none-eabi/lib/armv6-m\libm.a(lib_a-w_pow.o) (__aeabi_dcmpeq)
c:/program files (x86)/atmel/studio/7.0/toolchain/arm/arm-gnu-toolchain/bin/../lib/gcc/arm-none-eabi/4.9.3/armv6-m\libgcc.a(_muldi3.o)
                              MS5607.o (__aeabi_lmul)
[...]
Memory Configuration

Name             Origin             Length             Attributes
rom              0x00000000         0x00040000         xr
ram              0x20000000         0x00008000         xrw
*default*        0x00000000         0xffffffff

Linker script and memory map

LOAD c:/program files (x86)/atmel/studio/7.0/toolchain/arm/arm-gnu-toolchain/bin/../lib/gcc/arm-none-eabi/4.9.3/armv6-m/crti.o
LOAD c:/program files (x86)/atmel/studio/7.0/toolchain/arm/arm-gnu-toolchain/bin/../lib/gcc/arm-none-eabi/4.9.3/armv6-m/crtbegin.o
LOAD c:/program files (x86)/atmel/studio/7.0/toolchain/arm/arm-gnu-toolchain/bin/../lib/gcc/arm-none-eabi/4.9.3/../../../../arm-none-eabi/lib/armv6-m/crt0.o
LOAD ADXL345.o
LOAD MS5607.o
LOAD SaLBitBang.o
LOAD SaLBuzzer.o
LOAD SaLDelay.o
LOAD SaLPort.o
LOAD SaLUSART.o
LOAD Device_Startup/startup_samd21.o
LOAD Device_Startup/system_samd21.o
LOAD SaLAltimeter-1.0.o
START GROUP
LOAD c:/program files (x86)/atmel/studio/7.0/toolchain/arm/arm-gnu-toolchain/bin/../lib/gcc/arm-none-eabi/4.9.3/../../../../arm-none-eabi/lib/armv6-m\libm.a
END GROUP
START GROUP
LOAD c:/program files (x86)/atmel/studio/7.0/toolchain/arm/arm-gnu-toolchain/bin/../lib/gcc/arm-none-eabi/4.9.3/armv6-m\libgcc.a
LOAD c:/program files (x86)/atmel/studio/7.0/toolchain/arm/arm-gnu-toolchain/bin/../lib/gcc/arm-none-eabi/4.9.3/../../../../arm-none-eabi/lib/armv6-m\libc.a
END GROUP
LOAD c:/program files (x86)/atmel/studio/7.0/toolchain/arm/arm-gnu-toolchain/bin/../lib/gcc/arm-none-eabi/4.9.3/armv6-m/crtend.o
LOAD c:/program files (x86)/atmel/studio/7.0/toolchain/arm/arm-gnu-toolchain/bin/../lib/gcc/arm-none-eabi/4.9.3/armv6-m/crtn.o
                0x00002000                STACK_SIZE = DEFINED (STACK_SIZE)?STACK_SIZE:DEFINED (__stack_size__)?__stack_size__:0x2000

.text           0x00000000      0xc20
                0x00000000                . = ALIGN (0x4)
                0x00000000                _sfixed = .
 *(.vectors .vectors.*)
 .vectors       0x00000000       0xb4 Device_Startup/startup_samd21.o
                0x00000000                exception_table
 *(.text .text.* .gnu.linkonce.t.*)
 .text          0x000000b4       0x60 c:/program files (x86)/atmel/studio/7.0/toolchain/arm/arm-gnu-toolchain/bin/../lib/gcc/arm-none-eabi/4.9.3/armv6-m/crtbegin.o
 .text.getevents
                0x00000114       0x9c ADXL345.o
                0x00000114                getevents
 .text.currentX
                0x000001b0        0xc ADXL345.o
                0x000001b0                currentX
 .text.currentY
                0x000001bc        0xc ADXL345.o
                0x000001bc                currentY
 .text.currentZ
                0x000001c8        0xc ADXL345.o
                0x000001c8                currentZ
 .text.read_coeff
                0x000001d4       0x9c MS5607.o
                0x000001d4                read_coeff
 .text.byteOut  0x00000270       0xc4 SaLBitBang.o
                0x00000270                byteOut
 .text.getByte  0x00000334       0xb0 SaLBitBang.o
                0x00000334                getByte
 .text.getBits  0x000003e4       0xb8 SaLBitBang.o
                0x000003e4                getBits
 .text.SaLPlayTone
                0x0000049c       0x50 SaLBuzzer.o
                0x0000049c                SaLPlayTone
 .text.SaLDelayInit
                0x000004ec       0x20 SaLDelay.o
                0x000004ec                SaLDelayInit
 .text.delay_us
                0x0000050c       0x2c SaLDelay.o
                0x0000050c                delay_us
 .text.SaLPinMode
                0x00000538       0x58 SaLPort.o
                0x00000538                SaLPinMode
 .text.Dummy_Handler
                0x00000590        0x8 Device_Startup/startup_samd21.o
                0x00000590                DMAC_Handler
                0x00000590                HardFault_Handler
                0x00000590                AC_Handler
                0x00000590                SysTick_Handler
                0x00000590                PendSV_Handler
                0x00000590                NMI_Handler
                0x00000590                SERCOM1_Handler
                0x00000590                ADC_Handler
                0x00000590                TCC1_Handler
                0x00000590                SERCOM2_Handler
                0x00000590                TCC0_Handler
                0x00000590                RTC_Handler
                0x00000590                EIC_Handler
                0x00000590                WDT_Handler
                0x00000590                TC4_Handler
                0x00000590                USB_Handler
                0x00000590                TC3_Handler
                0x00000590                Dummy_Handler
                0x00000590                PM_Handler
                0x00000590                SERCOM5_Handler
                0x00000590                SVC_Handler
                0x00000590                TCC2_Handler
                0x00000590                EVSYS_Handler
                0x00000590                SERCOM3_Handler
                0x00000590                SERCOM4_Handler
                0x00000590                I2S_Handler
                0x00000590                NVMCTRL_Handler
                0x00000590                SERCOM0_Handler
                0x00000590                DAC_Handler
                0x00000590                PTC_Handler
                0x00000590                TC5_Handler
                0x00000590                SYSCTRL_Handler
 .text.Reset_Handler
                0x00000598       0xf8 Device_Startup/startup_samd21.o
                0x00000598                Reset_Handler
 .text.SystemInit
                0x00000690       0x10 Device_Startup/system_samd21.o
                0x00000690                SystemInit
 .text.ClockInit
                0x000006a0       0x88 SaLAltimeter-1.0.o
                0x000006a0                ClockInit
 .text.PinConfig
                0x00000728       0x34 SaLAltimeter-1.0.o
                0x00000728                PinConfig
 .text.baroModuleSetup
                0x0000075c       0x48 SaLAltimeter-1.0.o
                0x0000075c                baroModuleSetup
 .text.accelModuleSetup
                0x000007a4       0x48 SaLAltimeter-1.0.o
                0x000007a4                accelModuleSetup
 .text.GPSmoduleSetup
                0x000007ec       0x30 SaLAltimeter-1.0.o
                0x000007ec                GPSmoduleSetup
 .text.initAccelSensor
                0x0000081c       0xec SaLAltimeter-1.0.o
                0x0000081c                initAccelSensor
 .text.initBaroSensor
                0x00000908       0x68 SaLAltimeter-1.0.o
                0x00000908                initBaroSensor
 .text.main     0x00000970      0x10c SaLAltimeter-1.0.o
                0x00000970                main
 .text.__libc_init_array
                0x00000a7c       0x48 c:/program files (x86)/atmel/studio/7.0/toolchain/arm/arm-gnu-toolchain/bin/../lib/gcc/arm-none-eabi/4.9.3/../../../../arm-none-eabi/lib/armv6-m\libc.a(lib_a-init.o)
                0x00000a7c                __libc_init_array
 .text.startup.register_fini
                0x00000ac4       0x18 c:/program files (x86)/atmel/studio/7.0/toolchain/arm/arm-gnu-toolchain/bin/../lib/gcc/arm-none-eabi/4.9.3/../../../../arm-none-eabi/lib/armv6-m\libc.a(lib_a-__call_atexit.o)
 .text.atexit   0x00000adc       0x10 c:/program files (x86)/atmel/studio/7.0/toolchain/arm/arm-gnu-toolchain/bin/../lib/gcc/arm-none-eabi/4.9.3/../../../../arm-none-eabi/lib/armv6-m\libc.a(lib_a-atexit.o)
                0x00000adc                atexit
 .text.__libc_fini_array
                0x00000aec       0x34 c:/program files (x86)/atmel/studio/7.0/toolchain/arm/arm-gnu-toolchain/bin/../lib/gcc/arm-none-eabi/4.9.3/../../../../arm-none-eabi/lib/armv6-m\libc.a(lib_a-fini.o)
                0x00000aec                __libc_fini_array
 .text.__register_exitproc
                0x00000b20       0xd4 c:/program files (x86)/atmel/studio/7.0/toolchain/arm/arm-gnu-toolchain/bin/../lib/gcc/arm-none-eabi/4.9.3/../../../../arm-none-eabi/lib/armv6-m\libc.a(lib_a-__atexit.o)
                0x00000b20                __register_exitproc
 *(.glue_7t)
 .glue_7t       0x00000000        0x0 linker stubs
 *(.glue_7)
 .glue_7        0x00000000        0x0 linker stubs
 *(.rodata .rodata* .gnu.linkonce.r.*)
 .rodata.str1.4
                0x00000bf4        0x4 c:/program files (x86)/atmel/studio/7.0/toolchain/arm/arm-gnu-toolchain/bin/../lib/gcc/arm-none-eabi/4.9.3/../../../../arm-none-eabi/lib/armv6-m\libc.a(lib_a-impure.o)
                                  0x2 (size before relaxing)
 .rodata._global_impure_ptr
                0x00000bf8        0x4 c:/program files (x86)/atmel/studio/7.0/toolchain/arm/arm-gnu-toolchain/bin/../lib/gcc/arm-none-eabi/4.9.3/../../../../arm-none-eabi/lib/armv6-m\libc.a(lib_a-impure.o)
                0x00000bf8                _global_impure_ptr
 *(.ARM.extab* .gnu.linkonce.armextab.*)
                0x00000bfc                . = ALIGN (0x4)
 *(.init)
 .init          0x00000bfc        0x4 c:/program files (x86)/atmel/studio/7.0/toolchain/arm/arm-gnu-toolchain/bin/../lib/gcc/arm-none-eabi/4.9.3/armv6-m/crti.o
                0x00000bfc                _init
 .init          0x00000c00        0x8 c:/program files (x86)/atmel/studio/7.0/toolchain/arm/arm-gnu-toolchain/bin/../lib/gcc/arm-none-eabi/4.9.3/armv6-m/crtn.o
                0x00000c08                . = ALIGN (0x4)
                0x00000c08                __preinit_array_start = .
 *(.preinit_array)
                0x00000c08                __preinit_array_end = .
                0x00000c08                . = ALIGN (0x4)
                0x00000c08                __init_array_start = .
 *(SORT(.init_array.*))
 .init_array.00000
                0x00000c08        0x4 c:/program files (x86)/atmel/studio/7.0/toolchain/arm/arm-gnu-toolchain/bin/../lib/gcc/arm-none-eabi/4.9.3/../../../../arm-none-eabi/lib/armv6-m\libc.a(lib_a-__call_atexit.o)
 *(.init_array)
 .init_array    0x00000c0c        0x4 c:/program files (x86)/atmel/studio/7.0/toolchain/arm/arm-gnu-toolchain/bin/../lib/gcc/arm-none-eabi/4.9.3/armv6-m/crtbegin.o
                0x00000c10                __init_array_end = .
                0x00000c10                . = ALIGN (0x4)
 *crtbegin.o(.ctors)
 *(EXCLUDE_FILE(*crtend.o) .ctors)
 *(SORT(.ctors.*))
 *crtend.o(.ctors)
                0x00000c10                . = ALIGN (0x4)
 *(.fini)
 .fini          0x00000c10        0x4 c:/program files (x86)/atmel/studio/7.0/toolchain/arm/arm-gnu-toolchain/bin/../lib/gcc/arm-none-eabi/4.9.3/armv6-m/crti.o
                0x00000c10                _fini
 .fini          0x00000c14        0x8 c:/program files (x86)/atmel/studio/7.0/toolchain/arm/arm-gnu-toolchain/bin/../lib/gcc/arm-none-eabi/4.9.3/armv6-m/crtn.o
                0x00000c1c                . = ALIGN (0x4)
                0x00000c1c                __fini_array_start = .
 *(.fini_array)
 .fini_array    0x00000c1c        0x4 c:/program files (x86)/atmel/studio/7.0/toolchain/arm/arm-gnu-toolchain/bin/../lib/gcc/arm-none-eabi/4.9.3/armv6-m/crtbegin.o
 *(SORT(.fini_array.*))
                0x00000c20                __fini_array_end = .
 *crtbegin.o(.dtors)
 *(EXCLUDE_FILE(*crtend.o) .dtors)
 *(SORT(.dtors.*))
 *crtend.o(.dtors)
                0x00000c20                . = ALIGN (0x4)
                0x00000c20                _efixed = .
                0x00000c20                PROVIDE (__exidx_start, .)

.vfp11_veneer   0x00000c20        0x0
 .vfp11_veneer  0x00000000        0x0 linker stubs

.v4_bx          0x00000c20        0x0
 .v4_bx         0x00000000        0x0 linker stubs

.iplt           0x00000c20        0x0
 .iplt          0x00000000        0x0 c:/program files (x86)/atmel/studio/7.0/toolchain/arm/arm-gnu-toolchain/bin/../lib/gcc/arm-none-eabi/4.9.3/armv6-m/crtbegin.o

.eh_frame       0x00000c20        0x0
 .eh_frame      0x00000c20        0x0 c:/program files (x86)/atmel/studio/7.0/toolchain/arm/arm-gnu-toolchain/bin/../lib/gcc/arm-none-eabi/4.9.3/armv6-m/crtbegin.o

.rel.dyn        0x00000c20        0x0
 .rel.iplt      0x00000000        0x0 c:/program files (x86)/atmel/studio/7.0/toolchain/arm/arm-gnu-toolchain/bin/../lib/gcc/arm-none-eabi/4.9.3/armv6-m/crtbegin.o

.jcr            0x00000c20        0x0
 .jcr           0x00000c20        0x0 c:/program files (x86)/atmel/studio/7.0/toolchain/arm/arm-gnu-toolchain/bin/../lib/gcc/arm-none-eabi/4.9.3/armv6-m/crtbegin.o

.igot.plt       0x00000c20        0x0
 .igot.plt      0x00000000        0x0 c:/program files (x86)/atmel/studio/7.0/toolchain/arm/arm-gnu-toolchain/bin/../lib/gcc/arm-none-eabi/4.9.3/armv6-m/crtbegin.o

.ARM.exidx
 *(.ARM.exidx* .gnu.linkonce.armexidx.*)
                0x00000c20                PROVIDE (__exidx_end, .)
                0x00000c20                . = ALIGN (0x4)
                0x00000c20                _etext = .

.relocate       0x20000000      0x438 load address 0x00000c20
                0x20000000                . = ALIGN (0x4)
                0x20000000                _srelocate = .
 *(.ramfunc .ramfunc.*)
 *(.data .data.*)
 .data          0x20000000        0x8 SaLDelay.o
 .data          0x20000008        0x4 Device_Startup/system_samd21.o
                0x20000008                SystemCoreClock
 *fill*         0x2000000c        0x4 
 .data.impure_data
                0x20000010      0x428 c:/program files (x86)/atmel/studio/7.0/toolchain/arm/arm-gnu-toolchain/bin/../lib/gcc/arm-none-eabi/4.9.3/../../../../arm-none-eabi/lib/armv6-m\libc.a(lib_a-impure.o)
                0x20000438                . = ALIGN (0x4)
                0x20000438                _erelocate = .

.bss            0x20000438      0x28c load address 0x00001058
                0x20000438                . = ALIGN (0x4)
                0x20000438                _sbss = .
                0x20000438                _szero = .
 *(.bss .bss.*)
 .bss           0x20000438       0x1c c:/program files (x86)/atmel/studio/7.0/toolchain/arm/arm-gnu-toolchain/bin/../lib/gcc/arm-none-eabi/4.9.3/armv6-m/crtbegin.o
 .bss           0x20000454        0x4 SaLAltimeter-1.0.o
                0x20000454                counter
 *(COMMON)
 COMMON         0x20000458        0x6 ADXL345.o
                0x20000458                curaccelY
                0x2000045a                curaccelZ
                0x2000045c                curaccelX
 *fill*         0x2000045e        0x2 
 COMMON         0x20000460        0xc MS5607.o
                0x20000460                coefficients_
 COMMON         0x2000046c      0x258 SaLAltimeter-1.0.o
                0x2000046c                accelDataY
                0x20000534                accelDataZ
                0x200005fc                accelDataX
                0x200006c4                . = ALIGN (0x4)
                0x200006c4                _ebss = .
                0x200006c4                _ezero = .

.stack          0x200006c4     0x2004 load address 0x000012e4
                0x200006c8                . = ALIGN (0x8)
 *fill*         0x200006c4        0x4 
                0x200006c8                _sstack = .
                0x200026c8                . = (. + STACK_SIZE)
 *fill*         0x200006c8     0x2000 
                0x200026c8                . = ALIGN (0x8)
                0x200026c8                _estack = .
                0x200026c8                . = ALIGN (0x4)
                0x200026c8                _end = .
OUTPUT(SaLAltimeter-1.0.elf elf32-littlearm)

.ARM.attributes
                0x00000000       0x28
 .ARM.attributes
                0x00000000       0x1e c:/program files (x86)/atmel/studio/7.0/toolchain/arm/arm-gnu-toolchain/bin/../lib/gcc/arm-none-eabi/4.9.3/armv6-m/crti.o
 .ARM.attributes
                0x0000001e       0x2c c:/program files (x86)/atmel/studio/7.0/toolchain/arm/arm-gnu-toolchain/bin/../lib/gcc/arm-none-eabi/4.9.3/armv6-m/crtbegin.o
 .ARM.attributes
                0x0000004a       0x32 ADXL345.o
 .ARM.attributes
                0x0000007c       0x32 MS5607.o
 .ARM.attributes
                0x000000ae       0x32 SaLBitBang.o
 .ARM.attributes
                0x000000e0       0x32 SaLBuzzer.o
 .ARM.attributes
                0x00000112       0x32 SaLDelay.o
 .ARM.attributes
                0x00000144       0x32 SaLPort.o
 .ARM.attributes
                0x00000176       0x32 Device_Startup/startup_samd21.o
 .ARM.attributes
                0x000001a8       0x32 Device_Startup/system_samd21.o
 .ARM.attributes
                0x000001da       0x32 SaLAltimeter-1.0.o
 .ARM.attributes
                0x0000020c       0x2c c:/program files (x86)/atmel/studio/7.0/toolchain/arm/arm-gnu-toolchain/bin/../lib/gcc/arm-none-eabi/4.9.3/../../../../arm-none-eabi/lib/armv6-m\libc.a(lib_a-impure.o)
 .ARM.attributes
                0x00000238       0x2c c:/program files (x86)/atmel/studio/7.0/toolchain/arm/arm-gnu-toolchain/bin/../lib/gcc/arm-none-eabi/4.9.3/../../../../arm-none-eabi/lib/armv6-m\libc.a(lib_a-init.o)
 .ARM.attributes
                0x00000264       0x2c c:/program files (x86)/atmel/studio/7.0/toolchain/arm/arm-gnu-toolchain/bin/../lib/gcc/arm-none-eabi/4.9.3/../../../../arm-none-eabi/lib/armv6-m\libc.a(lib_a-__call_atexit.o)
 .ARM.attributes
                0x00000290       0x2c c:/program files (x86)/atmel/studio/7.0/toolchain/arm/arm-gnu-toolchain/bin/../lib/gcc/arm-none-eabi/4.9.3/../../../../arm-none-eabi/lib/armv6-m\libc.a(lib_a-atexit.o)
 .ARM.attributes
                0x000002bc       0x2c c:/program files (x86)/atmel/studio/7.0/toolchain/arm/arm-gnu-toolchain/bin/../lib/gcc/arm-none-eabi/4.9.3/../../../../arm-none-eabi/lib/armv6-m\libc.a(lib_a-fini.o)
 .ARM.attributes
                0x000002e8       0x2c c:/program files (x86)/atmel/studio/7.0/toolchain/arm/arm-gnu-toolchain/bin/../lib/gcc/arm-none-eabi/4.9.3/../../../../arm-none-eabi/lib/armv6-m\libc.a(lib_a-__atexit.o)
 .ARM.attributes
                0x00000314       0x1e c:/program files (x86)/atmel/studio/7.0/toolchain/arm/arm-gnu-toolchain/bin/../lib/gcc/arm-none-eabi/4.9.3/armv6-m/crtn.o

.comment        0x00000000       0x5b
 .comment       0x00000000       0x5b ADXL345.o
                                 0x5c (size before relaxing)
 .comment       0x00000000       0x5c MS5607.o
 .comment       0x00000000       0x5c SaLBitBang.o
 .comment       0x00000000       0x5c SaLBuzzer.o
 .comment       0x00000000       0x5c SaLDelay.o
 .comment       0x00000000       0x5c SaLPort.o
 .comment       0x00000000       0x5c Device_Startup/startup_samd21.o
 .comment       0x00000000       0x5c Device_Startup/system_samd21.o
 .comment       0x00000000       0x5c SaLAltimeter-1.0.o

.debug_info     0x00000000     0xa4ee
 .debug_info    0x00000000      0xbb6 ADXL345.o
 .debug_info    0x00000bb6      0xf3e MS5607.o
 .debug_info    0x00001af4     0x10f7 SaLBitBang.o
 .debug_info    0x00002beb      0x886 SaLBuzzer.o
 .debug_info    0x00003471      0x1ce SaLDelay.o
 .debug_info    0x0000363f      0x7cc SaLPort.o
 .debug_info    0x00003e0b     0x3ac6 Device_Startup/startup_samd21.o
 .debug_info    0x000078d1       0xcd Device_Startup/system_samd21.o
 .debug_info    0x0000799e     0x2b50 SaLAltimeter-1.0.o

.debug_abbrev   0x00000000     0x135c
 .debug_abbrev  0x00000000      0x29e ADXL345.o
 .debug_abbrev  0x0000029e      0x2fc MS5607.o
 .debug_abbrev  0x0000059a      0x2d6 SaLBitBang.o
 .debug_abbrev  0x00000870      0x213 SaLBuzzer.o
 .debug_abbrev  0x00000a83      0x108 SaLDelay.o
 .debug_abbrev  0x00000b8b      0x1cf SaLPort.o
 .debug_abbrev  0x00000d5a      0x263 Device_Startup/startup_samd21.o
 .debug_abbrev  0x00000fbd       0x65 Device_Startup/system_samd21.o
 .debug_abbrev  0x00001022      0x33a SaLAltimeter-1.0.o

.debug_loc      0x00000000     0x2000
 .debug_loc     0x00000000      0x2f7 ADXL345.o
 .debug_loc     0x000002f7      0x6f2 MS5607.o
 .debug_loc     0x000009e9      0xc3d SaLBitBang.o
 .debug_loc     0x00001626       0x78 SaLBuzzer.o
 .debug_loc     0x0000169e       0xc4 SaLDelay.o
 .debug_loc     0x00001762      0x1cd SaLPort.o
 .debug_loc     0x0000192f       0x20 Device_Startup/startup_samd21.o
 .debug_loc     0x0000194f      0x6b1 SaLAltimeter-1.0.o

.debug_aranges  0x00000000      0x1d8
 .debug_aranges
                0x00000000       0x40 ADXL345.o
 .debug_aranges
                0x00000040       0x40 MS5607.o
 .debug_aranges
                0x00000080       0x38 SaLBitBang.o
 .debug_aranges
                0x000000b8       0x20 SaLBuzzer.o
 .debug_aranges
                0x000000d8       0x30 SaLDelay.o
 .debug_aranges
                0x00000108       0x20 SaLPort.o
 .debug_aranges
                0x00000128       0x28 Device_Startup/startup_samd21.o
 .debug_aranges
                0x00000150       0x28 Device_Startup/system_samd21.o
 .debug_aranges
                0x00000178       0x60 SaLAltimeter-1.0.o

.debug_ranges   0x00000000      0x190
 .debug_ranges  0x00000000       0x30 ADXL345.o
 .debug_ranges  0x00000030       0x30 MS5607.o
 .debug_ranges  0x00000060       0x40 SaLBitBang.o
 .debug_ranges  0x000000a0       0x10 SaLBuzzer.o
 .debug_ranges  0x000000b0       0x50 SaLDelay.o
 .debug_ranges  0x00000100       0x10 SaLPort.o
 .debug_ranges  0x00000110       0x18 Device_Startup/startup_samd21.o
 .debug_ranges  0x00000128       0x18 Device_Startup/system_samd21.o
 .debug_ranges  0x00000140       0x50 SaLAltimeter-1.0.o

.debug_macro    0x00000000    0x1355d
 .debug_macro   0x00000000      0x434 ADXL345.o
 .debug_macro   0x00000434      0x832 ADXL345.o
 .debug_macro   0x00000c66      0x166 ADXL345.o
 .debug_macro   0x00000dcc       0x22 ADXL345.o
 .debug_macro   0x00000dee       0x44 ADXL345.o
 .debug_macro   0x00000e32       0x58 ADXL345.o
 .debug_macro   0x00000e8a       0x22 ADXL345.o
 .debug_macro   0x00000eac      0x1df ADXL345.o
 .debug_macro   0x0000108b       0x58 ADXL345.o
 .debug_macro   0x000010e3       0x35 ADXL345.o
 .debug_macro   0x00001118       0x9c ADXL345.o
 .debug_macro   0x000011b4       0x16 ADXL345.o
 .debug_macro   0x000011ca       0x35 ADXL345.o
 .debug_macro   0x000011ff      0x29d ADXL345.o
 .debug_macro   0x0000149c       0x10 ADXL345.o
 .debug_macro   0x000014ac       0x52 ADXL345.o
 .debug_macro   0x000014fe       0x16 ADXL345.o
 .debug_macro   0x00001514       0x43 ADXL345.o
 .debug_macro   0x00001557      0x180 ADXL345.o
 .debug_macro   0x000016d7       0x10 ADXL345.o
 .debug_macro   0x000016e7       0x22 ADXL345.o
 .debug_macro   0x00001709       0xbe ADXL345.o
 .debug_macro   0x000017c7       0x16 ADXL345.o
 .debug_macro   0x000017dd      0x197 ADXL345.o
 .debug_macro   0x00001974       0x16 ADXL345.o
 .debug_macro   0x0000198a       0x16 ADXL345.o
 .debug_macro   0x000019a0       0x29 ADXL345.o
 .debug_macro   0x000019c9       0x22 ADXL345.o
 .debug_macro   0x000019eb       0x40 ADXL345.o
 .debug_macro   0x00001a2b       0x3a ADXL345.o
 .debug_macro   0x00001a65       0x1f ADXL345.o
 .debug_macro   0x00001a84      0x250 ADXL345.o
 .debug_macro   0x00001cd4      0x682 ADXL345.o
 .debug_macro   0x00002356      0x8bf ADXL345.o
 .debug_macro   0x00002c15      0x235 ADXL345.o
 .debug_macro   0x00002e4a      0xd6a ADXL345.o
 .debug_macro   0x00003bb4      0x4ce ADXL345.o
 .debug_macro   0x00004082      0x9f8 ADXL345.o
 .debug_macro   0x00004a7a      0x82b ADXL345.o
 .debug_macro   0x000052a5      0x45f ADXL345.o
 .debug_macro   0x00005704       0x5e ADXL345.o
 .debug_macro   0x00005762      0x906 ADXL345.o
 .debug_macro   0x00006068      0x225 ADXL345.o
 .debug_macro   0x0000628d      0x797 ADXL345.o
 .debug_macro   0x00006a24       0x5e ADXL345.o
 .debug_macro   0x00006a82      0x634 ADXL345.o
 .debug_macro   0x000070b6      0x3b6 ADXL345.o
 .debug_macro   0x0000746c      0xc55 ADXL345.o
 .debug_macro   0x000080c1     0x1092 ADXL345.o
 .debug_macro   0x00009153      0xc4a ADXL345.o
 .debug_macro   0x00009d9d      0x6bf ADXL345.o
 .debug_macro   0x0000a45c     0x1b4b ADXL345.o
 .debug_macro   0x0000bfa7     0x144a ADXL345.o
 .debug_macro   0x0000d3f1      0x34e ADXL345.o
 .debug_macro   0x0000d73f       0x7c ADXL345.o
 .debug_macro   0x0000d7bb       0xa0 ADXL345.o
 .debug_macro   0x0000d85b       0x4c ADXL345.o
 .debug_macro   0x0000d8a7       0xca ADXL345.o
 .debug_macro   0x0000d971       0x94 ADXL345.o
 .debug_macro   0x0000da05       0x58 ADXL345.o
 .debug_macro   0x0000da5d      0x364 ADXL345.o
 .debug_macro   0x0000ddc1       0x82 ADXL345.o
 .debug_macro   0x0000de43      0x197 ADXL345.o
 .debug_macro   0x0000dfda       0xb8 ADXL345.o
 .debug_macro   0x0000e092       0xa0 ADXL345.o
 .debug_macro   0x0000e132       0xb2 ADXL345.o
 .debug_macro   0x0000e1e4       0x1c ADXL345.o
 .debug_macro   0x0000e200       0x1c ADXL345.o
 .debug_macro   0x0000e21c       0x1c ADXL345.o
 .debug_macro   0x0000e238       0x7c ADXL345.o
 .debug_macro   0x0000e2b4      0x161 ADXL345.o
 .debug_macro   0x0000e415       0xdc ADXL345.o
 .debug_macro   0x0000e4f1      0x12f ADXL345.o
 .debug_macro   0x0000e620      0x12f ADXL345.o
 .debug_macro   0x0000e74f      0x12f ADXL345.o
 .debug_macro   0x0000e87e      0x12f ADXL345.o
 .debug_macro   0x0000e9ad      0x12f ADXL345.o
 .debug_macro   0x0000eadc      0x12f ADXL345.o
 .debug_macro   0x0000ec0b      0x11e ADXL345.o
 .debug_macro   0x0000ed29       0xe2 ADXL345.o
 .debug_macro   0x0000ee0b       0xe2 ADXL345.o
 .debug_macro   0x0000eeed       0xe2 ADXL345.o
 .debug_macro   0x0000efcf      0x12c ADXL345.o
 .debug_macro   0x0000f0fb      0x100 ADXL345.o
 .debug_macro   0x0000f1fb       0xf4 ADXL345.o
 .debug_macro   0x0000f2ef      0x40f ADXL345.o
 .debug_macro   0x0000f6fe       0x40 ADXL345.o
 .debug_macro   0x0000f73e      0x361 ADXL345.o
 .debug_macro   0x0000fa9f     0x16ea ADXL345.o
 .debug_macro   0x00011189       0x6d ADXL345.o
 .debug_macro   0x000111f6       0x1c ADXL345.o
 .debug_macro   0x00011212       0x16 ADXL345.o
 .debug_macro   0x00011228       0x10 ADXL345.o
 .debug_macro   0x00011238       0xbe ADXL345.o
 .debug_macro   0x000112f6      0x441 MS5607.o
 .debug_macro   0x00011737       0x4c MS5607.o
 .debug_macro   0x00011783      0x1e1 MS5607.o
 .debug_macro   0x00011964      0x429 SaLBitBang.o
 .debug_macro   0x00011d8d      0x429 SaLBuzzer.o
 .debug_macro   0x000121b6      0x429 SaLDelay.o
 .debug_macro   0x000125df      0x429 SaLPort.o
 .debug_macro   0x00012a08      0x2d6 Device_Startup/startup_samd21.o
 .debug_macro   0x00012cde       0x3a Device_Startup/startup_samd21.o
 .debug_macro   0x00012d18      0x2dc Device_Startup/system_samd21.o
 .debug_macro   0x00012ff4      0x4a5 SaLAltimeter-1.0.o
 .debug_macro   0x00013499       0xc4 SaLAltimeter-1.0.o

.debug_line     0x00000000     0x4961
 .debug_line    0x00000000      0x869 ADXL345.o
 .debug_line    0x00000869      0x8c6 MS5607.o
 .debug_line    0x0000112f      0x94b SaLBitBang.o
 .debug_line    0x00001a7a      0x7df SaLBuzzer.o
 .debug_line    0x00002259      0x812 SaLDelay.o
 .debug_line    0x00002a6b      0x7d5 SaLPort.o
 .debug_line    0x00003240      0x6d3 Device_Startup/startup_samd21.o
 .debug_line    0x00003913      0x6ad Device_Startup/system_samd21.o
 .debug_line    0x00003fc0      0x9a1 SaLAltimeter-1.0.o

.debug_str      0x00000000    0x6dec9
 .debug_str     0x00000000    0x6b9e4 ADXL345.o
                              0x6bd9f (size before relaxing)
 .debug_str     0x0006b9e4      0xbe4 MS5607.o
                              0x6c564 (size before relaxing)
 .debug_str     0x0006c5c8       0x60 SaLBitBang.o
                              0x6b9b4 (size before relaxing)
 .debug_str     0x0006c628       0x47 SaLBuzzer.o
                              0x6b976 (size before relaxing)
 .debug_str     0x0006c66f       0x7e SaLDelay.o
                              0x6b797 (size before relaxing)
 .debug_str     0x0006c6ed       0x28 SaLPort.o
                              0x6b91f (size before relaxing)
 .debug_str     0x0006c715     0x1094 Device_Startup/startup_samd21.o
                              0x6968a (size before relaxing)
 .debug_str     0x0006d7a9       0x6c Device_Startup/system_samd21.o
                              0x6852a (size before relaxing)
 .debug_str     0x0006d815      0x6b4 SaLAltimeter-1.0.o
                              0x6c64a (size before relaxing)

.debug_frame    0x00000000      0x508
 .debug_frame   0x00000000       0x7c ADXL345.o
 .debug_frame   0x0000007c       0xb8 MS5607.o
 .debug_frame   0x00000134       0xa8 SaLBitBang.o
 .debug_frame   0x000001dc       0x38 SaLBuzzer.o
 .debug_frame   0x00000214       0x58 SaLDelay.o
 .debug_frame   0x0000026c       0x28 SaLPort.o
 .debug_frame   0x00000294       0x3c Device_Startup/startup_samd21.o
 .debug_frame   0x000002d0       0x30 Device_Startup/system_samd21.o
 .debug_frame   0x00000300       0xf8 SaLAltimeter-1.0.o
 .debug_frame   0x000003f8       0x2c c:/program files (x86)/atmel/studio/7.0/toolchain/arm/arm-gnu-toolchain/bin/../lib/gcc/arm-none-eabi/4.9.3/../../../../arm-none-eabi/lib/armv6-m\libc.a(lib_a-init.o)
 .debug_frame   0x00000424       0x54 c:/program files (x86)/atmel/studio/7.0/toolchain/arm/arm-gnu-toolchain/bin/../lib/gcc/arm-none-eabi/4.9.3/../../../../arm-none-eabi/lib/armv6-m\libc.a(lib_a-__call_atexit.o)
 .debug_frame   0x00000478       0x28 c:/program files (x86)/atmel/studio/7.0/toolchain/arm/arm-gnu-toolchain/bin/../lib/gcc/arm-none-eabi/4.9.3/../../../../arm-none-eabi/lib/armv6-m\libc.a(lib_a-atexit.o)
 .debug_frame   0x000004a0       0x2c c:/program files (x86)/atmel/studio/7.0/toolchain/arm/arm-gnu-toolchain/bin/../lib/gcc/arm-none-eabi/4.9.3/../../../../arm-none-eabi/lib/armv6-m\libc.a(lib_a-fini.o)
 .debug_frame   0x000004cc       0x3c c:/program files (x86)/atmel/studio/7.0/toolchain/arm/arm-gnu-toolchain/bin/../lib/gcc/arm-none-eabi/4.9.3/../../../../arm-none-eabi/lib/armv6-m\libc.a(lib_a-__atexit.o)
